Archive member included to satisfy reference by file (symbol)

app/libapp.a(ble_led.c.obj)   (--whole-archive)
app/libapp.a(main.c.obj)      (--whole-archive)
zephyr/libzephyr.a(cbprintf.c.obj)
                              (--whole-archive)
zephyr/libzephyr.a(cbprintf_packaged.c.obj)
                              (--whole-archive)
zephyr/libzephyr.a(crc32c_sw.c.obj)
                              (--whole-archive)
zephyr/libzephyr.a(crc32_sw.c.obj)
                              (--whole-archive)
zephyr/libzephyr.a(crc16_sw.c.obj)
                              (--whole-archive)
zephyr/libzephyr.a(crc8_sw.c.obj)
                              (--whole-archive)
zephyr/libzephyr.a(crc7_sw.c.obj)
                              (--whole-archive)
zephyr/libzephyr.a(dec.c.obj)
                              (--whole-archive)
zephyr/libzephyr.a(fdtable.c.obj)
                              (--whole-archive)
zephyr/libzephyr.a(hex.c.obj)
                              (--whole-archive)
zephyr/libzephyr.a(notify.c.obj)
                              (--whole-archive)
zephyr/libzephyr.a(printk.c.obj)
                              (--whole-archive)
zephyr/libzephyr.a(onoff.c.obj)
                              (--whole-archive)
zephyr/libzephyr.a(rb.c.obj)  (--whole-archive)
zephyr/libzephyr.a(sem.c.obj)
                              (--whole-archive)
zephyr/libzephyr.a(thread_entry.c.obj)
                              (--whole-archive)
zephyr/libzephyr.a(timeutil.c.obj)
                              (--whole-archive)
zephyr/libzephyr.a(heap.c.obj)
                              (--whole-archive)
zephyr/libzephyr.a(heap-validate.c.obj)
                              (--whole-archive)
zephyr/libzephyr.a(bitarray.c.obj)
                              (--whole-archive)
zephyr/libzephyr.a(cbprintf_complete.c.obj)
                              (--whole-archive)
zephyr/libzephyr.a(mpsc_pbuf.c.obj)
                              (--whole-archive)
zephyr/libzephyr.a(configs.c.obj)
                              (--whole-archive)
zephyr/libzephyr.a(validate_base_addresses.c.obj)
                              (--whole-archive)
zephyr/libzephyr.a(validate_enabled_instances.c.obj)
                              (--whole-archive)
zephyr/libzephyr.a(log_list.c.obj)
                              (--whole-archive)
zephyr/libzephyr.a(log_core.c.obj)
                              (--whole-archive)
zephyr/libzephyr.a(log_msg.c.obj)
                              (--whole-archive)
zephyr/libzephyr.a(log_output.c.obj)
                              (--whole-archive)
zephyr/libzephyr.a(dis.c.obj)
                              (--whole-archive)
zephyr/libzephyr.a(bas.c.obj)
                              (--whole-archive)
zephyr/libzephyr.a(addr_utils.c.obj)
                              (--whole-archive)
zephyr/libzephyr.a(power.c.obj)
                              (--whole-archive)
zephyr/libzephyr.a(pm_ctrl.c.obj)
                              (--whole-archive)
zephyr/libzephyr.a(policy_residency.c.obj)
                              (--whole-archive)
zephyr/libzephyr.a(clock_control_nrf.c.obj)
                              (--whole-archive)
zephyr/libzephyr.a(sys_clock_init.c.obj)
                              (--whole-archive)
zephyr/libzephyr.a(nrf_rtc_timer.c.obj)
                              (--whole-archive)
zephyr/libzephyr.a(utils.c.obj)
                              (--whole-archive)
zephyr/libzephyr.a(aes_decrypt.c.obj)
                              (--whole-archive)
zephyr/libzephyr.a(aes_encrypt.c.obj)
                              (--whole-archive)
zephyr/libzephyr.a(cmac_mode.c.obj)
                              (--whole-archive)
zephyr/arch/common/libarch__common.a(sw_isr_common.c.obj)
                              (--whole-archive)
zephyr/arch/arch/arm/core/aarch32/libarch__arm__core__aarch32.a(swap.c.obj)
                              (--whole-archive)
zephyr/arch/arch/arm/core/aarch32/libarch__arm__core__aarch32.a(swap_helper.S.obj)
                              (--whole-archive)
zephyr/arch/arch/arm/core/aarch32/libarch__arm__core__aarch32.a(irq_manage.c.obj)
                              (--whole-archive)
zephyr/arch/arch/arm/core/aarch32/libarch__arm__core__aarch32.a(thread.c.obj)
                              (--whole-archive)
zephyr/arch/arch/arm/core/aarch32/libarch__arm__core__aarch32.a(cpu_idle.S.obj)
                              (--whole-archive)
zephyr/arch/arch/arm/core/aarch32/libarch__arm__core__aarch32.a(fatal.c.obj)
                              (--whole-archive)
zephyr/arch/arch/arm/core/aarch32/libarch__arm__core__aarch32.a(nmi.c.obj)
                              (--whole-archive)
zephyr/arch/arch/arm/core/aarch32/libarch__arm__core__aarch32.a(nmi_on_reset.S.obj)
                              (--whole-archive)
zephyr/arch/arch/arm/core/aarch32/libarch__arm__core__aarch32.a(prep_c.c.obj)
                              (--whole-archive)
zephyr/arch/arch/arm/core/aarch32/libarch__arm__core__aarch32.a(isr_wrapper.S.obj)
[...]
Memory Configuration

Name             Origin             Length             Attributes
FLASH            0x0000000000010000 0x00000000000f0000 xr
SRAM             0x0000000020000000 0x0000000000040000 xw
IDT_LIST         0x0000000020040000 0x0000000000000800 xw
*default*        0x0000000000000000 0xffffffffffffffff

Linker script and memory map

LOAD zephyr/CMakeFiles/zephyr_prebuilt.dir/misc/empty_file.c.obj
                0x0000000000000020                _region_min_align = 0x20

.rel.plt        0x0000000000010000        0x0
 *(SORT_BY_ALIGNMENT(.rel.plt))
                [!provide]                        PROVIDE (__rel_iplt_start = .)
 *(SORT_BY_ALIGNMENT(.rel.iplt))
 .rel.iplt      0x0000000000010000        0x0 app/libapp.a(ble_led.c.obj)
                [!provide]                        PROVIDE (__rel_iplt_end = .)

.rela.plt       0x0000000000000000        0x0
 *(SORT_BY_ALIGNMENT(.rela.plt))
                [!provide]                        PROVIDE (__rela_iplt_start = .)
 *(SORT_BY_ALIGNMENT(.rela.iplt))
                [!provide]                        PROVIDE (__rela_iplt_end = .)

.rel.dyn
 *(SORT_BY_ALIGNMENT(.rel.*))

.rela.dyn
 *(SORT_BY_ALIGNMENT(.rela.*))

/DISCARD/
 *(SORT_BY_ALIGNMENT(.plt))
 *(SORT_BY_ALIGNMENT(.iplt))
 *(SORT_BY_ALIGNMENT(.got.plt))
 *(SORT_BY_ALIGNMENT(.igot.plt))
 *(SORT_BY_ALIGNMENT(.got))
 *(SORT_BY_ALIGNMENT(.igot))
 *(SORT_BY_ALIGNMENT(.note.GNU-stack))
                0x0000000000010000                _image_rom_start = 0x10000

rom_start       0x0000000000010000      0x100
                0x0000000000000000                . = 0x0
                0x0000000000000000                . = ALIGN (0x4)
                0x0000000000000000                . = ALIGN (0x80)
                0x0000000000000000                . = ALIGN (0x100)
                0x0000000000010000                _vector_start = .
 *(SORT_BY_ALIGNMENT(.exc_vector_table))
 *(SORT_BY_ALIGNMENT(.exc_vector_table.*))
 .exc_vector_table._vector_table_section
                0x0000000000010000       0x40 zephyr/arch/arch/arm/core/aarch32/cortex_m/libarch__arm__core__aarch32__cortex_m.a(vector_table.S.obj)
                0x0000000000010000                _vector_table
 *(SORT_BY_ALIGNMENT(.gnu.linkonce.irq_vector_table*))
 .gnu.linkonce.irq_vector_table
                0x0000000000010040       0xc0 zephyr/arch/common/libisr_tables.a(isr_tables.c.obj)
                0x0000000000010040                _irq_vector_table
 *(SORT_BY_ALIGNMENT(.vectors))
                0x0000000000010100                _vector_end = .

text            0x0000000000010100    0x1af12
                0x0000000000010100                _image_text_start = .
 *(SORT_BY_ALIGNMENT(.text))
 .text          0x0000000000010100       0x30 /Applications/ARM/bin/../lib/gcc/arm-none-eabi/10.2.1/thumb/v7e-m/nofp/libgcc.a(_aeabi_uldivmod.o)
                0x0000000000010100                __aeabi_uldivmod
 .text          0x0000000000010130      0x2d0 /Applications/ARM/bin/../lib/gcc/arm-none-eabi/10.2.1/thumb/v7e-m/nofp/libgcc.a(_udivmoddi4.o)
                0x0000000000010130                __udivmoddi4
 .text          0x0000000000010400        0x4 /Applications/ARM/bin/../lib/gcc/arm-none-eabi/10.2.1/thumb/v7e-m/nofp/libgcc.a(_dvmd_tls.o)
                0x0000000000010400                __aeabi_ldiv0
                0x0000000000010400                __aeabi_idiv0
 *(SORT_BY_ALIGNMENT(.text.*))
 *fill*         0x0000000000010404        0x4 
 .text.ull_drift_ticks_get
                0x0000000000010408       0x8c zephyr/subsys/bluetooth/controller/libsubsys__bluetooth__controller.a(ull.c.obj)
                0x0000000000010408                ull_drift_ticks_get
 *fill*         0x0000000000010494        0x4 
 .text.ll_adv_enable
                0x0000000000010498      0x4c0 zephyr/subsys/bluetooth/controller/libsubsys__bluetooth__controller.a(ull_adv.c.obj)
                0x0000000000010498                ll_adv_enable
 .text.event_conn_upd_prep
                0x0000000000010958      0x560 zephyr/subsys/bluetooth/controller/libsubsys__bluetooth__controller.a(ull_conn.c.obj)
 .text.ull_slave_setup
                0x0000000000010eb8      0x448 zephyr/subsys/bluetooth/controller/libsubsys__bluetooth__controller.a(ull_slave.c.obj)
                0x0000000000010eb8                ull_slave_setup
 .text.config_leds
                0x0000000000011300       0x64 app/libapp.a(ble_led.c.obj)
                0x0000000000011300                config_leds
 .text.set_led  0x0000000000011364       0x3c app/libapp.a(ble_led.c.obj)
                0x0000000000011364                set_led
 .text.disconnected
                0x00000000000113a0       0x20 app/libapp.a(main.c.obj)
 .text.connected
                0x00000000000113c0       0x30 app/libapp.a(main.c.obj)
 .text.main     0x00000000000113f0       0xac app/libapp.a(main.c.obj)
                0x00000000000113f0                main
 .text.char_out
                0x000000000001149c       0x10 zephyr/libzephyr.a(printk.c.obj)
 .text.vprintk  0x00000000000114ac       0x1c zephyr/libzephyr.a(printk.c.obj)
                0x00000000000114ac                vprintk
 .text.vsnprintk
                0x00000000000114c8       0x28 zephyr/libzephyr.a(printk.c.obj)
                0x00000000000114c8                vsnprintk
 .text.process_event
                0x00000000000114f0      0x1c0 zephyr/libzephyr.a(onoff.c.obj)
 .text.cbvprintf
                0x00000000000116b0      0x784 zephyr/libzephyr.a(cbprintf_complete.c.obj)
                0x00000000000116b0                cbvprintf
 .text.enable_logger
                0x0000000000011e34       0x5c zephyr/libzephyr.a(log_core.c.obj)
 .text.log_process_thread_timer_expiry_fn
                0x0000000000011e90        0xc zephyr/libzephyr.a(log_core.c.obj)
 .text.log_core_init
                0x0000000000011e9c       0x48 zephyr/libzephyr.a(log_core.c.obj)
                0x0000000000011e9c                log_core_init
 .text.get_msg  0x0000000000011ee4       0x28 zephyr/libzephyr.a(log_core.c.obj)
                0x0000000000011ee4                get_msg
 .text.z_log_dropped
                0x0000000000011f0c       0x20 zephyr/libzephyr.a(log_core.c.obj)
                0x0000000000011f0c                z_log_dropped
 .text.z_log_dropped_read_and_clear
                0x0000000000011f2c       0x20 zephyr/libzephyr.a(log_core.c.obj)
                0x0000000000011f2c                z_log_dropped_read_and_clear
 .text.dropped_notify
                0x0000000000011f4c       0x38 zephyr/libzephyr.a(log_core.c.obj)
                0x0000000000011f4c                dropped_notify
 .text.log_backend_enable
                0x0000000000011f84       0x34 zephyr/libzephyr.a(log_core.c.obj)
                0x0000000000011f84                log_backend_enable
 .text.log_init
                0x0000000000011fb8       0x58 zephyr/libzephyr.a(log_core.c.obj)
                0x0000000000011fb8                log_init
 .text.z_log_strdup
                0x0000000000012010       0x6c zephyr/libzephyr.a(log_core.c.obj)
                0x0000000000012010                z_log_strdup
 .text.log_is_strdup
                0x000000000001207c       0x20 zephyr/libzephyr.a(log_core.c.obj)
                0x000000000001207c                log_is_strdup
 .text.z_impl_log_process
                0x000000000001209c      0x15c zephyr/libzephyr.a(log_core.c.obj)
                0x000000000001209c                z_impl_log_process
 .text.log_process_thread_func
                0x00000000000121f8       0x48 zephyr/libzephyr.a(log_core.c.obj)
 .text.msg_finalize
                0x0000000000012240       0xc4 zephyr/libzephyr.a(log_core.c.obj)
 .text.z_impl_log_panic
                0x0000000000012304       0x48 zephyr/libzephyr.a(log_core.c.obj)
                0x0000000000012304                z_impl_log_panic
 .text.log_free
                0x000000000001234c       0x34 zephyr/libzephyr.a(log_core.c.obj)
                0x000000000001234c                log_free
 .text.log_msg_pool_init
                0x0000000000012380       0x14 zephyr/libzephyr.a(log_msg.c.obj)
                0x0000000000012380                log_msg_pool_init
 .text.log_msg_no_space_handle
                0x0000000000012394       0x30 zephyr/libzephyr.a(log_msg.c.obj)
                0x0000000000012394                log_msg_no_space_handle
 .text.log_msg_chunk_alloc
                0x00000000000123c4       0x28 zephyr/libzephyr.a(log_msg.c.obj)
                0x00000000000123c4                log_msg_chunk_alloc
 .text.msg_free
                0x00000000000123ec       0x7c zephyr/libzephyr.a(log_msg.c.obj)
 .text.log_output_timestamp_freq_set
                0x0000000000012468       0x30 zephyr/libzephyr.a(log_output.c.obj)
                0x0000000000012468                log_output_timestamp_freq_set
 .text.blvl_ccc_cfg_changed
                0x0000000000012498       0x34 zephyr/libzephyr.a(bas.c.obj)
 .text.read_blvl
                0x00000000000124cc       0x28 zephyr/libzephyr.a(bas.c.obj)
 .text.bt_bas_get_battery_level
                0x00000000000124f4        0xc zephyr/libzephyr.a(bas.c.obj)
                0x00000000000124f4                bt_bas_get_battery_level
 .text.bt_bas_set_battery_level
                0x0000000000012500       0x50 zephyr/libzephyr.a(bas.c.obj)
                0x0000000000012500                bt_bas_set_battery_level
 .text.pm_state_notify
                0x0000000000012550       0x44 zephyr/libzephyr.a(power.c.obj)
 .text.pm_system_resume
                0x0000000000012594       0x2c zephyr/libzephyr.a(power.c.obj)
                0x0000000000012594                pm_system_resume
 .text.pm_system_suspend
                0x00000000000125c0       0x78 zephyr/libzephyr.a(power.c.obj)
                0x00000000000125c0                pm_system_suspend
 .text.onoff_stop
                0x0000000000012638       0x30 zephyr/libzephyr.a(clock_control_nrf.c.obj)
 .text.onoff_start
                0x0000000000012668       0x44 zephyr/libzephyr.a(clock_control_nrf.c.obj)
 .text.clk_init
                0x00000000000126ac       0x60 zephyr/libzephyr.a(clock_control_nrf.c.obj)
 .text.clkstarted_handle.constprop.0
                0x000000000001270c       0x34 zephyr/libzephyr.a(clock_control_nrf.c.obj)
 .text.clock_event_handler
                0x0000000000012740       0x1c zephyr/libzephyr.a(clock_control_nrf.c.obj)
 .text.generic_hfclk_start
                0x000000000001275c       0x64 zephyr/libzephyr.a(clock_control_nrf.c.obj)
 .text.api_blocking_start
                0x00000000000127c0       0x3c zephyr/libzephyr.a(clock_control_nrf.c.obj)
 .text.generic_hfclk_stop
                0x00000000000127fc       0x2c zephyr/libzephyr.a(clock_control_nrf.c.obj)
 .text.z_nrf_clock_control_get_onoff
                0x0000000000012828       0x10 zephyr/libzephyr.a(clock_control_nrf.c.obj)
                0x0000000000012828                z_nrf_clock_control_get_onoff
 .text.z_nrf_clock_bt_ctlr_hf_request
                0x0000000000012838       0x2c zephyr/libzephyr.a(clock_control_nrf.c.obj)
                0x0000000000012838                z_nrf_clock_bt_ctlr_hf_request
 .text.z_nrf_clock_bt_ctlr_hf_release
                0x0000000000012864       0x2c zephyr/libzephyr.a(clock_control_nrf.c.obj)
                0x0000000000012864                z_nrf_clock_bt_ctlr_hf_release
 .text.z_nrf_clock_control_lf_on
                0x0000000000012890      0x100 zephyr/libzephyr.a(clock_control_nrf.c.obj)
                0x0000000000012890                z_nrf_clock_control_lf_on
 .text.sys_clock_timeout_handler
                0x0000000000012990       0x18 zephyr/libzephyr.a(nrf_rtc_timer.c.obj)
 .text.set_absolute_alarm
                0x00000000000129a8       0x94 zephyr/libzephyr.a(nrf_rtc_timer.c.obj)
 .text.rtc_nrf_isr
                0x0000000000012a3c       0x50 zephyr/libzephyr.a(nrf_rtc_timer.c.obj)
                0x0000000000012a3c                rtc_nrf_isr
 .text.sys_clock_driver_init
                0x0000000000012a8c       0x4c zephyr/libzephyr.a(nrf_rtc_timer.c.obj)
                0x0000000000012a8c                sys_clock_driver_init
 .text.sys_clock_set_timeout
                0x0000000000012ad8       0x64 zephyr/libzephyr.a(nrf_rtc_timer.c.obj)
                0x0000000000012ad8                sys_clock_set_timeout
 .text.sys_clock_elapsed
                0x0000000000012b3c       0x1c zephyr/libzephyr.a(nrf_rtc_timer.c.obj)
                0x0000000000012b3c                sys_clock_elapsed
 .text.sys_clock_cycle_get_32
                0x0000000000012b58       0x34 zephyr/libzephyr.a(nrf_rtc_timer.c.obj)
                0x0000000000012b58                sys_clock_cycle_get_32
 .text.sub_bytes
                0x0000000000012b8c       0x18 zephyr/libzephyr.a(aes_encrypt.c.obj)
 .text.tc_aes128_set_encrypt_key
                0x0000000000012ba4       0xa4 zephyr/libzephyr.a(aes_encrypt.c.obj)
                0x0000000000012ba4                tc_aes128_set_encrypt_key
 .text.arch_swap
                0x0000000000012c48       0x34 zephyr/arch/arch/arm/core/aarch32/libarch__arm__core__aarch32.a(swap.c.obj)
                0x0000000000012c48                arch_swap
 .text.z_arm_pendsv
                0x0000000000012c7c       0x54 zephyr/arch/arch/arm/core/aarch32/libarch__arm__core__aarch32.a(swap_helper.S.obj)
                0x0000000000012c7c                z_arm_pendsv
 .text.z_arm_svc
                0x0000000000012cd0       0x20 zephyr/arch/arch/arm/core/aarch32/libarch__arm__core__aarch32.a(swap_helper.S.obj)
                0x0000000000012cd0                z_arm_svc
 .text.arch_irq_enable
                0x0000000000012cf0       0x20 zephyr/arch/arch/arm/core/aarch32/libarch__arm__core__aarch32.a(irq_manage.c.obj)
                0x0000000000012cf0                arch_irq_enable
 .text.arch_irq_disable
                0x0000000000012d10       0x28 zephyr/arch/arch/arm/core/aarch32/libarch__arm__core__aarch32.a(irq_manage.c.obj)
                0x0000000000012d10                arch_irq_disable
 .text.arch_irq_is_enabled
                0x0000000000012d38       0x1c zephyr/arch/arch/arm/core/aarch32/libarch__arm__core__aarch32.a(irq_manage.c.obj)
                0x0000000000012d38                arch_irq_is_enabled
 .text.z_arm_irq_priority_set
                0x0000000000012d54       0x30 zephyr/arch/arch/arm/core/aarch32/libarch__arm__core__aarch32.a(irq_manage.c.obj)
                0x0000000000012d54                z_arm_irq_priority_set
 .text._arch_isr_direct_pm
                0x0000000000012d84       0x1c zephyr/arch/arch/arm/core/aarch32/libarch__arm__core__aarch32.a(irq_manage.c.obj)
                0x0000000000012d84                _arch_isr_direct_pm
 .text.arch_new_thread
                0x0000000000012da0       0x38 zephyr/arch/arch/arm/core/aarch32/libarch__arm__core__aarch32.a(thread.c.obj)
                0x0000000000012da0                arch_new_thread
 .text.z_check_thread_stack_fail
                0x0000000000012dd8       0x2c zephyr/arch/arch/arm/core/aarch32/libarch__arm__core__aarch32.a(thread.c.obj)
                0x0000000000012dd8                z_check_thread_stack_fail
 .text.arch_switch_to_main_thread
                0x0000000000012e04       0x2c zephyr/arch/arch/arm/core/aarch32/libarch__arm__core__aarch32.a(thread.c.obj)
                0x0000000000012e04                arch_switch_to_main_thread
 .text.z_arm_cpu_idle_init
                0x0000000000012e30        0xc zephyr/arch/arch/arm/core/aarch32/libarch__arm__core__aarch32.a(cpu_idle.S.obj)
                0x0000000000012e30                z_arm_cpu_idle_init
 .text.arch_cpu_idle
                0x0000000000012e3c       0x1c zephyr/arch/arch/arm/core/aarch32/libarch__arm__core__aarch32.a(cpu_idle.S.obj)
                0x0000000000012e3c                arch_cpu_idle
 .text.arch_cpu_atomic_idle
                0x0000000000012e58       0x14 zephyr/arch/arch/arm/core/aarch32/libarch__arm__core__aarch32.a(cpu_idle.S.obj)
                0x0000000000012e58                arch_cpu_atomic_idle
 .text.z_arm_fatal_error
                0x0000000000012e6c       0x70 zephyr/arch/arch/arm/core/aarch32/libarch__arm__core__aarch32.a(fatal.c.obj)
                0x0000000000012e6c                z_arm_fatal_error
 .text.z_SysNmiOnReset
                0x0000000000012edc        0x8 zephyr/arch/arch/arm/core/aarch32/libarch__arm__core__aarch32.a(nmi_on_reset.S.obj)
                0x0000000000012edc                z_SysNmiOnReset
 .text.z_arm_prep_c
                0x0000000000012ee4       0x44 zephyr/arch/arch/arm/core/aarch32/libarch__arm__core__aarch32.a(prep_c.c.obj)
                0x0000000000012ee4                z_arm_prep_c
 .text._isr_wrapper
                0x0000000000012f28       0x40 zephyr/arch/arch/arm/core/aarch32/libarch__arm__core__aarch32.a(isr_wrapper.S.obj)
                0x0000000000012f28                _isr_wrapper
 .text._reset_section
                0x0000000000012f68       0x30 zephyr/arch/arch/arm/core/aarch32/cortex_m/libarch__arm__core__aarch32__cortex_m.a(reset.S.obj)
                0x0000000000012f68                z_arm_reset
                0x0000000000012f68                __start
 .text.__fault  0x0000000000012f98       0x14 zephyr/arch/arch/arm/core/aarch32/cortex_m/libarch__arm__core__aarch32__cortex_m.a(fault_s.S.obj)
                0x0000000000012f98                z_arm_bus_fault
                0x0000000000012f98                z_arm_usage_fault
                0x0000000000012f98                z_arm_mpu_fault
                0x0000000000012f98                z_arm_exc_spurious
                0x0000000000012f98                z_arm_debug_monitor
                0x0000000000012f98                z_arm_hard_fault
 .text.mem_manage_fault
                0x0000000000012fac      0x104 zephyr/arch/arch/arm/core/aarch32/cortex_m/libarch__arm__core__aarch32__cortex_m.a(fault.c.obj)
 .text.usage_fault.constprop.0
                0x00000000000130b0       0xb8 zephyr/arch/arch/arm/core/aarch32/cortex_m/libarch__arm__core__aarch32__cortex_m.a(fault.c.obj)
 .text.bus_fault.constprop.0
                0x0000000000013168       0xdc zephyr/arch/arch/arm/core/aarch32/cortex_m/libarch__arm__core__aarch32__cortex_m.a(fault.c.obj)
 .text.z_arm_fault
                0x0000000000013244      0x194 zephyr/arch/arch/arm/core/aarch32/cortex_m/libarch__arm__core__aarch32__cortex_m.a(fault.c.obj)
                0x0000000000013244                z_arm_fault
 .text.z_arm_fault_init
                0x00000000000133d8       0x10 zephyr/arch/arch/arm/core/aarch32/cortex_m/libarch__arm__core__aarch32__cortex_m.a(fault.c.obj)
                0x00000000000133d8                z_arm_fault_init
 .text._HandlerModeExit
                0x00000000000133e8       0x1c zephyr/arch/arch/arm/core/aarch32/cortex_m/libarch__arm__core__aarch32__cortex_m.a(exc_exit.S.obj)
                0x00000000000133e8                z_arm_exc_exit
                0x00000000000133e8                z_arm_int_exit
 .text.z_arm_interrupt_init
                0x0000000000013404       0x18 zephyr/arch/arch/arm/core/aarch32/cortex_m/libarch__arm__core__aarch32__cortex_m.a(irq_init.c.obj)
                0x0000000000013404                z_arm_interrupt_init
 .text.z_impl_k_thread_abort
                0x000000000001341c       0x24 zephyr/arch/arch/arm/core/aarch32/cortex_m/libarch__arm__core__aarch32__cortex_m.a(thread_abort.c.obj)
                0x000000000001341c                z_impl_k_thread_abort
 .text.z_arm_configure_static_mpu_regions
                0x0000000000013440       0x18 zephyr/arch/arch/arm/core/aarch32/mpu/libarch__arm__core__aarch32__mpu.a(arm_core_mpu.c.obj)
                0x0000000000013440                z_arm_configure_static_mpu_regions
 .text.z_arm_configure_dynamic_mpu_regions
                0x0000000000013458       0x20 zephyr/arch/arch/arm/core/aarch32/mpu/libarch__arm__core__aarch32__mpu.a(arm_core_mpu.c.obj)
                0x0000000000013458                z_arm_configure_dynamic_mpu_regions
 .text.mpu_configure_regions
                0x0000000000013478       0xc0 zephyr/arch/arch/arm/core/aarch32/mpu/libarch__arm__core__aarch32__mpu.a(arm_mpu.c.obj)
 .text.arm_core_mpu_enable
                0x0000000000013538       0x18 zephyr/arch/arch/arm/core/aarch32/mpu/libarch__arm__core__aarch32__mpu.a(arm_mpu.c.obj)
                0x0000000000013538                arm_core_mpu_enable
 .text.arm_core_mpu_disable
                0x0000000000013550       0x14 zephyr/arch/arch/arm/core/aarch32/mpu/libarch__arm__core__aarch32__mpu.a(arm_mpu.c.obj)
                0x0000000000013550                arm_core_mpu_disable
 .text.arm_core_mpu_configure_static_mpu_regions
                0x0000000000013564       0x14 zephyr/arch/arch/arm/core/aarch32/mpu/libarch__arm__core__aarch32__mpu.a(arm_mpu.c.obj)
                0x0000000000013564                arm_core_mpu_configure_static_mpu_regions
 .text.arm_core_mpu_configure_dynamic_mpu_regions
                0x0000000000013578       0x30 zephyr/arch/arch/arm/core/aarch32/mpu/libarch__arm__core__aarch32__mpu.a(arm_mpu.c.obj)
                0x0000000000013578                arm_core_mpu_configure_dynamic_mpu_regions
 .text.z_arm_mpu_init
                0x00000000000135a8       0x60 zephyr/arch/arch/arm/core/aarch32/mpu/libarch__arm__core__aarch32__mpu.a(arm_mpu.c.obj)
                0x00000000000135a8                z_arm_mpu_init
 .text.nordicsemi_nrf52_init
                0x0000000000013608       0x28 zephyr/soc/arm/nordic_nrf/nrf52/libsoc__arm__nordic_nrf__nrf52.a(soc.c.obj)
 .text.arch_busy_wait
                0x0000000000013630       0x14 zephyr/soc/arm/nordic_nrf/nrf52/libsoc__arm__nordic_nrf__nrf52.a(soc.c.obj)
                0x0000000000013630                arch_busy_wait
 .text.bt_hex_real
                0x0000000000013644       0x44 zephyr/subsys/bluetooth/common/libsubsys__bluetooth__common.a(log.c.obj)
                0x0000000000013644                bt_hex_real
 .text.bt_addr_le_str_real
                0x0000000000013688       0x7c zephyr/subsys/bluetooth/common/libsubsys__bluetooth__common.a(log.c.obj)
                0x0000000000013688                bt_addr_le_str_real
 .text.uuid_to_uuid128
                0x0000000000013704       0x6c zephyr/subsys/bluetooth/host/libsubsys__bluetooth__host.a(uuid.c.obj)
 .text.bt_buf_get_rx
                0x0000000000013770       0x20 zephyr/subsys/bluetooth/host/libsubsys__bluetooth__host.a(buf.c.obj)
                0x0000000000013770                bt_buf_get_rx
 .text.bt_buf_get_cmd_complete
                0x0000000000013790       0x4c zephyr/subsys/bluetooth/host/libsubsys__bluetooth__host.a(buf.c.obj)
                0x0000000000013790                bt_buf_get_cmd_complete
 .text.bt_buf_get_evt
                0x00000000000137dc       0x54 zephyr/subsys/bluetooth/host/libsubsys__bluetooth__host.a(buf.c.obj)
                0x00000000000137dc                bt_buf_get_evt
 .text.ver_str  0x0000000000013830       0x38 zephyr/subsys/bluetooth/host/libsubsys__bluetooth__host.a(hci_core.c.obj)
 .text.hci_data_buf_overflow
                0x0000000000013868       0x24 zephyr/subsys/bluetooth/host/libsubsys__bluetooth__host.a(hci_core.c.obj)
 .text.hci_disconn_complete_prio
                0x000000000001388c       0x3c zephyr/subsys/bluetooth/host/libsubsys__bluetooth__host.a(hci_core.c.obj)
 .text.hci_disconn_complete
                0x00000000000138c8       0x54 zephyr/subsys/bluetooth/host/libsubsys__bluetooth__host.a(hci_core.c.obj)
 .text.le_data_len_change
                0x000000000001391c       0x3c zephyr/subsys/bluetooth/host/libsubsys__bluetooth__host.a(hci_core.c.obj)
 .text.hci_hardware_error
                0x0000000000013958       0x30 zephyr/subsys/bluetooth/host/libsubsys__bluetooth__host.a(hci_core.c.obj)
 .text.hci_vendor_event
                0x0000000000013988       0x38 zephyr/subsys/bluetooth/host/libsubsys__bluetooth__host.a(hci_core.c.obj)
 .text.le_conn_update_complete
                0x00000000000139c0       0xb4 zephyr/subsys/bluetooth/host/libsubsys__bluetooth__host.a(hci_core.c.obj)
 .text.find_pending_connect.part.0
                0x0000000000013a74       0x40 zephyr/subsys/bluetooth/host/libsubsys__bluetooth__host.a(hci_core.c.obj)
 .text.handle_event
                0x0000000000013ab4       0x84 zephyr/subsys/bluetooth/host/libsubsys__bluetooth__host.a(hci_core.c.obj)
 .text.hci_le_meta_event
                0x0000000000013b38       0x20 zephyr/subsys/bluetooth/host/libsubsys__bluetooth__host.a(hci_core.c.obj)
 .text.hci_cmd_done
                0x0000000000013b58      0x128 zephyr/subsys/bluetooth/host/libsubsys__bluetooth__host.a(hci_core.c.obj)
 .text.hci_cmd_status
                0x0000000000013c80       0x2c zephyr/subsys/bluetooth/host/libsubsys__bluetooth__host.a(hci_core.c.obj)
 .text.hci_cmd_complete
                0x0000000000013cac       0x30 zephyr/subsys/bluetooth/host/libsubsys__bluetooth__host.a(hci_core.c.obj)
 .text.hci_num_completed_packets
                0x0000000000013cdc       0xfc zephyr/subsys/bluetooth/host/libsubsys__bluetooth__host.a(hci_core.c.obj)
 .text.bt_hci_cmd_state_set_init
                0x0000000000013dd8       0x24 zephyr/subsys/bluetooth/host/libsubsys__bluetooth__host.a(hci_core.c.obj)
                0x0000000000013dd8                bt_hci_cmd_state_set_init
 .text.bt_hci_cmd_create
                0x0000000000013dfc       0x74 zephyr/subsys/bluetooth/host/libsubsys__bluetooth__host.a(hci_core.c.obj)
                0x0000000000013dfc                bt_hci_cmd_create
 .text.bt_hci_cmd_send_sync
                0x0000000000013e70       0xf4 zephyr/subsys/bluetooth/host/libsubsys__bluetooth__host.a(hci_core.c.obj)
                0x0000000000013e70                bt_hci_cmd_send_sync
 .text.hci_le_read_max_data_len
                0x0000000000013f64       0x54 zephyr/subsys/bluetooth/host/libsubsys__bluetooth__host.a(hci_core.c.obj)
 .text.bt_send  0x0000000000013fb8       0x10 zephyr/subsys/bluetooth/host/libsubsys__bluetooth__host.a(hci_core.c.obj)
                0x0000000000013fb8                bt_send
 .text.bt_hci_cmd_send
                0x0000000000013fc8       0x64 zephyr/subsys/bluetooth/host/libsubsys__bluetooth__host.a(hci_core.c.obj)
                0x0000000000013fc8                bt_hci_cmd_send
 .text.conn_auto_initiate
                0x000000000001402c      0x100 zephyr/subsys/bluetooth/host/libsubsys__bluetooth__host.a(hci_core.c.obj)
 .text.bt_hci_le_enh_conn_complete
                0x000000000001412c      0x224 zephyr/subsys/bluetooth/host/libsubsys__bluetooth__host.a(hci_core.c.obj)
                0x000000000001412c                bt_hci_le_enh_conn_complete
 .text.le_phy_update_complete
                0x0000000000014350       0x70 zephyr/subsys/bluetooth/host/libsubsys__bluetooth__host.a(hci_core.c.obj)
 .text.le_remote_feat_complete
                0x00000000000143c0       0x60 zephyr/subsys/bluetooth/host/libsubsys__bluetooth__host.a(hci_core.c.obj)
 .text.le_conn_param_neg_reply
                0x0000000000014420       0x54 zephyr/subsys/bluetooth/host/libsubsys__bluetooth__host.a(hci_core.c.obj)
 .text.le_conn_param_req
                0x0000000000014474       0xd0 zephyr/subsys/bluetooth/host/libsubsys__bluetooth__host.a(hci_core.c.obj)
 .text.hci_tx_thread
                0x0000000000014544      0x188 zephyr/subsys/bluetooth/host/libsubsys__bluetooth__host.a(hci_core.c.obj)
 .text.hci_event_prio
                0x00000000000146cc       0xa4 zephyr/subsys/bluetooth/host/libsubsys__bluetooth__host.a(hci_core.c.obj)
                0x00000000000146cc                hci_event_prio
 .text.bt_recv  0x0000000000014770      0x148 zephyr/subsys/bluetooth/host/libsubsys__bluetooth__host.a(hci_core.c.obj)
                0x0000000000014770                bt_recv
 .text.bt_recv_prio
                0x00000000000148b8       0x3c zephyr/subsys/bluetooth/host/libsubsys__bluetooth__host.a(hci_core.c.obj)
                0x00000000000148b8                bt_recv_prio
 .text.bt_hci_driver_register
                0x00000000000148f4       0x28 zephyr/subsys/bluetooth/host/libsubsys__bluetooth__host.a(hci_core.c.obj)
                0x00000000000148f4                bt_hci_driver_register
 .text.bt_finalize_init
                0x000000000001491c       0xd8 zephyr/subsys/bluetooth/host/libsubsys__bluetooth__host.a(hci_core.c.obj)
                0x000000000001491c                bt_finalize_init
 .text.bt_init  0x00000000000149f4      0x48c zephyr/subsys/bluetooth/host/libsubsys__bluetooth__host.a(hci_core.c.obj)
 .text.init_work
                0x0000000000014e80       0x18 zephyr/subsys/bluetooth/host/libsubsys__bluetooth__host.a(hci_core.c.obj)
 .text.bt_enable
                0x0000000000014e98       0xd4 zephyr/subsys/bluetooth/host/libsubsys__bluetooth__host.a(hci_core.c.obj)
                0x0000000000014e98                bt_enable
 .text.bt_get_name
                0x0000000000014f6c        0x8 zephyr/subsys/bluetooth/host/libsubsys__bluetooth__host.a(hci_core.c.obj)
                0x0000000000014f6c                bt_get_name
 .text.id_find  0x0000000000014f74       0x34 zephyr/subsys/bluetooth/host/libsubsys__bluetooth__host.a(id.c.obj)
 .text.set_random_address
                0x0000000000014fa8       0x5c zephyr/subsys/bluetooth/host/libsubsys__bluetooth__host.a(id.c.obj)
 .text.id_create.constprop.0
                0x0000000000015004       0x5c zephyr/subsys/bluetooth/host/libsubsys__bluetooth__host.a(id.c.obj)
 .text.bt_id_create
                0x0000000000015060       0xb4 zephyr/subsys/bluetooth/host/libsubsys__bluetooth__host.a(id.c.obj)
                0x0000000000015060                bt_id_create
 .text.bt_id_read_public_addr
                0x0000000000015114       0x9c zephyr/subsys/bluetooth/host/libsubsys__bluetooth__host.a(id.c.obj)
                0x0000000000015114                bt_id_read_public_addr
 .text.bt_setup_public_id_addr
                0x00000000000151b0       0x20 zephyr/subsys/bluetooth/host/libsubsys__bluetooth__host.a(id.c.obj)
                0x00000000000151b0                bt_setup_public_id_addr
 .text.bt_read_static_addr
                0x00000000000151d0       0xb4 zephyr/subsys/bluetooth/host/libsubsys__bluetooth__host.a(id.c.obj)
                0x00000000000151d0                bt_read_static_addr
 .text.bt_setup_random_id_addr
                0x0000000000015284       0x5c zephyr/subsys/bluetooth/host/libsubsys__bluetooth__host.a(id.c.obj)
                0x0000000000015284                bt_setup_random_id_addr
 .text.bt_id_set_adv_own_addr
                0x00000000000152e0       0xa4 zephyr/subsys/bluetooth/host/libsubsys__bluetooth__host.a(id.c.obj)
                0x00000000000152e0                bt_id_set_adv_own_addr
 .text.bt_id_init
                0x0000000000015384       0x68 zephyr/subsys/bluetooth/host/libsubsys__bluetooth__host.a(id.c.obj)
                0x0000000000015384                bt_id_init
 .text.valid_adv_param
                0x00000000000153ec       0x88 zephyr/subsys/bluetooth/host/libsubsys__bluetooth__host.a(adv.c.obj)
 .text.hci_set_ad
                0x0000000000015474       0xe4 zephyr/subsys/bluetooth/host/libsubsys__bluetooth__host.a(adv.c.obj)
 .text.le_adv_start_add_conn
                0x0000000000015558       0x88 zephyr/subsys/bluetooth/host/libsubsys__bluetooth__host.a(adv.c.obj)
 .text.bt_le_adv_lookup_legacy
                0x00000000000155e0        0x8 zephyr/subsys/bluetooth/host/libsubsys__bluetooth__host.a(adv.c.obj)
                0x00000000000155e0                bt_le_adv_lookup_legacy
 .text.bt_le_adv_start_legacy
                0x00000000000155e8      0x264 zephyr/subsys/bluetooth/host/libsubsys__bluetooth__host.a(adv.c.obj)
                0x00000000000155e8                bt_le_adv_start_legacy
 .text.bt_le_adv_start
                0x000000000001584c       0x1c zephyr/subsys/bluetooth/host/libsubsys__bluetooth__host.a(adv.c.obj)
                0x000000000001584c                bt_le_adv_start
 .text.bt_le_adv_resume
                0x0000000000015868       0x80 zephyr/subsys/bluetooth/host/libsubsys__bluetooth__host.a(adv.c.obj)
                0x0000000000015868                bt_le_adv_resume
 .text.tx_free  0x00000000000158e8       0x14 zephyr/subsys/bluetooth/host/libsubsys__bluetooth__host.a(conn.c.obj)
 .text.notify_connected
                0x00000000000158fc       0x2c zephyr/subsys/bluetooth/host/libsubsys__bluetooth__host.a(conn.c.obj)
 .text.send_frag
                0x0000000000015928      0x134 zephyr/subsys/bluetooth/host/libsubsys__bluetooth__host.a(conn.c.obj)
 .text.bt_conn_get_pkts
                0x0000000000015a5c        0x8 zephyr/subsys/bluetooth/host/libsubsys__bluetooth__host.a(conn.c.obj)
                0x0000000000015a5c                bt_conn_get_pkts
 .text.notify_le_param_updated
                0x0000000000015a64       0x70 zephyr/subsys/bluetooth/host/libsubsys__bluetooth__host.a(conn.c.obj)
                0x0000000000015a64                notify_le_param_updated
 .text.le_param_req
                0x0000000000015ad4       0x40 zephyr/subsys/bluetooth/host/libsubsys__bluetooth__host.a(conn.c.obj)
                0x0000000000015ad4                le_param_req
 .text.bt_conn_cb_register
                0x0000000000015b14       0x10 zephyr/subsys/bluetooth/host/libsubsys__bluetooth__host.a(conn.c.obj)
                0x0000000000015b14                bt_conn_cb_register
 .text.bt_conn_recv
                0x0000000000015b24      0x10c zephyr/subsys/bluetooth/host/libsubsys__bluetooth__host.a(conn.c.obj)
                0x0000000000015b24                bt_conn_recv
 .text.bt_conn_send_cb
                0x0000000000015c30       0xc8 zephyr/subsys/bluetooth/host/libsubsys__bluetooth__host.a(conn.c.obj)
                0x0000000000015c30                bt_conn_send_cb
 .text.bt_conn_prepare_events
                0x0000000000015cf8       0x7c zephyr/subsys/bluetooth/host/libsubsys__bluetooth__host.a(conn.c.obj)
                0x0000000000015cf8                bt_conn_prepare_events
 .text.bt_conn_add_le
                0x0000000000015d74       0x50 zephyr/subsys/bluetooth/host/libsubsys__bluetooth__host.a(conn.c.obj)
                0x0000000000015d74                bt_conn_add_le
 .text.bt_conn_lookup_handle
                0x0000000000015dc4       0x10 zephyr/subsys/bluetooth/host/libsubsys__bluetooth__host.a(conn.c.obj)
                0x0000000000015dc4                bt_conn_lookup_handle
 .text.bt_conn_set_state
                0x0000000000015dd4      0x1c8 zephyr/subsys/bluetooth/host/libsubsys__bluetooth__host.a(conn.c.obj)
                0x0000000000015dd4                bt_conn_set_state
 .text.bt_conn_lookup_addr_le
                0x0000000000015f9c       0x3c zephyr/subsys/bluetooth/host/libsubsys__bluetooth__host.a(conn.c.obj)
                0x0000000000015f9c                bt_conn_lookup_addr_le
 .text.bt_conn_exists_le
                0x0000000000015fd8       0x4c zephyr/subsys/bluetooth/host/libsubsys__bluetooth__host.a(conn.c.obj)
                0x0000000000015fd8                bt_conn_exists_le
 .text.bt_conn_lookup_state_le
                0x0000000000016024       0x44 zephyr/subsys/bluetooth/host/libsubsys__bluetooth__host.a(conn.c.obj)
                0x0000000000016024                bt_conn_lookup_state_le
 .text.send_conn_le_param_update
                0x0000000000016068       0x60 zephyr/subsys/bluetooth/host/libsubsys__bluetooth__host.a(conn.c.obj)
 .text.deferred_work
                0x00000000000160c8       0xb8 zephyr/subsys/bluetooth/host/libsubsys__bluetooth__host.a(conn.c.obj)
 .text.bt_conn_create_pdu_timeout
                0x0000000000016180       0x48 zephyr/subsys/bluetooth/host/libsubsys__bluetooth__host.a(conn.c.obj)
                0x0000000000016180                bt_conn_create_pdu_timeout
 .text.bt_conn_create_frag_timeout
                0x00000000000161c8        0xc zephyr/subsys/bluetooth/host/libsubsys__bluetooth__host.a(conn.c.obj)
                0x00000000000161c8                bt_conn_create_frag_timeout
 .text.create_frag
                0x00000000000161d4       0x6c zephyr/subsys/bluetooth/host/libsubsys__bluetooth__host.a(conn.c.obj)
 .text.bt_conn_process_tx
                0x0000000000016240       0xcc zephyr/subsys/bluetooth/host/libsubsys__bluetooth__host.a(conn.c.obj)
                0x0000000000016240                bt_conn_process_tx
 .text.bt_conn_index
                0x000000000001630c       0x18 zephyr/subsys/bluetooth/host/libsubsys__bluetooth__host.a(conn.c.obj)
                0x000000000001630c                bt_conn_index
 .text.bt_conn_init
                0x0000000000016324       0x40 zephyr/subsys/bluetooth/host/libsubsys__bluetooth__host.a(conn.c.obj)
                0x0000000000016324                bt_conn_init
 .text.l2cap_accept
                0x0000000000016364       0x44 zephyr/subsys/bluetooth/host/libsubsys__bluetooth__host.a(l2cap.c.obj)
 .text.l2cap_create_le_sig_pdu.constprop.0
                0x00000000000163a8       0x50 zephyr/subsys/bluetooth/host/libsubsys__bluetooth__host.a(l2cap.c.obj)
 .text.l2cap_rtx_timeout
                0x00000000000163f8       0x3c zephyr/subsys/bluetooth/host/libsubsys__bluetooth__host.a(l2cap.c.obj)
 .text.bt_l2cap_connected
                0x0000000000016434       0xb8 zephyr/subsys/bluetooth/host/libsubsys__bluetooth__host.a(l2cap.c.obj)
                0x0000000000016434                bt_l2cap_connected
 .text.l2cap_recv
                0x00000000000164ec       0xf0 zephyr/subsys/bluetooth/host/libsubsys__bluetooth__host.a(l2cap.c.obj)
 .text.bt_l2cap_recv
                0x00000000000165dc       0x70 zephyr/subsys/bluetooth/host/libsubsys__bluetooth__host.a(l2cap.c.obj)
                0x00000000000165dc                bt_l2cap_recv
 .text.bt_l2cap_update_conn_param
                0x000000000001664c       0x64 zephyr/subsys/bluetooth/host/libsubsys__bluetooth__host.a(l2cap.c.obj)
                0x000000000001664c                bt_l2cap_update_conn_param
 .text.att_cfm_sent
                0x00000000000166b0       0x10 zephyr/subsys/bluetooth/host/libsubsys__bluetooth__host.a(att.c.obj)
 .text.att_rsp_sent
                0x00000000000166c0       0x10 zephyr/subsys/bluetooth/host/libsubsys__bluetooth__host.a(att.c.obj)
 .text.att_req_sent
                0x00000000000166d0       0x10 zephyr/subsys/bluetooth/host/libsubsys__bluetooth__host.a(att.c.obj)
 .text.att_get  0x00000000000166e0       0x80 zephyr/subsys/bluetooth/host/libsubsys__bluetooth__host.a(att.c.obj)
 .text.bt_att_released
                0x0000000000016760       0x18 zephyr/subsys/bluetooth/host/libsubsys__bluetooth__host.a(att.c.obj)
 .text.find_type_cb
                0x0000000000016778      0x164 zephyr/subsys/bluetooth/host/libsubsys__bluetooth__host.a(att.c.obj)
 .text.bt_att_accept
                0x00000000000168dc       0xc8 zephyr/subsys/bluetooth/host/libsubsys__bluetooth__host.a(att.c.obj)
 .text.read_group_cb
                0x00000000000169a4       0xac zephyr/subsys/bluetooth/host/libsubsys__bluetooth__host.a(att.c.obj)
 .text.chan_send
                0x0000000000016a50       0xdc zephyr/subsys/bluetooth/host/libsubsys__bluetooth__host.a(att.c.obj)
 .text.bt_att_chan_send_rsp.constprop.0
                0x0000000000016b2c       0x24 zephyr/subsys/bluetooth/host/libsubsys__bluetooth__host.a(att.c.obj)
 .text.read_type_cb
                0x0000000000016b50       0xa8 zephyr/subsys/bluetooth/host/libsubsys__bluetooth__host.a(att.c.obj)
 .text.bt_att_connected
                0x0000000000016bf8       0x5c zephyr/subsys/bluetooth/host/libsubsys__bluetooth__host.a(att.c.obj)
 .text.bt_att_chan_create_pdu
                0x0000000000016c54       0x88 zephyr/subsys/bluetooth/host/libsubsys__bluetooth__host.a(att.c.obj)
                0x0000000000016c54                bt_att_chan_create_pdu
 .text.bt_att_recv
                0x0000000000016cdc      0x160 zephyr/subsys/bluetooth/host/libsubsys__bluetooth__host.a(att.c.obj)
 .text.att_write_rsp.constprop.0
                0x0000000000016e3c       0xc4 zephyr/subsys/bluetooth/host/libsubsys__bluetooth__host.a(att.c.obj)
 .text.bt_att_create_pdu
                0x0000000000016f00       0x70 zephyr/subsys/bluetooth/host/libsubsys__bluetooth__host.a(att.c.obj)
                0x0000000000016f00                bt_att_create_pdu
 .text.att_read_group_req
                0x0000000000016f70      0x104 zephyr/subsys/bluetooth/host/libsubsys__bluetooth__host.a(att.c.obj)
 .text.att_read_mult_req
                0x0000000000017074       0x84 zephyr/subsys/bluetooth/host/libsubsys__bluetooth__host.a(att.c.obj)
 .text.att_read_rsp
                0x00000000000170f8       0x90 zephyr/subsys/bluetooth/host/libsubsys__bluetooth__host.a(att.c.obj)
 .text.att_read_type_req
                0x0000000000017188       0xc0 zephyr/subsys/bluetooth/host/libsubsys__bluetooth__host.a(att.c.obj)
 .text.att_find_type_req
                0x0000000000017248       0xd4 zephyr/subsys/bluetooth/host/libsubsys__bluetooth__host.a(att.c.obj)
 .text.att_find_info_req
                0x000000000001731c       0x70 zephyr/subsys/bluetooth/host/libsubsys__bluetooth__host.a(att.c.obj)
 .text.bt_att_req_alloc
                0x000000000001738c       0x2c zephyr/subsys/bluetooth/host/libsubsys__bluetooth__host.a(att.c.obj)
                0x000000000001738c                bt_att_req_alloc
 .text.bt_att_req_free
                0x00000000000173b8       0x24 zephyr/subsys/bluetooth/host/libsubsys__bluetooth__host.a(att.c.obj)
                0x00000000000173b8                bt_att_req_free
 .text.att_handle_rsp
                0x00000000000173dc       0x90 zephyr/subsys/bluetooth/host/libsubsys__bluetooth__host.a(att.c.obj)
 .text.bt_att_disconnected
                0x000000000001746c       0xb0 zephyr/subsys/bluetooth/host/libsubsys__bluetooth__host.a(att.c.obj)
 .text.att_timeout
                0x000000000001751c       0x30 zephyr/subsys/bluetooth/host/libsubsys__bluetooth__host.a(att.c.obj)
 .text.find_cf_cfg
                0x000000000001754c       0x3c zephyr/subsys/bluetooth/host/libsubsys__bluetooth__host.a(gatt.c.obj)
 .text.cf_write
                0x0000000000017588       0xac zephyr/subsys/bluetooth/host/libsubsys__bluetooth__host.a(gatt.c.obj)
 .text.bt_gatt_attr_write_ccc
                0x0000000000017634       0xcc zephyr/subsys/bluetooth/host/libsubsys__bluetooth__host.a(gatt.c.obj)
                0x0000000000017634                bt_gatt_attr_write_ccc
 .text.find_sc_cfg
                0x0000000000017700       0x20 zephyr/subsys/bluetooth/host/libsubsys__bluetooth__host.a(gatt.c.obj)
 .text.sc_save  0x0000000000017720       0x70 zephyr/subsys/bluetooth/host/libsubsys__bluetooth__host.a(gatt.c.obj)
 .text.disconnected_cb
                0x0000000000017790       0x9c zephyr/subsys/bluetooth/host/libsubsys__bluetooth__host.a(gatt.c.obj)
 .text.sc_indicate_rsp
                0x000000000001782c       0x5c zephyr/subsys/bluetooth/host/libsubsys__bluetooth__host.a(gatt.c.obj)
 .text.bt_gatt_init
                0x0000000000017888       0xa0 zephyr/subsys/bluetooth/host/libsubsys__bluetooth__host.a(gatt.c.obj)
                0x0000000000017888                bt_gatt_init
 .text.bt_gatt_attr_get_handle
                0x0000000000017928       0x60 zephyr/subsys/bluetooth/host/libsubsys__bluetooth__host.a(gatt.c.obj)
                0x0000000000017928                bt_gatt_attr_get_handle
 .text.bt_gatt_foreach_attr_type
                0x0000000000017988       0xb4 zephyr/subsys/bluetooth/host/libsubsys__bluetooth__host.a(gatt.c.obj)
                0x0000000000017988                bt_gatt_foreach_attr_type
 .text.db_hash_gen.constprop.0
                0x0000000000017a3c       0xac zephyr/subsys/bluetooth/host/libsubsys__bluetooth__host.a(gatt.c.obj)
 .text.gatt_indicate
                0x0000000000017ae8       0xcc zephyr/subsys/bluetooth/host/libsubsys__bluetooth__host.a(gatt.c.obj)
 .text.bt_gatt_indicate
                0x0000000000017bb4       0xf4 zephyr/subsys/bluetooth/host/libsubsys__bluetooth__host.a(gatt.c.obj)
                0x0000000000017bb4                bt_gatt_indicate
 .text.sc_process
                0x0000000000017ca8       0x70 zephyr/subsys/bluetooth/host/libsubsys__bluetooth__host.a(gatt.c.obj)
 .text.gatt_notify
                0x0000000000017d18       0xa0 zephyr/subsys/bluetooth/host/libsubsys__bluetooth__host.a(gatt.c.obj)
 .text.bt_gatt_notify_cb
                0x0000000000017db8       0xec zephyr/subsys/bluetooth/host/libsubsys__bluetooth__host.a(gatt.c.obj)
                0x0000000000017db8                bt_gatt_notify_cb
 .text.notify_cb
                0x0000000000017ea4       0xf8 zephyr/subsys/bluetooth/host/libsubsys__bluetooth__host.a(gatt.c.obj)
 .text.update_ccc
                0x0000000000017f9c       0xf4 zephyr/subsys/bluetooth/host/libsubsys__bluetooth__host.a(gatt.c.obj)
 .text.bt_gatt_connected
                0x0000000000018090       0x20 zephyr/subsys/bluetooth/host/libsubsys__bluetooth__host.a(gatt.c.obj)
                0x0000000000018090                bt_gatt_connected
 .text.db_hash_read
                0x00000000000180b0       0x64 zephyr/subsys/bluetooth/host/libsubsys__bluetooth__host.a(gatt.c.obj)
 .text.bt_gatt_disconnected
                0x0000000000018114       0x5c zephyr/subsys/bluetooth/host/libsubsys__bluetooth__host.a(gatt.c.obj)
                0x0000000000018114                bt_gatt_disconnected
 .text.bt_smp_accept
                0x0000000000018170       0x44 zephyr/subsys/bluetooth/host/libsubsys__bluetooth__host.a(smp_null.c.obj)
 .text.mem_init
                0x00000000000181b4       0x60 zephyr/subsys/bluetooth/controller/libsubsys__bluetooth__controller.a(mem.c.obj)
                0x00000000000181b4                mem_init
 .text.mem_acquire
                0x0000000000018214       0x34 zephyr/subsys/bluetooth/controller/libsubsys__bluetooth__controller.a(mem.c.obj)
                0x0000000000018214                mem_acquire
 .text.mem_release
                0x0000000000018248       0x30 zephyr/subsys/bluetooth/controller/libsubsys__bluetooth__controller.a(mem.c.obj)
                0x0000000000018248                mem_release
 .text.mem_get  0x0000000000018278        0x8 zephyr/subsys/bluetooth/controller/libsubsys__bluetooth__controller.a(mem.c.obj)
                0x0000000000018278                mem_get
 .text.mem_index_get
                0x0000000000018280        0xc zephyr/subsys/bluetooth/controller/libsubsys__bluetooth__controller.a(mem.c.obj)
                0x0000000000018280                mem_index_get
 .text.mem_rcopy
                0x000000000001828c       0x1c zephyr/subsys/bluetooth/controller/libsubsys__bluetooth__controller.a(mem.c.obj)
                0x000000000001828c                mem_rcopy
 .text.mem_nz   0x00000000000182a8       0x18 zephyr/subsys/bluetooth/controller/libsubsys__bluetooth__controller.a(mem.c.obj)
                0x00000000000182a8                mem_nz
 .text.memq_init
                0x00000000000182c0        0x8 zephyr/subsys/bluetooth/controller/libsubsys__bluetooth__controller.a(memq.c.obj)
                0x00000000000182c0                memq_init
 .text.memq_deinit
                0x00000000000182c8       0x14 zephyr/subsys/bluetooth/controller/libsubsys__bluetooth__controller.a(memq.c.obj)
                0x00000000000182c8                memq_deinit
 .text.memq_enqueue
                0x00000000000182dc       0x14 zephyr/subsys/bluetooth/controller/libsubsys__bluetooth__controller.a(memq.c.obj)
                0x00000000000182dc                memq_enqueue
 .text.memq_peek
                0x00000000000182f0       0x10 zephyr/subsys/bluetooth/controller/libsubsys__bluetooth__controller.a(memq.c.obj)
                0x00000000000182f0                memq_peek
 .text.memq_dequeue
                0x0000000000018300       0x20 zephyr/subsys/bluetooth/controller/libsubsys__bluetooth__controller.a(memq.c.obj)
                0x0000000000018300                memq_dequeue
 .text.mayfly_init
                0x0000000000018320       0x40 zephyr/subsys/bluetooth/controller/libsubsys__bluetooth__controller.a(mayfly.c.obj)
                0x0000000000018320                mayfly_init
 .text.mayfly_enable
                0x0000000000018360       0x64 zephyr/subsys/bluetooth/controller/libsubsys__bluetooth__controller.a(mayfly.c.obj)
                0x0000000000018360                mayfly_enable
 .text.mayfly_enqueue
                0x00000000000183c4       0xa8 zephyr/subsys/bluetooth/controller/libsubsys__bluetooth__controller.a(mayfly.c.obj)
                0x00000000000183c4                mayfly_enqueue
 .text.mayfly_run
                0x000000000001846c      0x148 zephyr/subsys/bluetooth/controller/libsubsys__bluetooth__controller.a(mayfly.c.obj)
                0x000000000001846c                mayfly_run
 .text.util_ones_count_get
                0x00000000000185b4       0x30 zephyr/subsys/bluetooth/controller/libsubsys__bluetooth__controller.a(util.c.obj)
                0x00000000000185b4                util_ones_count_get
 .text.ticks_to_expire_prep
                0x00000000000185e4       0x48 zephyr/subsys/bluetooth/controller/libsubsys__bluetooth__controller.a(ticker.c.obj)
 .text.ticker_job_list_insert
                0x000000000001862c      0x20c zephyr/subsys/bluetooth/controller/libsubsys__bluetooth__controller.a(ticker.c.obj)
 .text.ticker_worker
                0x0000000000018838      0x2dc zephyr/subsys/bluetooth/controller/libsubsys__bluetooth__controller.a(ticker.c.obj)
                0x0000000000018838                ticker_worker
 .text.ticker_job
                0x0000000000018b14      0x9d0 zephyr/subsys/bluetooth/controller/libsubsys__bluetooth__controller.a(ticker.c.obj)
                0x0000000000018b14                ticker_job
 .text.ticker_init
                0x00000000000194e4       0x88 zephyr/subsys/bluetooth/controller/libsubsys__bluetooth__controller.a(ticker.c.obj)
                0x00000000000194e4                ticker_init
 .text.ticker_trigger
                0x000000000001956c       0x30 zephyr/subsys/bluetooth/controller/libsubsys__bluetooth__controller.a(ticker.c.obj)
                0x000000000001956c                ticker_trigger
 .text.ticker_start_ext
                0x000000000001959c       0xac zephyr/subsys/bluetooth/controller/libsubsys__bluetooth__controller.a(ticker.c.obj)
                0x000000000001959c                ticker_start_ext
 .text.ticker_start
                0x0000000000019648       0x38 zephyr/subsys/bluetooth/controller/libsubsys__bluetooth__controller.a(ticker.c.obj)
                0x0000000000019648                ticker_start
 .text.ticker_update_ext
                0x0000000000019680       0xac zephyr/subsys/bluetooth/controller/libsubsys__bluetooth__controller.a(ticker.c.obj)
                0x0000000000019680                ticker_update_ext
 .text.ticker_update
                0x000000000001972c       0x30 zephyr/subsys/bluetooth/controller/libsubsys__bluetooth__controller.a(ticker.c.obj)
                0x000000000001972c                ticker_update
 .text.ticker_stop
                0x000000000001975c       0x84 zephyr/subsys/bluetooth/controller/libsubsys__bluetooth__controller.a(ticker.c.obj)
                0x000000000001975c                ticker_stop
 .text.ticker_ticks_now_get
                0x00000000000197e0        0x4 zephyr/subsys/bluetooth/controller/libsubsys__bluetooth__controller.a(ticker.c.obj)
                0x00000000000197e0                ticker_ticks_now_get
 .text.ll_addr_get
                0x00000000000197e4       0x3c zephyr/subsys/bluetooth/controller/libsubsys__bluetooth__controller.a(ll_addr.c.obj)
                0x00000000000197e4                ll_addr_get
 .text.ll_addr_set
                0x0000000000019820       0x3c zephyr/subsys/bluetooth/controller/libsubsys__bluetooth__controller.a(ll_addr.c.obj)
                0x0000000000019820                ll_addr_set
 .text.ll_tx_pwr_lvl_get
                0x000000000001985c       0x20 zephyr/subsys/bluetooth/controller/libsubsys__bluetooth__controller.a(ll_tx_pwr.c.obj)
                0x000000000001985c                ll_tx_pwr_lvl_get
 .text.ll_tx_pwr_get
                0x000000000001987c        0x8 zephyr/subsys/bluetooth/controller/libsubsys__bluetooth__controller.a(ll_tx_pwr.c.obj)
                0x000000000001987c                ll_tx_pwr_get
 .text.hci_driver_init
                0x0000000000019884       0x10 zephyr/subsys/bluetooth/controller/libsubsys__bluetooth__controller.a(hci_driver.c.obj)
 .text.hci_driver_send
                0x0000000000019894       0xb0 zephyr/subsys/bluetooth/controller/libsubsys__bluetooth__controller.a(hci_driver.c.obj)
 .text.recv_thread
                0x0000000000019944      0x118 zephyr/subsys/bluetooth/controller/libsubsys__bluetooth__controller.a(hci_driver.c.obj)
 .text.prio_recv_thread
                0x0000000000019a5c       0xc0 zephyr/subsys/bluetooth/controller/libsubsys__bluetooth__controller.a(hci_driver.c.obj)
 .text.hci_driver_open
                0x0000000000019b1c       0xb8 zephyr/subsys/bluetooth/controller/libsubsys__bluetooth__controller.a(hci_driver.c.obj)
 .text.le_remote_feat_complete
                0x0000000000019bd4       0x70 zephyr/subsys/bluetooth/controller/libsubsys__bluetooth__controller.a(hci.c.obj)
 .text.hci_vendor_cmd_handle_common
                0x0000000000019c44      0x180 zephyr/subsys/bluetooth/controller/libsubsys__bluetooth__controller.a(hci.c.obj)
                0x0000000000019c44                hci_vendor_cmd_handle_common
 .text.hci_cmd_handle
                0x0000000000019dc4      0x9c8 zephyr/subsys/bluetooth/controller/libsubsys__bluetooth__controller.a(hci.c.obj)
                0x0000000000019dc4                hci_cmd_handle
 .text.hci_acl_handle
                0x000000000001a78c      0x13c zephyr/subsys/bluetooth/controller/libsubsys__bluetooth__controller.a(hci.c.obj)
                0x000000000001a78c                hci_acl_handle
 .text.hci_disconn_complete_encode
                0x000000000001a8c8       0x40 zephyr/subsys/bluetooth/controller/libsubsys__bluetooth__controller.a(hci.c.obj)
                0x000000000001a8c8                hci_disconn_complete_encode
 .text.hci_disconn_complete_process
                0x000000000001a908       0x10 zephyr/subsys/bluetooth/controller/libsubsys__bluetooth__controller.a(hci.c.obj)
                0x000000000001a908                hci_disconn_complete_process
 .text.hci_acl_encode
                0x000000000001a918       0x74 zephyr/subsys/bluetooth/controller/libsubsys__bluetooth__controller.a(hci.c.obj)
                0x000000000001a918                hci_acl_encode
 .text.hci_evt_encode
                0x000000000001a98c      0x5d4 zephyr/subsys/bluetooth/controller/libsubsys__bluetooth__controller.a(hci.c.obj)
                0x000000000001a98c                hci_evt_encode
 .text.hci_num_cmplt_encode
                0x000000000001af60       0x30 zephyr/subsys/bluetooth/controller/libsubsys__bluetooth__controller.a(hci.c.obj)
                0x000000000001af60                hci_num_cmplt_encode
 .text.hci_get_class
                0x000000000001af90       0x2c zephyr/subsys/bluetooth/controller/libsubsys__bluetooth__controller.a(hci.c.obj)
                0x000000000001af90                hci_get_class
 .text.hci_init
                0x000000000001afbc       0x40 zephyr/subsys/bluetooth/controller/libsubsys__bluetooth__controller.a(hci.c.obj)
                0x000000000001afbc                hci_init
 .text.bt_rand  0x000000000001affc        0x4 zephyr/subsys/bluetooth/controller/libsubsys__bluetooth__controller.a(crypto.c.obj)
                0x000000000001affc                bt_rand
 .text.bt_encrypt_le
                0x000000000001b000        0xc zephyr/subsys/bluetooth/controller/libsubsys__bluetooth__controller.a(crypto.c.obj)
                0x000000000001b000                bt_encrypt_le
 .text.ll_feat_get
                0x000000000001b00c        0xc zephyr/subsys/bluetooth/controller/libsubsys__bluetooth__controller.a(ll_feat.c.obj)
                0x000000000001b00c                ll_feat_get
 .text.perform_lll_reset
                0x000000000001b018       0x94 zephyr/subsys/bluetooth/controller/libsubsys__bluetooth__controller.a(ull.c.obj)
 .text.ull_ticker_status_give
                0x000000000001b0ac        0xc zephyr/subsys/bluetooth/controller/libsubsys__bluetooth__controller.a(ull.c.obj)
                0x000000000001b0ac                ull_ticker_status_give
 .text.disabled_cb
                0x000000000001b0b8        0x4 zephyr/subsys/bluetooth/controller/libsubsys__bluetooth__controller.a(ull.c.obj)
 .text.tx_cmplt_get
                0x000000000001b0bc       0xcc zephyr/subsys/bluetooth/controller/libsubsys__bluetooth__controller.a(ull.c.obj)
 .text.ull_done
                0x000000000001b188      0x114 zephyr/subsys/bluetooth/controller/libsubsys__bluetooth__controller.a(ull.c.obj)
 .text.rx_alloc
                0x000000000001b29c       0xf8 zephyr/subsys/bluetooth/controller/libsubsys__bluetooth__controller.a(ull.c.obj)
 .text.init_reset
                0x000000000001b394      0x14c zephyr/subsys/bluetooth/controller/libsubsys__bluetooth__controller.a(ull.c.obj)
 .text.rx_demux
                0x000000000001b4e0      0x1d4 zephyr/subsys/bluetooth/controller/libsubsys__bluetooth__controller.a(ull.c.obj)
 .text.ll_init  0x000000000001b6b4       0xdc zephyr/subsys/bluetooth/controller/libsubsys__bluetooth__controller.a(ull.c.obj)
                0x000000000001b6b4                ll_init
 .text.ll_reset
                0x000000000001b790      0x12c zephyr/subsys/bluetooth/controller/libsubsys__bluetooth__controller.a(ull.c.obj)
                0x000000000001b790                ll_reset
 .text.ll_rx_get
                0x000000000001b8bc      0x1cc zephyr/subsys/bluetooth/controller/libsubsys__bluetooth__controller.a(ull.c.obj)
                0x000000000001b8bc                ll_rx_get
 .text.ll_rx_dequeue
                0x000000000001ba88      0x1a0 zephyr/subsys/bluetooth/controller/libsubsys__bluetooth__controller.a(ull.c.obj)
                0x000000000001ba88                ll_rx_dequeue
 .text.ll_rx_mem_release
                0x000000000001bc28      0x184 zephyr/subsys/bluetooth/controller/libsubsys__bluetooth__controller.a(ull.c.obj)
                0x000000000001bc28                ll_rx_mem_release
 .text.ll_rx_link_alloc
                0x000000000001bdac        0xc zephyr/subsys/bluetooth/controller/libsubsys__bluetooth__controller.a(ull.c.obj)
                0x000000000001bdac                ll_rx_link_alloc
 .text.ll_rx_link_release
                0x000000000001bdb8        0xc zephyr/subsys/bluetooth/controller/libsubsys__bluetooth__controller.a(ull.c.obj)
                0x000000000001bdb8                ll_rx_link_release
 .text.ll_rx_alloc
                0x000000000001bdc4        0xc zephyr/subsys/bluetooth/controller/libsubsys__bluetooth__controller.a(ull.c.obj)
                0x000000000001bdc4                ll_rx_alloc
 .text.ll_rx_release
                0x000000000001bdd0        0xc zephyr/subsys/bluetooth/controller/libsubsys__bluetooth__controller.a(ull.c.obj)
                0x000000000001bdd0                ll_rx_release
 .text.ll_rx_put
                0x000000000001bddc       0x14 zephyr/subsys/bluetooth/controller/libsubsys__bluetooth__controller.a(ull.c.obj)
                0x000000000001bddc                ll_rx_put
 .text.ll_rx_sched
                0x000000000001bdf0        0xc zephyr/subsys/bluetooth/controller/libsubsys__bluetooth__controller.a(ull.c.obj)
                0x000000000001bdf0                ll_rx_sched
 .text.ll_pdu_rx_alloc_peek
                0x000000000001bdfc       0x3c zephyr/subsys/bluetooth/controller/libsubsys__bluetooth__controller.a(ull.c.obj)
                0x000000000001bdfc                ll_pdu_rx_alloc_peek
 .text.ll_pdu_rx_alloc
                0x000000000001be38       0x2c zephyr/subsys/bluetooth/controller/libsubsys__bluetooth__controller.a(ull.c.obj)
                0x000000000001be38                ll_pdu_rx_alloc
 .text.ll_tx_ack_put
                0x000000000001be64       0x68 zephyr/subsys/bluetooth/controller/libsubsys__bluetooth__controller.a(ull.c.obj)
                0x000000000001be64                ll_tx_ack_put
 .text.ull_ticker_status_take
                0x000000000001becc       0x50 zephyr/subsys/bluetooth/controller/libsubsys__bluetooth__controller.a(ull.c.obj)
                0x000000000001becc                ull_ticker_status_take
 .text.ull_disable_mark
                0x000000000001bf1c       0x14 zephyr/subsys/bluetooth/controller/libsubsys__bluetooth__controller.a(ull.c.obj)
                0x000000000001bf1c                ull_disable_mark
 .text.ull_disable_unmark
                0x000000000001bf30       0x18 zephyr/subsys/bluetooth/controller/libsubsys__bluetooth__controller.a(ull.c.obj)
                0x000000000001bf30                ull_disable_unmark
 .text.ull_disable_mark_get
                0x000000000001bf48        0xc zephyr/subsys/bluetooth/controller/libsubsys__bluetooth__controller.a(ull.c.obj)
                0x000000000001bf48                ull_disable_mark_get
 .text.ull_update_mark
                0x000000000001bf54       0x14 zephyr/subsys/bluetooth/controller/libsubsys__bluetooth__controller.a(ull.c.obj)
                0x000000000001bf54                ull_update_mark
 .text.ull_update_unmark
                0x000000000001bf68       0x18 zephyr/subsys/bluetooth/controller/libsubsys__bluetooth__controller.a(ull.c.obj)
                0x000000000001bf68                ull_update_unmark
 .text.ull_update_mark_get
                0x000000000001bf80        0xc zephyr/subsys/bluetooth/controller/libsubsys__bluetooth__controller.a(ull.c.obj)
                0x000000000001bf80                ull_update_mark_get
 .text.ull_disable
                0x000000000001bf8c       0x80 zephyr/subsys/bluetooth/controller/libsubsys__bluetooth__controller.a(ull.c.obj)
                0x000000000001bf8c                ull_disable
 .text.ull_ticker_stop_with_mark
                0x000000000001c00c       0x80 zephyr/subsys/bluetooth/controller/libsubsys__bluetooth__controller.a(ull.c.obj)
                0x000000000001c00c                ull_ticker_stop_with_mark
 .text.ull_pdu_rx_alloc_peek
                0x000000000001c08c       0x3c zephyr/subsys/bluetooth/controller/libsubsys__bluetooth__controller.a(ull.c.obj)
                0x000000000001c08c                ull_pdu_rx_alloc_peek
 .text.ull_pdu_rx_alloc
                0x000000000001c0c8       0x2c zephyr/subsys/bluetooth/controller/libsubsys__bluetooth__controller.a(ull.c.obj)
                0x000000000001c0c8                ull_pdu_rx_alloc
 .text.ull_rx_put
                0x000000000001c0f4       0x20 zephyr/subsys/bluetooth/controller/libsubsys__bluetooth__controller.a(ull.c.obj)
                0x000000000001c0f4                ull_rx_put
 .text.ull_rx_sched
                0x000000000001c114       0x10 zephyr/subsys/bluetooth/controller/libsubsys__bluetooth__controller.a(ull.c.obj)
                0x000000000001c114                ull_rx_sched
 .text.ull_prepare_enqueue
                0x000000000001c124       0x64 zephyr/subsys/bluetooth/controller/libsubsys__bluetooth__controller.a(ull.c.obj)
                0x000000000001c124                ull_prepare_enqueue
 .text.ull_prepare_dequeue_get
                0x000000000001c188       0x1c zephyr/subsys/bluetooth/controller/libsubsys__bluetooth__controller.a(ull.c.obj)
                0x000000000001c188                ull_prepare_dequeue_get
 .text.ull_prepare_dequeue_iter
                0x000000000001c1a4       0x40 zephyr/subsys/bluetooth/controller/libsubsys__bluetooth__controller.a(ull.c.obj)
                0x000000000001c1a4                ull_prepare_dequeue_iter
 .text.ull_prepare_dequeue
                0x000000000001c1e4       0xb8 zephyr/subsys/bluetooth/controller/libsubsys__bluetooth__controller.a(ull.c.obj)
                0x000000000001c1e4                ull_prepare_dequeue
 .text.ull_event_done_extra_get
                0x000000000001c29c       0x20 zephyr/subsys/bluetooth/controller/libsubsys__bluetooth__controller.a(ull.c.obj)
                0x000000000001c29c                ull_event_done_extra_get
 .text.ull_event_done
                0x000000000001c2bc       0x5c zephyr/subsys/bluetooth/controller/libsubsys__bluetooth__controller.a(ull.c.obj)
                0x000000000001c2bc                ull_event_done
 .text.lll_prepare
                0x000000000001c318       0x14 zephyr/subsys/bluetooth/controller/libsubsys__bluetooth__controller.a(lll_common.c.obj)
                0x000000000001c318                lll_prepare
 .text.lll_resume
                0x000000000001c32c       0x4c zephyr/subsys/bluetooth/controller/libsubsys__bluetooth__controller.a(lll_common.c.obj)
                0x000000000001c32c                lll_resume
 .text.ticker_stop_cb
                0x000000000001c378       0x88 zephyr/subsys/bluetooth/controller/libsubsys__bluetooth__controller.a(ull_adv.c.obj)
 .text.disabled_cb
                0x000000000001c400       0x94 zephyr/subsys/bluetooth/controller/libsubsys__bluetooth__controller.a(ull_adv.c.obj)
 .text.ticker_cb
                0x000000000001c494      0x130 zephyr/subsys/bluetooth/controller/libsubsys__bluetooth__controller.a(ull_adv.c.obj)
 .text.ticker_op_stop_cb
                0x000000000001c5c4       0xbc zephyr/subsys/bluetooth/controller/libsubsys__bluetooth__controller.a(ull_adv.c.obj)
 .text.ticker_op_update_cb
                0x000000000001c680       0x38 zephyr/subsys/bluetooth/controller/libsubsys__bluetooth__controller.a(ull_adv.c.obj)
 .text.init_set.constprop.0
                0x000000000001c6b8       0x54 zephyr/subsys/bluetooth/controller/libsubsys__bluetooth__controller.a(ull_adv.c.obj)
 .text.conn_release.constprop.0
                0x000000000001c70c       0x84 zephyr/subsys/bluetooth/controller/libsubsys__bluetooth__controller.a(ull_adv.c.obj)
 .text.disable.part.0
                0x000000000001c790      0x148 zephyr/subsys/bluetooth/controller/libsubsys__bluetooth__controller.a(ull_adv.c.obj)
 .text.ll_adv_params_set
                0x000000000001c8d8      0x144 zephyr/subsys/bluetooth/controller/libsubsys__bluetooth__controller.a(ull_adv.c.obj)
                0x000000000001c8d8                ll_adv_params_set
 .text.ll_adv_data_set
                0x000000000001ca1c       0x8c zephyr/subsys/bluetooth/controller/libsubsys__bluetooth__controller.a(ull_adv.c.obj)
                0x000000000001ca1c                ll_adv_data_set
 .text.ull_adv_init
                0x000000000001caa8       0x20 zephyr/subsys/bluetooth/controller/libsubsys__bluetooth__controller.a(ull_adv.c.obj)
                0x000000000001caa8                ull_adv_init
 .text.ull_adv_reset
                0x000000000001cac8       0x34 zephyr/subsys/bluetooth/controller/libsubsys__bluetooth__controller.a(ull_adv.c.obj)
                0x000000000001cac8                ull_adv_reset
 .text.ull_adv_reset_finalize
                0x000000000001cafc       0x30 zephyr/subsys/bluetooth/controller/libsubsys__bluetooth__controller.a(ull_adv.c.obj)
                0x000000000001cafc                ull_adv_reset_finalize
 .text.ull_adv_handle_get
                0x000000000001cb2c       0x1c zephyr/subsys/bluetooth/controller/libsubsys__bluetooth__controller.a(ull_adv.c.obj)
                0x000000000001cb2c                ull_adv_handle_get
 .text.ull_adv_lll_handle_get
                0x000000000001cb48       0x1c zephyr/subsys/bluetooth/controller/libsubsys__bluetooth__controller.a(ull_adv.c.obj)
                0x000000000001cb48                ull_adv_lll_handle_get
 .text.ull_adv_is_enabled_get
                0x000000000001cb64       0x1c zephyr/subsys/bluetooth/controller/libsubsys__bluetooth__controller.a(ull_adv.c.obj)
                0x000000000001cb64                ull_adv_is_enabled_get
 .text.ull_adv_is_enabled
                0x000000000001cb80       0x18 zephyr/subsys/bluetooth/controller/libsubsys__bluetooth__controller.a(ull_adv.c.obj)
                0x000000000001cb80                ull_adv_is_enabled
 .text.ull_adv_filter_pol_get
                0x000000000001cb98       0x20 zephyr/subsys/bluetooth/controller/libsubsys__bluetooth__controller.a(ull_adv.c.obj)
                0x000000000001cb98                ull_adv_filter_pol_get
 .text.ull_scan_rsp_set
                0x000000000001cbb8       0x58 zephyr/subsys/bluetooth/controller/libsubsys__bluetooth__controller.a(ull_adv.c.obj)
                0x000000000001cbb8                ull_scan_rsp_set
 .text.ll_adv_scan_rsp_set
                0x000000000001cc10       0x10 zephyr/subsys/bluetooth/controller/libsubsys__bluetooth__controller.a(ull_adv.c.obj)
                0x000000000001cc10                ll_adv_scan_rsp_set
 .text.ull_adv_pdu_update_addrs
                0x000000000001cc20       0x60 zephyr/subsys/bluetooth/controller/libsubsys__bluetooth__controller.a(ull_adv.c.obj)
                0x000000000001cc20                ull_adv_pdu_update_addrs
 .text.init_reset
                0x000000000001cc80       0x7c zephyr/subsys/bluetooth/controller/libsubsys__bluetooth__controller.a(ull_conn.c.obj)
 .text.ctrl_tx_pause_enqueue
                0x000000000001ccfc       0xe8 zephyr/subsys/bluetooth/controller/libsubsys__bluetooth__controller.a(ull_conn.c.obj)
 .text.ticker_op_stop_cb
                0x000000000001cde4       0xdc zephyr/subsys/bluetooth/controller/libsubsys__bluetooth__controller.a(ull_conn.c.obj)
 .text.tx_lll_flush
                0x000000000001cec0       0xf4 zephyr/subsys/bluetooth/controller/libsubsys__bluetooth__controller.a(ull_conn.c.obj)
 .text.ctrl_tx_sec_enqueue
                0x000000000001cfb4       0x84 zephyr/subsys/bluetooth/controller/libsubsys__bluetooth__controller.a(ull_conn.c.obj)
 .text.disabled_cb
                0x000000000001d038       0x40 zephyr/subsys/bluetooth/controller/libsubsys__bluetooth__controller.a(ull_conn.c.obj)
 .text.conn_setup_adv_scan_disabled_cb
                0x000000000001d078       0x40 zephyr/subsys/bluetooth/controller/libsubsys__bluetooth__controller.a(ull_conn.c.obj)
 .text.ticker_start_conn_op_cb
                0x000000000001d0b8       0x58 zephyr/subsys/bluetooth/controller/libsubsys__bluetooth__controller.a(ull_conn.c.obj)
 .text.ticker_stop_conn_op_cb
                0x000000000001d110       0x58 zephyr/subsys/bluetooth/controller/libsubsys__bluetooth__controller.a(ull_conn.c.obj)
 .text.ticker_update_conn_op_cb
                0x000000000001d168       0x40 zephyr/subsys/bluetooth/controller/libsubsys__bluetooth__controller.a(ull_conn.c.obj)
 .text.tx_ull_dequeue
                0x000000000001d1a8       0x7c zephyr/subsys/bluetooth/controller/libsubsys__bluetooth__controller.a(ull_conn.c.obj)
 .text.reject_ext_ind_send
                0x000000000001d224       0xd4 zephyr/subsys/bluetooth/controller/libsubsys__bluetooth__controller.a(ull_conn.c.obj)
 .text.event_len_prep
                0x000000000001d2f8      0x1f0 zephyr/subsys/bluetooth/controller/libsubsys__bluetooth__controller.a(ull_conn.c.obj)
 .text.event_phy_upd_ind_prep
                0x000000000001d4e8      0x378 zephyr/subsys/bluetooth/controller/libsubsys__bluetooth__controller.a(ull_conn.c.obj)
 .text.ll_conn_acquire
                0x000000000001d860        0xc zephyr/subsys/bluetooth/controller/libsubsys__bluetooth__controller.a(ull_conn.c.obj)
                0x000000000001d860                ll_conn_acquire
 .text.ll_conn_release
                0x000000000001d86c        0xc zephyr/subsys/bluetooth/controller/libsubsys__bluetooth__controller.a(ull_conn.c.obj)
                0x000000000001d86c                ll_conn_release
 .text.ll_conn_handle_get
                0x000000000001d878       0x10 zephyr/subsys/bluetooth/controller/libsubsys__bluetooth__controller.a(ull_conn.c.obj)
                0x000000000001d878                ll_conn_handle_get
 .text.ll_conn_get
                0x000000000001d888       0x10 zephyr/subsys/bluetooth/controller/libsubsys__bluetooth__controller.a(ull_conn.c.obj)
                0x000000000001d888                ll_conn_get
 .text.ll_connected_get
                0x000000000001d898       0x24 zephyr/subsys/bluetooth/controller/libsubsys__bluetooth__controller.a(ull_conn.c.obj)
                0x000000000001d898                ll_connected_get
 .text.ll_tx_mem_acquire
                0x000000000001d8bc        0xc zephyr/subsys/bluetooth/controller/libsubsys__bluetooth__controller.a(ull_conn.c.obj)
                0x000000000001d8bc                ll_tx_mem_acquire
 .text.ll_tx_mem_release
                0x000000000001d8c8        0xc zephyr/subsys/bluetooth/controller/libsubsys__bluetooth__controller.a(ull_conn.c.obj)
                0x000000000001d8c8                ll_tx_mem_release
 .text.ll_tx_mem_enqueue
                0x000000000001d8d4       0x98 zephyr/subsys/bluetooth/controller/libsubsys__bluetooth__controller.a(ull_conn.c.obj)
                0x000000000001d8d4                ll_tx_mem_enqueue
 .text.ll_conn_update
                0x000000000001d96c      0x128 zephyr/subsys/bluetooth/controller/libsubsys__bluetooth__controller.a(ull_conn.c.obj)
                0x000000000001d96c                ll_conn_update
 .text.ll_chm_get
                0x000000000001da94       0x40 zephyr/subsys/bluetooth/controller/libsubsys__bluetooth__controller.a(ull_conn.c.obj)
                0x000000000001da94                ll_chm_get
 .text.ll_terminate_ind_send
                0x000000000001dad4       0x94 zephyr/subsys/bluetooth/controller/libsubsys__bluetooth__controller.a(ull_conn.c.obj)
                0x000000000001dad4                ll_terminate_ind_send
 .text.ll_feature_req_send
                0x000000000001db68       0x4c zephyr/subsys/bluetooth/controller/libsubsys__bluetooth__controller.a(ull_conn.c.obj)
                0x000000000001db68                ll_feature_req_send
 .text.ll_version_ind_send
                0x000000000001dbb4       0x4c zephyr/subsys/bluetooth/controller/libsubsys__bluetooth__controller.a(ull_conn.c.obj)
                0x000000000001dbb4                ll_version_ind_send
 .text.ll_length_req_send
                0x000000000001dc00       0xa8 zephyr/subsys/bluetooth/controller/libsubsys__bluetooth__controller.a(ull_conn.c.obj)
                0x000000000001dc00                ll_length_req_send
 .text.ll_length_default_get
                0x000000000001dca8       0x18 zephyr/subsys/bluetooth/controller/libsubsys__bluetooth__controller.a(ull_conn.c.obj)
                0x000000000001dca8                ll_length_default_get
 .text.ll_length_default_set
                0x000000000001dcc0       0x14 zephyr/subsys/bluetooth/controller/libsubsys__bluetooth__controller.a(ull_conn.c.obj)
                0x000000000001dcc0                ll_length_default_set
 .text.ll_length_max_get
                0x000000000001dcd4       0x18 zephyr/subsys/bluetooth/controller/libsubsys__bluetooth__controller.a(ull_conn.c.obj)
                0x000000000001dcd4                ll_length_max_get
 .text.ll_phy_get
                0x000000000001dcec       0x3c zephyr/subsys/bluetooth/controller/libsubsys__bluetooth__controller.a(ull_conn.c.obj)
                0x000000000001dcec                ll_phy_get
 .text.ll_phy_default_set
                0x000000000001dd28       0x14 zephyr/subsys/bluetooth/controller/libsubsys__bluetooth__controller.a(ull_conn.c.obj)
                0x000000000001dd28                ll_phy_default_set
 .text.ll_phy_req_send
                0x000000000001dd3c       0xa4 zephyr/subsys/bluetooth/controller/libsubsys__bluetooth__controller.a(ull_conn.c.obj)
                0x000000000001dd3c                ll_phy_req_send
 .text.ll_apto_get
                0x000000000001dde0       0x48 zephyr/subsys/bluetooth/controller/libsubsys__bluetooth__controller.a(ull_conn.c.obj)
                0x000000000001dde0                ll_apto_get
 .text.ll_apto_set
                0x000000000001de28       0x44 zephyr/subsys/bluetooth/controller/libsubsys__bluetooth__controller.a(ull_conn.c.obj)
                0x000000000001de28                ll_apto_set
 .text.ull_conn_init
                0x000000000001de6c        0x4 zephyr/subsys/bluetooth/controller/libsubsys__bluetooth__controller.a(ull_conn.c.obj)
                0x000000000001de6c                ull_conn_init
 .text.ull_conn_reset
                0x000000000001de70       0x74 zephyr/subsys/bluetooth/controller/libsubsys__bluetooth__controller.a(ull_conn.c.obj)
                0x000000000001de70                ull_conn_reset
 .text.ull_conn_default_tx_octets_get
                0x000000000001dee4        0xc zephyr/subsys/bluetooth/controller/libsubsys__bluetooth__controller.a(ull_conn.c.obj)
                0x000000000001dee4                ull_conn_default_tx_octets_get
 .text.ull_conn_default_tx_time_get
                0x000000000001def0        0xc zephyr/subsys/bluetooth/controller/libsubsys__bluetooth__controller.a(ull_conn.c.obj)
                0x000000000001def0                ull_conn_default_tx_time_get
 .text.ull_conn_default_phy_tx_get
                0x000000000001defc        0xc zephyr/subsys/bluetooth/controller/libsubsys__bluetooth__controller.a(ull_conn.c.obj)
                0x000000000001defc                ull_conn_default_phy_tx_get
 .text.ull_conn_default_phy_rx_get
                0x000000000001df08        0xc zephyr/subsys/bluetooth/controller/libsubsys__bluetooth__controller.a(ull_conn.c.obj)
                0x000000000001df08                ull_conn_default_phy_rx_get
 .text.ull_conn_setup
                0x000000000001df14       0xb8 zephyr/subsys/bluetooth/controller/libsubsys__bluetooth__controller.a(ull_conn.c.obj)
                0x000000000001df14                ull_conn_setup
 .text.ull_conn_rx
                0x000000000001dfcc     0x1758 zephyr/subsys/bluetooth/controller/libsubsys__bluetooth__controller.a(ull_conn.c.obj)
                0x000000000001dfcc                ull_conn_rx
 .text.ull_conn_llcp
                0x000000000001f724     0x164c zephyr/subsys/bluetooth/controller/libsubsys__bluetooth__controller.a(ull_conn.c.obj)
                0x000000000001f724                ull_conn_llcp
 .text.ull_conn_tx_demux
                0x0000000000020d70       0xa0 zephyr/subsys/bluetooth/controller/libsubsys__bluetooth__controller.a(ull_conn.c.obj)
                0x0000000000020d70                ull_conn_tx_demux
 .text.conn_cleanup
                0x0000000000020e10      0x104 zephyr/subsys/bluetooth/controller/libsubsys__bluetooth__controller.a(ull_conn.c.obj)
 .text.ull_conn_done
                0x0000000000020f14      0x30c zephyr/subsys/bluetooth/controller/libsubsys__bluetooth__controller.a(ull_conn.c.obj)
                0x0000000000020f14                ull_conn_done
 .text.ull_conn_tx_lll_enqueue
                0x0000000000021220      0x198 zephyr/subsys/bluetooth/controller/libsubsys__bluetooth__controller.a(ull_conn.c.obj)
                0x0000000000021220                ull_conn_tx_lll_enqueue
 .text.tx_demux
                0x00000000000213b8       0x18 zephyr/subsys/bluetooth/controller/libsubsys__bluetooth__controller.a(ull_conn.c.obj)
 .text.ull_conn_link_tx_release
                0x00000000000213d0        0xc zephyr/subsys/bluetooth/controller/libsubsys__bluetooth__controller.a(ull_conn.c.obj)
                0x00000000000213d0                ull_conn_link_tx_release
 .text.ull_conn_ack_last_idx_get
                0x00000000000213dc        0xc zephyr/subsys/bluetooth/controller/libsubsys__bluetooth__controller.a(ull_conn.c.obj)
                0x00000000000213dc                ull_conn_ack_last_idx_get
 .text.ull_conn_ack_peek
                0x00000000000213e8       0x38 zephyr/subsys/bluetooth/controller/libsubsys__bluetooth__controller.a(ull_conn.c.obj)
                0x00000000000213e8                ull_conn_ack_peek
 .text.ull_conn_ack_by_last_peek
                0x0000000000021420       0x38 zephyr/subsys/bluetooth/controller/libsubsys__bluetooth__controller.a(ull_conn.c.obj)
                0x0000000000021420                ull_conn_ack_by_last_peek
 .text.ull_conn_ack_dequeue
                0x0000000000021458       0x2c zephyr/subsys/bluetooth/controller/libsubsys__bluetooth__controller.a(ull_conn.c.obj)
                0x0000000000021458                ull_conn_ack_dequeue
 .text.ull_conn_lll_ack_enqueue
                0x0000000000021484       0x68 zephyr/subsys/bluetooth/controller/libsubsys__bluetooth__controller.a(ull_conn.c.obj)
                0x0000000000021484                ull_conn_lll_ack_enqueue
 .text.ull_conn_tx_ack
                0x00000000000214ec      0x270 zephyr/subsys/bluetooth/controller/libsubsys__bluetooth__controller.a(ull_conn.c.obj)
                0x00000000000214ec                ull_conn_tx_ack
 .text.ull_conn_lll_max_tx_octets_get
                0x000000000002175c       0x30 zephyr/subsys/bluetooth/controller/libsubsys__bluetooth__controller.a(ull_conn.c.obj)
                0x000000000002175c                ull_conn_lll_max_tx_octets_get
 .text.ticker_update_latency_cancel_op_cb
                0x000000000002178c       0x48 zephyr/subsys/bluetooth/controller/libsubsys__bluetooth__controller.a(ull_slave.c.obj)
 .text.ticker_op_cb
                0x00000000000217d4       0x30 zephyr/subsys/bluetooth/controller/libsubsys__bluetooth__controller.a(ull_slave.c.obj)
 .text.ticker_op_stop_adv_cb
                0x0000000000021804       0x3c zephyr/subsys/bluetooth/controller/libsubsys__bluetooth__controller.a(ull_slave.c.obj)
 .text.ull_slave_ticker_cb
                0x0000000000021840       0xb4 zephyr/subsys/bluetooth/controller/libsubsys__bluetooth__controller.a(ull_slave.c.obj)
                0x0000000000021840                ull_slave_ticker_cb
 .text.ull_slave_latency_cancel
                0x00000000000218f4       0x70 zephyr/subsys/bluetooth/controller/libsubsys__bluetooth__controller.a(ull_slave.c.obj)
                0x00000000000218f4                ull_slave_latency_cancel
 .text.ll_start_enc_req_send
                0x0000000000021964       0x94 zephyr/subsys/bluetooth/controller/libsubsys__bluetooth__controller.a(ull_slave.c.obj)
                0x0000000000021964                ll_start_enc_req_send
 .text.lll_chan_sel_1
                0x00000000000219f8       0x80 zephyr/subsys/bluetooth/controller/libsubsys__bluetooth__controller.a(lll_chan.c.obj)
                0x00000000000219f8                lll_chan_sel_1
 .text.lll_chan_id
                0x0000000000021a78        0x8 zephyr/subsys/bluetooth/controller/libsubsys__bluetooth__controller.a(lll_chan.c.obj)
                0x0000000000021a78                lll_chan_id
 .text.lll_chan_sel_2
                0x0000000000021a80       0xcc zephyr/subsys/bluetooth/controller/libsubsys__bluetooth__controller.a(lll_chan.c.obj)
                0x0000000000021a80                lll_chan_sel_2
 .text.rl_update
                0x0000000000021b4c       0x70 zephyr/subsys/bluetooth/controller/libsubsys__bluetooth__controller.a(ull_filter.c.obj)
 .text.wl_update
                0x0000000000021bbc       0x98 zephyr/subsys/bluetooth/controller/libsubsys__bluetooth__controller.a(ull_filter.c.obj)
 .text.ll_wl_size_get
                0x0000000000021c54        0x4 zephyr/subsys/bluetooth/controller/libsubsys__bluetooth__controller.a(ull_filter.c.obj)
                0x0000000000021c54                ll_wl_size_get
 .text.ll_wl_clear
                0x0000000000021c58       0x54 zephyr/subsys/bluetooth/controller/libsubsys__bluetooth__controller.a(ull_filter.c.obj)
                0x0000000000021c58                ll_wl_clear
 .text.ll_wl_add
                0x0000000000021cac      0x140 zephyr/subsys/bluetooth/controller/libsubsys__bluetooth__controller.a(ull_filter.c.obj)
                0x0000000000021cac                ll_wl_add
 .text.ll_wl_remove
                0x0000000000021dec       0x9c zephyr/subsys/bluetooth/controller/libsubsys__bluetooth__controller.a(ull_filter.c.obj)
                0x0000000000021dec                ll_wl_remove
 .text.ll_rl_id_addr_get
                0x0000000000021e88       0x88 zephyr/subsys/bluetooth/controller/libsubsys__bluetooth__controller.a(ull_filter.c.obj)
                0x0000000000021e88                ll_rl_id_addr_get
 .text.ll_rl_size_get
                0x0000000000021f10        0x4 zephyr/subsys/bluetooth/controller/libsubsys__bluetooth__controller.a(ull_filter.c.obj)
                0x0000000000021f10                ll_rl_size_get
 .text.ll_rl_clear
                0x0000000000021f14       0x7c zephyr/subsys/bluetooth/controller/libsubsys__bluetooth__controller.a(ull_filter.c.obj)
                0x0000000000021f14                ll_rl_clear
 .text.ll_rl_remove
                0x0000000000021f90      0x164 zephyr/subsys/bluetooth/controller/libsubsys__bluetooth__controller.a(ull_filter.c.obj)
                0x0000000000021f90                ll_rl_remove
 .text.ll_rl_crpa_set
                0x00000000000220f4       0x8c zephyr/subsys/bluetooth/controller/libsubsys__bluetooth__controller.a(ull_filter.c.obj)
                0x00000000000220f4                ll_rl_crpa_set
 .text.ll_rl_crpa_get
                0x0000000000022180       0x74 zephyr/subsys/bluetooth/controller/libsubsys__bluetooth__controller.a(ull_filter.c.obj)
                0x0000000000022180                ll_rl_crpa_get
 .text.ll_rl_lrpa_get
                0x00000000000221f4       0x64 zephyr/subsys/bluetooth/controller/libsubsys__bluetooth__controller.a(ull_filter.c.obj)
                0x00000000000221f4                ll_rl_lrpa_get
 .text.ll_rl_enable
                0x0000000000022258       0x2c zephyr/subsys/bluetooth/controller/libsubsys__bluetooth__controller.a(ull_filter.c.obj)
                0x0000000000022258                ll_rl_enable
 .text.ll_rl_timeout_set
                0x0000000000022284       0x14 zephyr/subsys/bluetooth/controller/libsubsys__bluetooth__controller.a(ull_filter.c.obj)
                0x0000000000022284                ll_rl_timeout_set
 .text.ll_priv_mode_set
                0x0000000000022298       0x8c zephyr/subsys/bluetooth/controller/libsubsys__bluetooth__controller.a(ull_filter.c.obj)
                0x0000000000022298                ll_priv_mode_set
 .text.ull_filter_adv_scan_state_cb
                0x0000000000022324       0x3c zephyr/subsys/bluetooth/controller/libsubsys__bluetooth__controller.a(ull_filter.c.obj)
                0x0000000000022324                ull_filter_adv_scan_state_cb
 .text.ull_filter_adv_update
                0x0000000000022360       0x34 zephyr/subsys/bluetooth/controller/libsubsys__bluetooth__controller.a(ull_filter.c.obj)
                0x0000000000022360                ull_filter_adv_update
 .text.ull_filter_rpa_update
                0x0000000000022394      0x1dc zephyr/subsys/bluetooth/controller/libsubsys__bluetooth__controller.a(ull_filter.c.obj)
                0x0000000000022394                ull_filter_rpa_update
 .text.rpa_timeout
                0x0000000000022570       0x3c zephyr/subsys/bluetooth/controller/libsubsys__bluetooth__controller.a(ull_filter.c.obj)
 .text.ull_filter_adva_get
                0x00000000000225ac       0x5c zephyr/subsys/bluetooth/controller/libsubsys__bluetooth__controller.a(ull_filter.c.obj)
                0x00000000000225ac                ull_filter_adva_get
 .text.ull_filter_tgta_get
                0x0000000000022608       0x2c zephyr/subsys/bluetooth/controller/libsubsys__bluetooth__controller.a(ull_filter.c.obj)
                0x0000000000022608                ull_filter_tgta_get
 .text.ull_filter_rl_find
                0x0000000000022634       0x80 zephyr/subsys/bluetooth/controller/libsubsys__bluetooth__controller.a(ull_filter.c.obj)
                0x0000000000022634                ull_filter_rl_find
 .text.ll_rl_add
                0x00000000000226b4      0x1b4 zephyr/subsys/bluetooth/controller/libsubsys__bluetooth__controller.a(ull_filter.c.obj)
                0x00000000000226b4                ll_rl_add
 .text.ull_filter_reset
                0x0000000000022868       0xf0 zephyr/subsys/bluetooth/controller/libsubsys__bluetooth__controller.a(ull_filter.c.obj)
                0x0000000000022868                ull_filter_reset
 .text.ull_filter_lll_lrpa_used
                0x0000000000022958       0x1c zephyr/subsys/bluetooth/controller/libsubsys__bluetooth__controller.a(ull_filter.c.obj)
                0x0000000000022958                ull_filter_lll_lrpa_used
 .text.ull_filter_lll_irks_get
                0x0000000000022974       0x14 zephyr/subsys/bluetooth/controller/libsubsys__bluetooth__controller.a(ull_filter.c.obj)
                0x0000000000022974                ull_filter_lll_irks_get
 .text.ull_filter_lll_rl_irk_idx
                0x0000000000022988       0xa4 zephyr/subsys/bluetooth/controller/libsubsys__bluetooth__controller.a(ull_filter.c.obj)
                0x0000000000022988                ull_filter_lll_rl_irk_idx
 .text.ull_filter_lll_irk_whitelisted
                0x0000000000022a2c       0x60 zephyr/subsys/bluetooth/controller/libsubsys__bluetooth__controller.a(ull_filter.c.obj)
                0x0000000000022a2c                ull_filter_lll_irk_whitelisted
 .text.ull_filter_lll_get
                0x0000000000022a8c       0x18 zephyr/subsys/bluetooth/controller/libsubsys__bluetooth__controller.a(ull_filter.c.obj)
                0x0000000000022a8c                ull_filter_lll_get
 .text.ull_filter_lll_rl_addr_allowed
                0x0000000000022aa4       0x74 zephyr/subsys/bluetooth/controller/libsubsys__bluetooth__controller.a(ull_filter.c.obj)
                0x0000000000022aa4                ull_filter_lll_rl_addr_allowed
 .text.ull_filter_lll_rl_enabled
                0x0000000000022b18       0x10 zephyr/subsys/bluetooth/controller/libsubsys__bluetooth__controller.a(ull_filter.c.obj)
                0x0000000000022b18                ull_filter_lll_rl_enabled
 .text.radio_nrf5_isr
                0x0000000000022b28       0x20 zephyr/subsys/bluetooth/controller/libsubsys__bluetooth__controller.a(lll.c.obj)
                0x0000000000022b28                radio_nrf5_isr
 .text.rtc0_nrf5_isr
                0x0000000000022b48       0x2c zephyr/subsys/bluetooth/controller/libsubsys__bluetooth__controller.a(lll.c.obj)
 .text.swi_lll_nrf5_isr
                0x0000000000022b74        0x8 zephyr/subsys/bluetooth/controller/libsubsys__bluetooth__controller.a(lll.c.obj)
 .text.isr_race
                0x0000000000022b7c        0x4 zephyr/subsys/bluetooth/controller/libsubsys__bluetooth__controller.a(lll.c.obj)
 .text.ticker_stop_op_cb
                0x0000000000022b80       0x30 zephyr/subsys/bluetooth/controller/libsubsys__bluetooth__controller.a(lll.c.obj)
 .text.ticker_start_op_cb
                0x0000000000022bb0       0x30 zephyr/subsys/bluetooth/controller/libsubsys__bluetooth__controller.a(lll.c.obj)
 .text.preempt_ticker_cb
                0x0000000000022be0       0x44 zephyr/subsys/bluetooth/controller/libsubsys__bluetooth__controller.a(lll.c.obj)
 .text.preempt_ticker_start.constprop.0
                0x0000000000022c24       0x48 zephyr/subsys/bluetooth/controller/libsubsys__bluetooth__controller.a(lll.c.obj)
 .text.preempt  0x0000000000022c6c      0x144 zephyr/subsys/bluetooth/controller/libsubsys__bluetooth__controller.a(lll.c.obj)
 .text.lll_init
                0x0000000000022db0       0x68 zephyr/subsys/bluetooth/controller/libsubsys__bluetooth__controller.a(lll.c.obj)
                0x0000000000022db0                lll_init
 .text.lll_csrand_get
                0x0000000000022e18       0x1c zephyr/subsys/bluetooth/controller/libsubsys__bluetooth__controller.a(lll.c.obj)
                0x0000000000022e18                lll_csrand_get
 .text.lll_csrand_isr_get
                0x0000000000022e34       0x28 zephyr/subsys/bluetooth/controller/libsubsys__bluetooth__controller.a(lll.c.obj)
                0x0000000000022e34                lll_csrand_isr_get
 .text.lll_rand_isr_get
                0x0000000000022e5c       0x28 zephyr/subsys/bluetooth/controller/libsubsys__bluetooth__controller.a(lll.c.obj)
                0x0000000000022e5c                lll_rand_isr_get
 .text.lll_reset
                0x0000000000022e84        0x4 zephyr/subsys/bluetooth/controller/libsubsys__bluetooth__controller.a(lll.c.obj)
                0x0000000000022e84                lll_reset
 .text.lll_disable
                0x0000000000022e88       0xb0 zephyr/subsys/bluetooth/controller/libsubsys__bluetooth__controller.a(lll.c.obj)
                0x0000000000022e88                lll_disable
 .text.lll_prepare_done
                0x0000000000022f38        0x4 zephyr/subsys/bluetooth/controller/libsubsys__bluetooth__controller.a(lll.c.obj)
                0x0000000000022f38                lll_prepare_done
 .text.lll_done
                0x0000000000022f3c       0xa4 zephyr/subsys/bluetooth/controller/libsubsys__bluetooth__controller.a(lll.c.obj)
                0x0000000000022f3c                lll_done
 .text.lll_is_abort_cb
                0x0000000000022fe0        0x8 zephyr/subsys/bluetooth/controller/libsubsys__bluetooth__controller.a(lll.c.obj)
                0x0000000000022fe0                lll_is_abort_cb
 .text.lll_event_offset_get
                0x0000000000022fe8       0x14 zephyr/subsys/bluetooth/controller/libsubsys__bluetooth__controller.a(lll.c.obj)
                0x0000000000022fe8                lll_event_offset_get
 .text.lll_preempt_calc
                0x0000000000022ffc       0x20 zephyr/subsys/bluetooth/controller/libsubsys__bluetooth__controller.a(lll.c.obj)
                0x0000000000022ffc                lll_preempt_calc
 .text.lll_chan_set
                0x000000000002301c       0x84 zephyr/subsys/bluetooth/controller/libsubsys__bluetooth__controller.a(lll.c.obj)
                0x000000000002301c                lll_chan_set
 .text.lll_radio_rx_ready_delay_get
                0x00000000000230a0        0x4 zephyr/subsys/bluetooth/controller/libsubsys__bluetooth__controller.a(lll.c.obj)
                0x00000000000230a0                lll_radio_rx_ready_delay_get
 .text.lll_isr_tx_status_reset
                0x00000000000230a4       0x10 zephyr/subsys/bluetooth/controller/libsubsys__bluetooth__controller.a(lll.c.obj)
                0x00000000000230a4                lll_isr_tx_status_reset
 .text.lll_isr_rx_status_reset