Archive member included to satisfy reference by file (symbol)

app/libapp.a(ble_led.c.obj)   (--whole-archive)
app/libapp.a(main.c.obj)      (--whole-archive)
zephyr/libzephyr.a(cbprintf.c.obj)
                              (--whole-archive)
zephyr/libzephyr.a(cbprintf_packaged.c.obj)
                              (--whole-archive)
zephyr/libzephyr.a(crc32c_sw.c.obj)
                              (--whole-archive)
zephyr/libzephyr.a(crc32_sw.c.obj)
                              (--whole-archive)
zephyr/libzephyr.a(crc16_sw.c.obj)
                              (--whole-archive)
zephyr/libzephyr.a(crc8_sw.c.obj)
                              (--whole-archive)
zephyr/libzephyr.a(crc7_sw.c.obj)
                              (--whole-archive)
zephyr/libzephyr.a(dec.c.obj)
                              (--whole-archive)
zephyr/libzephyr.a(fdtable.c.obj)
                              (--whole-archive)
zephyr/libzephyr.a(hex.c.obj)
                              (--whole-archive)
zephyr/libzephyr.a(notify.c.obj)
                              (--whole-archive)
zephyr/libzephyr.a(printk.c.obj)
                              (--whole-archive)
zephyr/libzephyr.a(onoff.c.obj)
                              (--whole-archive)
zephyr/libzephyr.a(rb.c.obj)  (--whole-archive)
zephyr/libzephyr.a(sem.c.obj)
                              (--whole-archive)
zephyr/libzephyr.a(thread_entry.c.obj)
                              (--whole-archive)
zephyr/libzephyr.a(timeutil.c.obj)
                              (--whole-archive)
zephyr/libzephyr.a(heap.c.obj)
                              (--whole-archive)
zephyr/libzephyr.a(heap-validate.c.obj)
                              (--whole-archive)
zephyr/libzephyr.a(bitarray.c.obj)
                              (--whole-archive)
zephyr/libzephyr.a(cbprintf_complete.c.obj)
                              (--whole-archive)
zephyr/libzephyr.a(mpsc_pbuf.c.obj)
                              (--whole-archive)
zephyr/libzephyr.a(configs.c.obj)
                              (--whole-archive)
zephyr/libzephyr.a(soc_nrf_common.S.obj)
                              (--whole-archive)
zephyr/libzephyr.a(validate_base_addresses.c.obj)
                              (--whole-archive)
zephyr/libzephyr.a(validate_enabled_instances.c.obj)
                              (--whole-archive)
zephyr/libzephyr.a(log_list.c.obj)
                              (--whole-archive)
zephyr/libzephyr.a(log_core.c.obj)
                              (--whole-archive)
zephyr/libzephyr.a(log_msg.c.obj)
                              (--whole-archive)
zephyr/libzephyr.a(log_output.c.obj)
                              (--whole-archive)
zephyr/libzephyr.a(log_backend_uart.c.obj)
                              (--whole-archive)
zephyr/libzephyr.a(log_backend_rtt.c.obj)
                              (--whole-archive)
zephyr/libzephyr.a(dis.c.obj)
                              (--whole-archive)
zephyr/libzephyr.a(addr_utils.c.obj)
                              (--whole-archive)
zephyr/libzephyr.a(power.c.obj)
                              (--whole-archive)
zephyr/libzephyr.a(pm_ctrl.c.obj)
                              (--whole-archive)
zephyr/libzephyr.a(policy_residency.c.obj)
                              (--whole-archive)
zephyr/libzephyr.a(tracing_none.c.obj)
                              (--whole-archive)
zephyr/libzephyr.a(uart_console.c.obj)
                              (--whole-archive)
zephyr/libzephyr.a(clock_control_nrf.c.obj)
                              (--whole-archive)
zephyr/libzephyr.a(sys_clock_init.c.obj)
                              (--whole-archive)
zephyr/libzephyr.a(nrf_rtc_timer.c.obj)
                              (--whole-archive)
zephyr/libzephyr.a(utils.c.obj)
                              (--whole-archive)
zephyr/libzephyr.a(ecc_dh.c.obj)
                              (--whole-archive)
zephyr/libzephyr.a(ecc.c.obj)
                              (--whole-archive)
zephyr/libzephyr.a(aes_decrypt.c.obj)
                              (--whole-archive)
zephyr/libzephyr.a(aes_encrypt.c.obj)
                              (--whole-archive)
zephyr/libzephyr.a(cmac_mode.c.obj)
                              (--whole-archive)
zephyr/arch/common/libarch__common.a(sw_isr_common.c.obj)
                              (--whole-archive)
zephyr/arch/arch/arm/core/aarch32/libarch__arm__core__aarch32.a(cpu_idle.S.obj)
                              (--whole-archive)
zephyr/arch/arch/arm/core/aarch32/libarch__arm__core__aarch32.a(fatal.c.obj)
                              (--whole-archive)
zephyr/arch/arch/arm/core/aarch32/libarch__arm__core__aarch32.a(irq_manage.c.obj)
                              (--whole-archive)
zephyr/arch/arch/arm/core/aarch32/libarch__arm__core__aarch32.a(nmi.c.obj)
                              (--whole-archive)
zephyr/arch/arch/arm/core/aarch32/libarch__arm__core__aarch32.a(nmi_on_reset.S.obj)
                              (--whole-archive)
[...]
Memory Configuration

Name             Origin             Length             Attributes
FLASH            0x0000000000000000 0x0000000000100000 xr
SRAM             0x0000000020000000 0x0000000000040000 xw
IDT_LIST         0x0000000020040000 0x0000000000000800 xw
*default*        0x0000000000000000 0xffffffffffffffff

Linker script and memory map

LOAD zephyr/CMakeFiles/zephyr_final.dir/misc/empty_file.c.obj
LOAD zephyr/CMakeFiles/zephyr_final.dir/isr_tables.c.obj
LOAD zephyr/CMakeFiles/zephyr_final.dir/dev_handles.c.obj
                0x0000000000000020                _region_min_align = 0x20

.rel.plt        0x0000000000000000        0x0
 *(SORT_BY_ALIGNMENT(.rel.plt))
                [!provide]                        PROVIDE (__rel_iplt_start = .)
 *(SORT_BY_ALIGNMENT(.rel.iplt))
 .rel.iplt      0x0000000000000000        0x0 zephyr/CMakeFiles/zephyr_final.dir/isr_tables.c.obj
                [!provide]                        PROVIDE (__rel_iplt_end = .)

.rela.plt       0x0000000000000000        0x0
 *(SORT_BY_ALIGNMENT(.rela.plt))
                [!provide]                        PROVIDE (__rela_iplt_start = .)
 *(SORT_BY_ALIGNMENT(.rela.iplt))
                [!provide]                        PROVIDE (__rela_iplt_end = .)

.rel.dyn
 *(SORT_BY_ALIGNMENT(.rel.*))

.rela.dyn
 *(SORT_BY_ALIGNMENT(.rela.*))

/DISCARD/
 *(SORT_BY_ALIGNMENT(.plt))
 *(SORT_BY_ALIGNMENT(.iplt))
 *(SORT_BY_ALIGNMENT(.got.plt))
 *(SORT_BY_ALIGNMENT(.igot.plt))
 *(SORT_BY_ALIGNMENT(.got))
 *(SORT_BY_ALIGNMENT(.igot))
 *(SORT_BY_ALIGNMENT(.irq_info*))
 *(SORT_BY_ALIGNMENT(.intList*))
 *(SORT_BY_ALIGNMENT(.note.GNU-stack))
                0x0000000000000000                _image_rom_start = 0x0

rom_start       0x0000000000000000      0x100
                0x0000000000000000                . = 0x0
                0x0000000000000000                . = ALIGN (0x4)
                0x0000000000000000                . = ALIGN (0x80)
                0x0000000000000000                . = ALIGN (0x100)
                0x0000000000000000                _vector_start = .
 *(SORT_BY_ALIGNMENT(.exc_vector_table))
 *(SORT_BY_ALIGNMENT(.exc_vector_table.*))
 .exc_vector_table._vector_table_section
                0x0000000000000000       0x40 zephyr/arch/arch/arm/core/aarch32/cortex_m/libarch__arm__core__aarch32__cortex_m.a(vector_table.S.obj)
                0x0000000000000000                _vector_table
 *(SORT_BY_ALIGNMENT(.gnu.linkonce.irq_vector_table*))
 .gnu.linkonce.irq_vector_table
                0x0000000000000040       0xc0 zephyr/CMakeFiles/zephyr_final.dir/isr_tables.c.obj
                0x0000000000000040                _irq_vector_table
 *(SORT_BY_ALIGNMENT(.vectors))
                0x0000000000000100                _vector_end = .

text            0x0000000000000100    0x20a14
                0x0000000000000100                _image_text_start = .
 *(SORT_BY_ALIGNMENT(.text))
 .text          0x0000000000000100       0x30 /Applications/ARM/bin/../lib/gcc/arm-none-eabi/10.2.1/thumb/v7e-m/nofp/libgcc.a(_aeabi_uldivmod.o)
                0x0000000000000100                __aeabi_uldivmod
 .text          0x0000000000000130      0x2d0 /Applications/ARM/bin/../lib/gcc/arm-none-eabi/10.2.1/thumb/v7e-m/nofp/libgcc.a(_udivmoddi4.o)
                0x0000000000000130                __udivmoddi4
 .text          0x0000000000000400        0x4 /Applications/ARM/bin/../lib/gcc/arm-none-eabi/10.2.1/thumb/v7e-m/nofp/libgcc.a(_dvmd_tls.o)
                0x0000000000000400                __aeabi_ldiv0
                0x0000000000000400                __aeabi_idiv0
 *(SORT_BY_ALIGNMENT(.text.*))
 *fill*         0x0000000000000404        0x4 
 .text.bt_init  0x0000000000000408      0x494 zephyr/subsys/bluetooth/host/libsubsys__bluetooth__host.a(hci_core.c.obj)
 *fill*         0x000000000000089c        0x4 
 .text.ull_drift_ticks_get
                0x00000000000008a0       0x8c zephyr/subsys/bluetooth/controller/libsubsys__bluetooth__controller.a(ull.c.obj)
                0x00000000000008a0                ull_drift_ticks_get
 *fill*         0x000000000000092c        0x4 
 .text.ll_adv_enable
                0x0000000000000930      0x458 zephyr/subsys/bluetooth/controller/libsubsys__bluetooth__controller.a(ull_adv.c.obj)
                0x0000000000000930                ll_adv_enable
 .text.ull_adv_time_update
                0x0000000000000d88       0xb0 zephyr/subsys/bluetooth/controller/libsubsys__bluetooth__controller.a(ull_adv.c.obj)
                0x0000000000000d88                ull_adv_time_update
 .text.event_conn_upd_prep
                0x0000000000000e38      0x55c zephyr/subsys/bluetooth/controller/libsubsys__bluetooth__controller.a(ull_conn.c.obj)
 *fill*         0x0000000000001394        0x4 
 .text.ull_slave_setup
                0x0000000000001398      0x458 zephyr/subsys/bluetooth/controller/libsubsys__bluetooth__controller.a(ull_slave.c.obj)
                0x0000000000001398                ull_slave_setup
 .text.config_leds
                0x00000000000017f0       0x64 app/libapp.a(ble_led.c.obj)
                0x00000000000017f0                config_leds
 .text.set_led  0x0000000000001854       0x30 app/libapp.a(ble_led.c.obj)
                0x0000000000001854                set_led
 .text.custom_ccc_cfg_changed
                0x0000000000001884       0x20 app/libapp.a(main.c.obj)
 .text.mtu_updated
                0x00000000000018a4        0xc app/libapp.a(main.c.obj)
                0x00000000000018a4                mtu_updated
 .text.data_len_updated
                0x00000000000018b0       0x38 app/libapp.a(main.c.obj)
 .text.phy_updated
                0x00000000000018e8       0x20 app/libapp.a(main.c.obj)
 .text.param_update
                0x0000000000001908       0x2c app/libapp.a(main.c.obj)
 .text.param_req
                0x0000000000001934       0x38 app/libapp.a(main.c.obj)
 .text.write_custom
                0x000000000000196c       0x40 app/libapp.a(main.c.obj)
 .text.read_custom
                0x00000000000019ac       0x38 app/libapp.a(main.c.obj)
 .text.disconnected
                0x00000000000019e4       0x18 app/libapp.a(main.c.obj)
 .text.connected
                0x00000000000019fc       0x68 app/libapp.a(main.c.obj)
 .text.main     0x0000000000001a64      0x100 app/libapp.a(main.c.obj)
                0x0000000000001a64                main
 .text.char_out
                0x0000000000001b64       0x10 zephyr/libzephyr.a(printk.c.obj)
 .text.__printk_hook_install
                0x0000000000001b74        0xc zephyr/libzephyr.a(printk.c.obj)
                0x0000000000001b74                __printk_hook_install
 .text.vprintk  0x0000000000001b80       0x1c zephyr/libzephyr.a(printk.c.obj)
                0x0000000000001b80                vprintk
 .text.vsnprintk
                0x0000000000001b9c       0x28 zephyr/libzephyr.a(printk.c.obj)
                0x0000000000001b9c                vsnprintk
 .text.process_event
                0x0000000000001bc4      0x1c0 zephyr/libzephyr.a(onoff.c.obj)
 .text.cbvprintf
                0x0000000000001d84      0x784 zephyr/libzephyr.a(cbprintf_complete.c.obj)
                0x0000000000001d84                cbvprintf
 .text.enable_logger
                0x0000000000002508       0x5c zephyr/libzephyr.a(log_core.c.obj)
 .text.log_process_thread_timer_expiry_fn
                0x0000000000002564        0xc zephyr/libzephyr.a(log_core.c.obj)
 .text.log_core_init
                0x0000000000002570       0x48 zephyr/libzephyr.a(log_core.c.obj)
                0x0000000000002570                log_core_init
 .text.get_msg  0x00000000000025b8       0x28 zephyr/libzephyr.a(log_core.c.obj)
                0x00000000000025b8                get_msg
 .text.z_log_dropped
                0x00000000000025e0       0x20 zephyr/libzephyr.a(log_core.c.obj)
                0x00000000000025e0                z_log_dropped
 .text.z_log_dropped_read_and_clear
                0x0000000000002600       0x20 zephyr/libzephyr.a(log_core.c.obj)
                0x0000000000002600                z_log_dropped_read_and_clear
 .text.dropped_notify
                0x0000000000002620       0x38 zephyr/libzephyr.a(log_core.c.obj)
                0x0000000000002620                dropped_notify
 .text.log_source_name_get
                0x0000000000002658       0x1c zephyr/libzephyr.a(log_core.c.obj)
                0x0000000000002658                log_source_name_get
 .text.log_backend_enable
                0x0000000000002674       0x34 zephyr/libzephyr.a(log_core.c.obj)
                0x0000000000002674                log_backend_enable
 .text.log_init
                0x00000000000026a8       0x58 zephyr/libzephyr.a(log_core.c.obj)
                0x00000000000026a8                log_init
 .text.z_log_strdup
                0x0000000000002700       0x6c zephyr/libzephyr.a(log_core.c.obj)
                0x0000000000002700                z_log_strdup
 .text.log_is_strdup
                0x000000000000276c       0x20 zephyr/libzephyr.a(log_core.c.obj)
                0x000000000000276c                log_is_strdup
 .text.z_impl_log_process
                0x000000000000278c      0x15c zephyr/libzephyr.a(log_core.c.obj)
                0x000000000000278c                z_impl_log_process
 .text.log_process_thread_func
                0x00000000000028e8       0x48 zephyr/libzephyr.a(log_core.c.obj)
 .text.msg_finalize
                0x0000000000002930       0xc4 zephyr/libzephyr.a(log_core.c.obj)
 .text.z_impl_log_panic
                0x00000000000029f4       0x48 zephyr/libzephyr.a(log_core.c.obj)
                0x00000000000029f4                z_impl_log_panic
 .text.log_free
                0x0000000000002a3c       0x34 zephyr/libzephyr.a(log_core.c.obj)
                0x0000000000002a3c                log_free
 .text.log_msg_pool_init
                0x0000000000002a70       0x14 zephyr/libzephyr.a(log_msg.c.obj)
                0x0000000000002a70                log_msg_pool_init
 .text.log_msg_no_space_handle
                0x0000000000002a84       0x30 zephyr/libzephyr.a(log_msg.c.obj)
                0x0000000000002a84                log_msg_no_space_handle
 .text.log_msg_chunk_alloc
                0x0000000000002ab4       0x28 zephyr/libzephyr.a(log_msg.c.obj)
                0x0000000000002ab4                log_msg_chunk_alloc
 .text.msg_free
                0x0000000000002adc       0x7c zephyr/libzephyr.a(log_msg.c.obj)
 .text.print_formatted
                0x0000000000002b58       0x24 zephyr/libzephyr.a(log_output.c.obj)
 .text.hexdump_line_print
                0x0000000000002b7c       0xdc zephyr/libzephyr.a(log_output.c.obj)
 .text.prefix_print
                0x0000000000002c58      0x124 zephyr/libzephyr.a(log_output.c.obj)
 .text.postfix_print
                0x0000000000002d7c       0x3c zephyr/libzephyr.a(log_output.c.obj)
 .text.log_output_msg_process
                0x0000000000002db8       0xf8 zephyr/libzephyr.a(log_output.c.obj)
                0x0000000000002db8                log_output_msg_process
 .text.log_output_dropped_process
                0x0000000000002eb0       0x58 zephyr/libzephyr.a(log_output.c.obj)
                0x0000000000002eb0                log_output_dropped_process
 .text.log_output_timestamp_freq_set
                0x0000000000002f08       0x30 zephyr/libzephyr.a(log_output.c.obj)
                0x0000000000002f08                log_output_timestamp_freq_set
 .text.char_out
                0x0000000000002f38       0x24 zephyr/libzephyr.a(log_backend_uart.c.obj)
 .text.panic    0x0000000000002f5c        0xc zephyr/libzephyr.a(log_backend_uart.c.obj)
 .text.dropped  0x0000000000002f68        0xc zephyr/libzephyr.a(log_backend_uart.c.obj)
 .text.log_backend_uart_init
                0x0000000000002f74       0x18 zephyr/libzephyr.a(log_backend_uart.c.obj)
 .text.put      0x0000000000002f8c       0x24 zephyr/libzephyr.a(log_backend_uart.c.obj)
 .text.log_backend_rtt_init
                0x0000000000002fb0        0xc zephyr/libzephyr.a(log_backend_rtt.c.obj)
 .text.panic    0x0000000000002fbc       0x14 zephyr/libzephyr.a(log_backend_rtt.c.obj)
 .text.dropped  0x0000000000002fd0        0xc zephyr/libzephyr.a(log_backend_rtt.c.obj)
 .text.put      0x0000000000002fdc       0x24 zephyr/libzephyr.a(log_backend_rtt.c.obj)
 .text.on_failed_write.part.0
                0x0000000000003000       0x1c zephyr/libzephyr.a(log_backend_rtt.c.obj)
 .text.data_out_block_mode
                0x000000000000301c       0xa0 zephyr/libzephyr.a(log_backend_rtt.c.obj)
 .text.read_pnp_id
                0x00000000000030bc       0x1c zephyr/libzephyr.a(dis.c.obj)
 .text.pm_state_notify
                0x00000000000030d8       0x44 zephyr/libzephyr.a(power.c.obj)
 .text.pm_system_resume
                0x000000000000311c       0x4c zephyr/libzephyr.a(power.c.obj)
                0x000000000000311c                pm_system_resume
 .text.pm_system_suspend
                0x0000000000003168       0x88 zephyr/libzephyr.a(power.c.obj)
                0x0000000000003168                pm_system_suspend
 .text.uart_console_init
                0x00000000000031f0       0x2c zephyr/libzephyr.a(uart_console.c.obj)
 .text.console_out
                0x000000000000321c       0x28 zephyr/libzephyr.a(uart_console.c.obj)
 .text.onoff_stop
                0x0000000000003244       0x30 zephyr/libzephyr.a(clock_control_nrf.c.obj)
 .text.onoff_start
                0x0000000000003274       0x44 zephyr/libzephyr.a(clock_control_nrf.c.obj)
 .text.clk_init
                0x00000000000032b8       0x60 zephyr/libzephyr.a(clock_control_nrf.c.obj)
 .text.clkstarted_handle.constprop.0
                0x0000000000003318       0x34 zephyr/libzephyr.a(clock_control_nrf.c.obj)
 .text.clock_event_handler
                0x000000000000334c       0x1c zephyr/libzephyr.a(clock_control_nrf.c.obj)
 .text.generic_hfclk_start
                0x0000000000003368       0x64 zephyr/libzephyr.a(clock_control_nrf.c.obj)
 .text.api_blocking_start
                0x00000000000033cc       0x3c zephyr/libzephyr.a(clock_control_nrf.c.obj)
 .text.generic_hfclk_stop
                0x0000000000003408       0x2c zephyr/libzephyr.a(clock_control_nrf.c.obj)
 .text.z_nrf_clock_control_get_onoff
                0x0000000000003434       0x10 zephyr/libzephyr.a(clock_control_nrf.c.obj)
                0x0000000000003434                z_nrf_clock_control_get_onoff
 .text.z_nrf_clock_bt_ctlr_hf_request
                0x0000000000003444       0x2c zephyr/libzephyr.a(clock_control_nrf.c.obj)
                0x0000000000003444                z_nrf_clock_bt_ctlr_hf_request
 .text.z_nrf_clock_bt_ctlr_hf_release
                0x0000000000003470       0x2c zephyr/libzephyr.a(clock_control_nrf.c.obj)
                0x0000000000003470                z_nrf_clock_bt_ctlr_hf_release
 .text.z_nrf_clock_control_lf_on
                0x000000000000349c      0x100 zephyr/libzephyr.a(clock_control_nrf.c.obj)
                0x000000000000349c                z_nrf_clock_control_lf_on
 .text.sys_clock_timeout_handler
                0x000000000000359c       0x18 zephyr/libzephyr.a(nrf_rtc_timer.c.obj)
 .text.set_absolute_alarm
                0x00000000000035b4       0x94 zephyr/libzephyr.a(nrf_rtc_timer.c.obj)
 .text.rtc_nrf_isr
                0x0000000000003648       0x60 zephyr/libzephyr.a(nrf_rtc_timer.c.obj)
                0x0000000000003648                rtc_nrf_isr
 .text.sys_clock_driver_init
                0x00000000000036a8       0x4c zephyr/libzephyr.a(nrf_rtc_timer.c.obj)
                0x00000000000036a8                sys_clock_driver_init
 .text.sys_clock_set_timeout
                0x00000000000036f4       0x64 zephyr/libzephyr.a(nrf_rtc_timer.c.obj)
                0x00000000000036f4                sys_clock_set_timeout
 .text.sys_clock_elapsed
                0x0000000000003758       0x1c zephyr/libzephyr.a(nrf_rtc_timer.c.obj)
                0x0000000000003758                sys_clock_elapsed
 .text.sys_clock_cycle_get_32
                0x0000000000003774       0x34 zephyr/libzephyr.a(nrf_rtc_timer.c.obj)
                0x0000000000003774                sys_clock_cycle_get_32
 .text.uECC_get_rng
                0x00000000000037a8        0xc zephyr/libzephyr.a(ecc.c.obj)
                0x00000000000037a8                uECC_get_rng
 .text.vli_mmod_fast_secp256r1
                0x00000000000037b4      0x188 zephyr/libzephyr.a(ecc.c.obj)
                0x00000000000037b4                vli_mmod_fast_secp256r1
 .text.sub_bytes
                0x000000000000393c       0x18 zephyr/libzephyr.a(aes_encrypt.c.obj)
 .text.tc_aes128_set_encrypt_key
                0x0000000000003954       0xa4 zephyr/libzephyr.a(aes_encrypt.c.obj)
                0x0000000000003954                tc_aes128_set_encrypt_key
 .text.z_arm_cpu_idle_init
                0x00000000000039f8        0xc zephyr/arch/arch/arm/core/aarch32/libarch__arm__core__aarch32.a(cpu_idle.S.obj)
                0x00000000000039f8                z_arm_cpu_idle_init
 .text.arch_cpu_idle
                0x0000000000003a04       0x1c zephyr/arch/arch/arm/core/aarch32/libarch__arm__core__aarch32.a(cpu_idle.S.obj)
                0x0000000000003a04                arch_cpu_idle
 .text.arch_cpu_atomic_idle
                0x0000000000003a20       0x14 zephyr/arch/arch/arm/core/aarch32/libarch__arm__core__aarch32.a(cpu_idle.S.obj)
                0x0000000000003a20                arch_cpu_atomic_idle
 .text.z_arm_fatal_error
                0x0000000000003a34       0x70 zephyr/arch/arch/arm/core/aarch32/libarch__arm__core__aarch32.a(fatal.c.obj)
                0x0000000000003a34                z_arm_fatal_error
 .text.arch_irq_enable
                0x0000000000003aa4       0x20 zephyr/arch/arch/arm/core/aarch32/libarch__arm__core__aarch32.a(irq_manage.c.obj)
                0x0000000000003aa4                arch_irq_enable
 .text.arch_irq_disable
                0x0000000000003ac4       0x28 zephyr/arch/arch/arm/core/aarch32/libarch__arm__core__aarch32.a(irq_manage.c.obj)
                0x0000000000003ac4                arch_irq_disable
 .text.arch_irq_is_enabled
                0x0000000000003aec       0x1c zephyr/arch/arch/arm/core/aarch32/libarch__arm__core__aarch32.a(irq_manage.c.obj)
                0x0000000000003aec                arch_irq_is_enabled
 .text.z_arm_irq_priority_set
                0x0000000000003b08       0x30 zephyr/arch/arch/arm/core/aarch32/libarch__arm__core__aarch32.a(irq_manage.c.obj)
                0x0000000000003b08                z_arm_irq_priority_set
 .text._arch_isr_direct_pm
                0x0000000000003b38       0x1c zephyr/arch/arch/arm/core/aarch32/libarch__arm__core__aarch32.a(irq_manage.c.obj)
                0x0000000000003b38                _arch_isr_direct_pm
 .text.z_SysNmiOnReset
                0x0000000000003b54        0x8 zephyr/arch/arch/arm/core/aarch32/libarch__arm__core__aarch32.a(nmi_on_reset.S.obj)
                0x0000000000003b54                z_SysNmiOnReset
 .text.z_arm_prep_c
                0x0000000000003b5c       0x44 zephyr/arch/arch/arm/core/aarch32/libarch__arm__core__aarch32.a(prep_c.c.obj)
                0x0000000000003b5c                z_arm_prep_c
 .text.arch_swap
                0x0000000000003ba0       0x34 zephyr/arch/arch/arm/core/aarch32/libarch__arm__core__aarch32.a(swap.c.obj)
                0x0000000000003ba0                arch_swap
 .text.z_arm_pendsv
                0x0000000000003bd4       0x54 zephyr/arch/arch/arm/core/aarch32/libarch__arm__core__aarch32.a(swap_helper.S.obj)
                0x0000000000003bd4                z_arm_pendsv
 .text.z_arm_svc
                0x0000000000003c28       0x20 zephyr/arch/arch/arm/core/aarch32/libarch__arm__core__aarch32.a(swap_helper.S.obj)
                0x0000000000003c28                z_arm_svc
 .text.arch_new_thread
                0x0000000000003c48       0x38 zephyr/arch/arch/arm/core/aarch32/libarch__arm__core__aarch32.a(thread.c.obj)
                0x0000000000003c48                arch_new_thread
 .text.z_check_thread_stack_fail
                0x0000000000003c80       0x2c zephyr/arch/arch/arm/core/aarch32/libarch__arm__core__aarch32.a(thread.c.obj)
                0x0000000000003c80                z_check_thread_stack_fail
 .text.arch_switch_to_main_thread
                0x0000000000003cac       0x2c zephyr/arch/arch/arm/core/aarch32/libarch__arm__core__aarch32.a(thread.c.obj)
                0x0000000000003cac                arch_switch_to_main_thread
 .text._isr_wrapper
                0x0000000000003cd8       0x40 zephyr/arch/arch/arm/core/aarch32/libarch__arm__core__aarch32.a(isr_wrapper.S.obj)
                0x0000000000003cd8                _isr_wrapper
 .text._HandlerModeExit
                0x0000000000003d18       0x1c zephyr/arch/arch/arm/core/aarch32/cortex_m/libarch__arm__core__aarch32__cortex_m.a(exc_exit.S.obj)
                0x0000000000003d18                z_arm_exc_exit
                0x0000000000003d18                z_arm_int_exit
 .text.mem_manage_fault
                0x0000000000003d34      0x104 zephyr/arch/arch/arm/core/aarch32/cortex_m/libarch__arm__core__aarch32__cortex_m.a(fault.c.obj)
 .text.usage_fault.constprop.0
                0x0000000000003e38       0xb8 zephyr/arch/arch/arm/core/aarch32/cortex_m/libarch__arm__core__aarch32__cortex_m.a(fault.c.obj)
 .text.bus_fault.constprop.0
                0x0000000000003ef0       0xdc zephyr/arch/arch/arm/core/aarch32/cortex_m/libarch__arm__core__aarch32__cortex_m.a(fault.c.obj)
 .text.z_arm_fault
                0x0000000000003fcc      0x1d0 zephyr/arch/arch/arm/core/aarch32/cortex_m/libarch__arm__core__aarch32__cortex_m.a(fault.c.obj)
                0x0000000000003fcc                z_arm_fault
 .text.z_arm_fault_init
                0x000000000000419c       0x10 zephyr/arch/arch/arm/core/aarch32/cortex_m/libarch__arm__core__aarch32__cortex_m.a(fault.c.obj)
                0x000000000000419c                z_arm_fault_init
 .text.__fault  0x00000000000041ac       0x14 zephyr/arch/arch/arm/core/aarch32/cortex_m/libarch__arm__core__aarch32__cortex_m.a(fault_s.S.obj)
                0x00000000000041ac                z_arm_bus_fault
                0x00000000000041ac                z_arm_usage_fault
                0x00000000000041ac                z_arm_mpu_fault
                0x00000000000041ac                z_arm_exc_spurious
                0x00000000000041ac                z_arm_debug_monitor
                0x00000000000041ac                z_arm_hard_fault
 .text.z_arm_interrupt_init
                0x00000000000041c0       0x18 zephyr/arch/arch/arm/core/aarch32/cortex_m/libarch__arm__core__aarch32__cortex_m.a(irq_init.c.obj)
                0x00000000000041c0                z_arm_interrupt_init
 .text._reset_section
                0x00000000000041d8       0x30 zephyr/arch/arch/arm/core/aarch32/cortex_m/libarch__arm__core__aarch32__cortex_m.a(reset.S.obj)
                0x00000000000041d8                z_arm_reset
                0x00000000000041d8                __start
 .text.z_impl_k_thread_abort
                0x0000000000004208       0x24 zephyr/arch/arch/arm/core/aarch32/cortex_m/libarch__arm__core__aarch32__cortex_m.a(thread_abort.c.obj)
                0x0000000000004208                z_impl_k_thread_abort
 .text.z_arm_configure_static_mpu_regions
                0x000000000000422c       0x18 zephyr/arch/arch/arm/core/aarch32/mpu/libarch__arm__core__aarch32__mpu.a(arm_core_mpu.c.obj)
                0x000000000000422c                z_arm_configure_static_mpu_regions
 .text.z_arm_configure_dynamic_mpu_regions
                0x0000000000004244       0x20 zephyr/arch/arch/arm/core/aarch32/mpu/libarch__arm__core__aarch32__mpu.a(arm_core_mpu.c.obj)
                0x0000000000004244                z_arm_configure_dynamic_mpu_regions
 .text.mpu_configure_regions
                0x0000000000004264       0xc0 zephyr/arch/arch/arm/core/aarch32/mpu/libarch__arm__core__aarch32__mpu.a(arm_mpu.c.obj)
 .text.arm_core_mpu_enable
                0x0000000000004324       0x18 zephyr/arch/arch/arm/core/aarch32/mpu/libarch__arm__core__aarch32__mpu.a(arm_mpu.c.obj)
                0x0000000000004324                arm_core_mpu_enable
 .text.arm_core_mpu_disable
                0x000000000000433c       0x14 zephyr/arch/arch/arm/core/aarch32/mpu/libarch__arm__core__aarch32__mpu.a(arm_mpu.c.obj)
                0x000000000000433c                arm_core_mpu_disable
 .text.arm_core_mpu_configure_static_mpu_regions
                0x0000000000004350       0x14 zephyr/arch/arch/arm/core/aarch32/mpu/libarch__arm__core__aarch32__mpu.a(arm_mpu.c.obj)
                0x0000000000004350                arm_core_mpu_configure_static_mpu_regions
 .text.arm_core_mpu_configure_dynamic_mpu_regions
                0x0000000000004364       0x30 zephyr/arch/arch/arm/core/aarch32/mpu/libarch__arm__core__aarch32__mpu.a(arm_mpu.c.obj)
                0x0000000000004364                arm_core_mpu_configure_dynamic_mpu_regions
 .text.z_arm_mpu_init
                0x0000000000004394       0x60 zephyr/arch/arch/arm/core/aarch32/mpu/libarch__arm__core__aarch32__mpu.a(arm_mpu.c.obj)
                0x0000000000004394                z_arm_mpu_init
 .text.__stdout_hook_install
                0x00000000000043f4        0xc zephyr/lib/libc/minimal/liblib__libc__minimal.a(stdout_console.c.obj)
                0x00000000000043f4                __stdout_hook_install
 .text.nordicsemi_nrf52_init
                0x0000000000004400       0x30 zephyr/soc/arm/nordic_nrf/nrf52/libsoc__arm__nordic_nrf__nrf52.a(soc.c.obj)
 .text.arch_busy_wait
                0x0000000000004430       0x14 zephyr/soc/arm/nordic_nrf/nrf52/libsoc__arm__nordic_nrf__nrf52.a(soc.c.obj)
                0x0000000000004430                arch_busy_wait
 .text.bt_hex_real
                0x0000000000004444       0x44 zephyr/subsys/bluetooth/common/libsubsys__bluetooth__common.a(log.c.obj)
                0x0000000000004444                bt_hex_real
 .text.bt_addr_le_str_real
                0x0000000000004488       0x7c zephyr/subsys/bluetooth/common/libsubsys__bluetooth__common.a(log.c.obj)
                0x0000000000004488                bt_addr_le_str_real
 .text.le_gen_dhkey
                0x0000000000004504       0x98 zephyr/subsys/bluetooth/host/libsubsys__bluetooth__host.a(hci_ecc.c.obj)
 .text.ecc_thread
                0x000000000000459c      0x1d8 zephyr/subsys/bluetooth/host/libsubsys__bluetooth__host.a(hci_ecc.c.obj)
 .text.bt_hci_ecc_send
                0x0000000000004774       0xdc zephyr/subsys/bluetooth/host/libsubsys__bluetooth__host.a(hci_ecc.c.obj)
                0x0000000000004774                bt_hci_ecc_send
 .text.bt_hci_ecc_init
                0x0000000000004850       0x48 zephyr/subsys/bluetooth/host/libsubsys__bluetooth__host.a(hci_ecc.c.obj)
                0x0000000000004850                bt_hci_ecc_init
 .text.uuid_to_uuid128
                0x0000000000004898       0x6c zephyr/subsys/bluetooth/host/libsubsys__bluetooth__host.a(uuid.c.obj)
 .text.bt_buf_get_rx
                0x0000000000004904       0x20 zephyr/subsys/bluetooth/host/libsubsys__bluetooth__host.a(buf.c.obj)
                0x0000000000004904                bt_buf_get_rx
 .text.bt_buf_get_cmd_complete
                0x0000000000004924       0x4c zephyr/subsys/bluetooth/host/libsubsys__bluetooth__host.a(buf.c.obj)
                0x0000000000004924                bt_buf_get_cmd_complete
 .text.bt_buf_get_evt
                0x0000000000004970       0x54 zephyr/subsys/bluetooth/host/libsubsys__bluetooth__host.a(buf.c.obj)
                0x0000000000004970                bt_buf_get_evt
 .text.ver_str  0x00000000000049c4       0x38 zephyr/subsys/bluetooth/host/libsubsys__bluetooth__host.a(hci_core.c.obj)
 .text.hci_data_buf_overflow
                0x00000000000049fc       0x24 zephyr/subsys/bluetooth/host/libsubsys__bluetooth__host.a(hci_core.c.obj)
 .text.hci_disconn_complete_prio
                0x0000000000004a20       0x3c zephyr/subsys/bluetooth/host/libsubsys__bluetooth__host.a(hci_core.c.obj)
 .text.hci_disconn_complete
                0x0000000000004a5c       0x54 zephyr/subsys/bluetooth/host/libsubsys__bluetooth__host.a(hci_core.c.obj)
 .text.hci_hardware_error
                0x0000000000004ab0       0x30 zephyr/subsys/bluetooth/host/libsubsys__bluetooth__host.a(hci_core.c.obj)
 .text.hci_vendor_event
                0x0000000000004ae0       0x38 zephyr/subsys/bluetooth/host/libsubsys__bluetooth__host.a(hci_core.c.obj)
 .text.le_data_len_change
                0x0000000000004b18       0x64 zephyr/subsys/bluetooth/host/libsubsys__bluetooth__host.a(hci_core.c.obj)
 .text.find_pending_connect.part.0
                0x0000000000004b7c       0x40 zephyr/subsys/bluetooth/host/libsubsys__bluetooth__host.a(hci_core.c.obj)
 .text.handle_event
                0x0000000000004bbc       0x84 zephyr/subsys/bluetooth/host/libsubsys__bluetooth__host.a(hci_core.c.obj)
 .text.hci_le_meta_event
                0x0000000000004c40       0x20 zephyr/subsys/bluetooth/host/libsubsys__bluetooth__host.a(hci_core.c.obj)
 .text.hci_cmd_done
                0x0000000000004c60      0x134 zephyr/subsys/bluetooth/host/libsubsys__bluetooth__host.a(hci_core.c.obj)
 .text.hci_cmd_status
                0x0000000000004d94       0x2c zephyr/subsys/bluetooth/host/libsubsys__bluetooth__host.a(hci_core.c.obj)
 .text.hci_cmd_complete
                0x0000000000004dc0       0x30 zephyr/subsys/bluetooth/host/libsubsys__bluetooth__host.a(hci_core.c.obj)
 .text.hci_tx_thread
                0x0000000000004df0      0x188 zephyr/subsys/bluetooth/host/libsubsys__bluetooth__host.a(hci_core.c.obj)
 .text.hci_num_completed_packets
                0x0000000000004f78       0xfc zephyr/subsys/bluetooth/host/libsubsys__bluetooth__host.a(hci_core.c.obj)
 .text.le_conn_update_complete
                0x0000000000005074       0xc4 zephyr/subsys/bluetooth/host/libsubsys__bluetooth__host.a(hci_core.c.obj)
 .text.bt_hci_cmd_state_set_init
                0x0000000000005138       0x24 zephyr/subsys/bluetooth/host/libsubsys__bluetooth__host.a(hci_core.c.obj)
                0x0000000000005138                bt_hci_cmd_state_set_init
 .text.bt_hci_cmd_create
                0x000000000000515c       0x74 zephyr/subsys/bluetooth/host/libsubsys__bluetooth__host.a(hci_core.c.obj)
                0x000000000000515c                bt_hci_cmd_create
 .text.bt_hci_cmd_send
                0x00000000000051d0       0x64 zephyr/subsys/bluetooth/host/libsubsys__bluetooth__host.a(hci_core.c.obj)
                0x00000000000051d0                bt_hci_cmd_send
 .text.le_ltk_request
                0x0000000000005234       0xc4 zephyr/subsys/bluetooth/host/libsubsys__bluetooth__host.a(hci_core.c.obj)
 .text.le_conn_param_neg_reply
                0x00000000000052f8       0x54 zephyr/subsys/bluetooth/host/libsubsys__bluetooth__host.a(hci_core.c.obj)
 .text.le_conn_param_req
                0x000000000000534c       0xd0 zephyr/subsys/bluetooth/host/libsubsys__bluetooth__host.a(hci_core.c.obj)
 .text.conn_auto_initiate
                0x000000000000541c       0x54 zephyr/subsys/bluetooth/host/libsubsys__bluetooth__host.a(hci_core.c.obj)
 .text.le_remote_feat_complete
                0x0000000000005470       0x70 zephyr/subsys/bluetooth/host/libsubsys__bluetooth__host.a(hci_core.c.obj)
 .text.bt_hci_cmd_send_sync
                0x00000000000054e0       0xf4 zephyr/subsys/bluetooth/host/libsubsys__bluetooth__host.a(hci_core.c.obj)
                0x00000000000054e0                bt_hci_cmd_send_sync
 .text.bt_get_phy
                0x00000000000055d4       0x14 zephyr/subsys/bluetooth/host/libsubsys__bluetooth__host.a(hci_core.c.obj)
                0x00000000000055d4                bt_get_phy
 .text.le_phy_update_complete
                0x00000000000055e8       0x5c zephyr/subsys/bluetooth/host/libsubsys__bluetooth__host.a(hci_core.c.obj)
 .text.bt_hci_le_enh_conn_complete
                0x0000000000005644      0x240 zephyr/subsys/bluetooth/host/libsubsys__bluetooth__host.a(hci_core.c.obj)
                0x0000000000005644                bt_hci_le_enh_conn_complete
 .text.bt_security_err_get
                0x0000000000005884       0x10 zephyr/subsys/bluetooth/host/libsubsys__bluetooth__host.a(hci_core.c.obj)
                0x0000000000005884                bt_security_err_get
 .text.hci_encrypt_key_refresh_complete
                0x0000000000005894       0xa4 zephyr/subsys/bluetooth/host/libsubsys__bluetooth__host.a(hci_core.c.obj)
 .text.hci_encrypt_change
                0x0000000000005938       0xa8 zephyr/subsys/bluetooth/host/libsubsys__bluetooth__host.a(hci_core.c.obj)
 .text.hci_event_prio
                0x00000000000059e0       0xa4 zephyr/subsys/bluetooth/host/libsubsys__bluetooth__host.a(hci_core.c.obj)
                0x00000000000059e0                hci_event_prio
 .text.bt_recv  0x0000000000005a84      0x148 zephyr/subsys/bluetooth/host/libsubsys__bluetooth__host.a(hci_core.c.obj)
                0x0000000000005a84                bt_recv
 .text.bt_recv_prio
                0x0000000000005bcc       0x3c zephyr/subsys/bluetooth/host/libsubsys__bluetooth__host.a(hci_core.c.obj)
                0x0000000000005bcc                bt_recv_prio
 .text.bt_hci_driver_register
                0x0000000000005c08       0x28 zephyr/subsys/bluetooth/host/libsubsys__bluetooth__host.a(hci_core.c.obj)
                0x0000000000005c08                bt_hci_driver_register
 .text.bt_finalize_init
                0x0000000000005c30       0xec zephyr/subsys/bluetooth/host/libsubsys__bluetooth__host.a(hci_core.c.obj)
                0x0000000000005c30                bt_finalize_init
 .text.init_work
                0x0000000000005d1c       0x18 zephyr/subsys/bluetooth/host/libsubsys__bluetooth__host.a(hci_core.c.obj)
 .text.bt_set_name
                0x0000000000005d34       0x3c zephyr/subsys/bluetooth/host/libsubsys__bluetooth__host.a(hci_core.c.obj)
                0x0000000000005d34                bt_set_name
 .text.bt_enable
                0x0000000000005d70       0xf4 zephyr/subsys/bluetooth/host/libsubsys__bluetooth__host.a(hci_core.c.obj)
                0x0000000000005d70                bt_enable
 .text.bt_get_name
                0x0000000000005e64        0x8 zephyr/subsys/bluetooth/host/libsubsys__bluetooth__host.a(hci_core.c.obj)
                0x0000000000005e64                bt_get_name
 .text.id_find  0x0000000000005e6c       0x34 zephyr/subsys/bluetooth/host/libsubsys__bluetooth__host.a(id.c.obj)
 .text.set_random_address
                0x0000000000005ea0       0x5c zephyr/subsys/bluetooth/host/libsubsys__bluetooth__host.a(id.c.obj)
 .text.id_create.constprop.0
                0x0000000000005efc       0x58 zephyr/subsys/bluetooth/host/libsubsys__bluetooth__host.a(id.c.obj)
 .text.bt_id_pending_keys_update
                0x0000000000005f54       0x34 zephyr/subsys/bluetooth/host/libsubsys__bluetooth__host.a(id.c.obj)
                0x0000000000005f54                bt_id_pending_keys_update
 .text.bt_id_add
                0x0000000000005f88      0x1ac zephyr/subsys/bluetooth/host/libsubsys__bluetooth__host.a(id.c.obj)
                0x0000000000005f88                bt_id_add
 .text.bt_id_del
                0x0000000000006134      0x144 zephyr/subsys/bluetooth/host/libsubsys__bluetooth__host.a(id.c.obj)
                0x0000000000006134                bt_id_del
 .text.bt_id_create
                0x0000000000006278       0xb4 zephyr/subsys/bluetooth/host/libsubsys__bluetooth__host.a(id.c.obj)
                0x0000000000006278                bt_id_create
 .text.bt_id_read_public_addr
                0x000000000000632c       0x9c zephyr/subsys/bluetooth/host/libsubsys__bluetooth__host.a(id.c.obj)
                0x000000000000632c                bt_id_read_public_addr
 .text.bt_setup_public_id_addr
                0x00000000000063c8       0x20 zephyr/subsys/bluetooth/host/libsubsys__bluetooth__host.a(id.c.obj)
                0x00000000000063c8                bt_setup_public_id_addr
 .text.bt_read_static_addr
                0x00000000000063e8       0xb4 zephyr/subsys/bluetooth/host/libsubsys__bluetooth__host.a(id.c.obj)
                0x00000000000063e8                bt_read_static_addr
 .text.bt_setup_random_id_addr
                0x000000000000649c       0x5c zephyr/subsys/bluetooth/host/libsubsys__bluetooth__host.a(id.c.obj)
                0x000000000000649c                bt_setup_random_id_addr
 .text.bt_id_set_adv_own_addr
                0x00000000000064f8       0xa4 zephyr/subsys/bluetooth/host/libsubsys__bluetooth__host.a(id.c.obj)
                0x00000000000064f8                bt_id_set_adv_own_addr
 .text.bt_id_init
                0x000000000000659c       0x68 zephyr/subsys/bluetooth/host/libsubsys__bluetooth__host.a(id.c.obj)
                0x000000000000659c                bt_id_init
 .text.valid_adv_param
                0x0000000000006604       0x88 zephyr/subsys/bluetooth/host/libsubsys__bluetooth__host.a(adv.c.obj)
 .text.hci_set_ad
                0x000000000000668c       0xe4 zephyr/subsys/bluetooth/host/libsubsys__bluetooth__host.a(adv.c.obj)
 .text.le_adv_start_add_conn
                0x0000000000006770       0x88 zephyr/subsys/bluetooth/host/libsubsys__bluetooth__host.a(adv.c.obj)
 .text.bt_le_ext_adv_foreach
                0x00000000000067f8        0xc zephyr/subsys/bluetooth/host/libsubsys__bluetooth__host.a(adv.c.obj)
                0x00000000000067f8                bt_le_ext_adv_foreach
 .text.bt_le_adv_lookup_legacy
                0x0000000000006804        0x8 zephyr/subsys/bluetooth/host/libsubsys__bluetooth__host.a(adv.c.obj)
                0x0000000000006804                bt_le_adv_lookup_legacy
 .text.bt_le_adv_start_legacy
                0x000000000000680c      0x264 zephyr/subsys/bluetooth/host/libsubsys__bluetooth__host.a(adv.c.obj)
                0x000000000000680c                bt_le_adv_start_legacy
 .text.bt_le_adv_start
                0x0000000000006a70       0x1c zephyr/subsys/bluetooth/host/libsubsys__bluetooth__host.a(adv.c.obj)
                0x0000000000006a70                bt_le_adv_start
 .text.bt_le_adv_resume
                0x0000000000006a8c       0x80 zephyr/subsys/bluetooth/host/libsubsys__bluetooth__host.a(adv.c.obj)
                0x0000000000006a8c                bt_le_adv_resume
 .text.bt_pub_key_is_debug
                0x0000000000006b0c       0x18 zephyr/subsys/bluetooth/host/libsubsys__bluetooth__host.a(ecc.c.obj)
                0x0000000000006b0c                bt_pub_key_is_debug
 .text.bt_pub_key_gen
                0x0000000000006b24      0x134 zephyr/subsys/bluetooth/host/libsubsys__bluetooth__host.a(ecc.c.obj)
                0x0000000000006b24                bt_pub_key_gen
 .text.bt_pub_key_get
                0x0000000000006c58       0x20 zephyr/subsys/bluetooth/host/libsubsys__bluetooth__host.a(ecc.c.obj)
                0x0000000000006c58                bt_pub_key_get
 .text.bt_dh_key_gen
                0x0000000000006c78       0xac zephyr/subsys/bluetooth/host/libsubsys__bluetooth__host.a(ecc.c.obj)
                0x0000000000006c78                bt_dh_key_gen
 .text.bt_hci_evt_le_pkey_complete
                0x0000000000006d24       0x84 zephyr/subsys/bluetooth/host/libsubsys__bluetooth__host.a(ecc.c.obj)
                0x0000000000006d24                bt_hci_evt_le_pkey_complete
 .text.bt_hci_evt_le_dhkey_complete
                0x0000000000006da8       0x1c zephyr/subsys/bluetooth/host/libsubsys__bluetooth__host.a(ecc.c.obj)
                0x0000000000006da8                bt_hci_evt_le_dhkey_complete
 .text.tx_free  0x0000000000006dc4       0x14 zephyr/subsys/bluetooth/host/libsubsys__bluetooth__host.a(conn.c.obj)
 .text.notify_connected
                0x0000000000006dd8       0x2c zephyr/subsys/bluetooth/host/libsubsys__bluetooth__host.a(conn.c.obj)
 .text.send_frag
                0x0000000000006e04      0x134 zephyr/subsys/bluetooth/host/libsubsys__bluetooth__host.a(conn.c.obj)
 .text.bt_conn_get_pkts
                0x0000000000006f38        0x8 zephyr/subsys/bluetooth/host/libsubsys__bluetooth__host.a(conn.c.obj)
                0x0000000000006f38                bt_conn_get_pkts
 .text.bt_conn_new
                0x0000000000006f40       0x68 zephyr/subsys/bluetooth/host/libsubsys__bluetooth__host.a(conn.c.obj)
                0x0000000000006f40                bt_conn_new
 .text.bt_conn_recv
                0x0000000000006fa8      0x10c zephyr/subsys/bluetooth/host/libsubsys__bluetooth__host.a(conn.c.obj)
                0x0000000000006fa8                bt_conn_recv
 .text.bt_conn_send_cb
                0x00000000000070b4       0xc8 zephyr/subsys/bluetooth/host/libsubsys__bluetooth__host.a(conn.c.obj)
                0x00000000000070b4                bt_conn_send_cb
 .text.bt_conn_prepare_events
                0x000000000000717c       0x6c zephyr/subsys/bluetooth/host/libsubsys__bluetooth__host.a(conn.c.obj)
                0x000000000000717c                bt_conn_prepare_events
 .text.bt_conn_lookup_handle
                0x00000000000071e8       0x10 zephyr/subsys/bluetooth/host/libsubsys__bluetooth__host.a(conn.c.obj)
                0x00000000000071e8                bt_conn_lookup_handle
 .text.bt_conn_set_state
                0x00000000000071f8      0x1d4 zephyr/subsys/bluetooth/host/libsubsys__bluetooth__host.a(conn.c.obj)
                0x00000000000071f8                bt_conn_set_state
 .text.bt_conn_index
                0x00000000000073cc       0x18 zephyr/subsys/bluetooth/host/libsubsys__bluetooth__host.a(conn.c.obj)
                0x00000000000073cc                bt_conn_index
 .text.notify_le_param_updated
                0x00000000000073e4       0x60 zephyr/subsys/bluetooth/host/libsubsys__bluetooth__host.a(conn.c.obj)
                0x00000000000073e4                notify_le_param_updated
 .text.notify_le_data_len_updated
                0x0000000000007444       0x24 zephyr/subsys/bluetooth/host/libsubsys__bluetooth__host.a(conn.c.obj)
                0x0000000000007444                notify_le_data_len_updated
 .text.notify_le_phy_updated
                0x0000000000007468       0x24 zephyr/subsys/bluetooth/host/libsubsys__bluetooth__host.a(conn.c.obj)
                0x0000000000007468                notify_le_phy_updated
 .text.le_param_req
                0x000000000000748c       0x40 zephyr/subsys/bluetooth/host/libsubsys__bluetooth__host.a(conn.c.obj)
                0x000000000000748c                le_param_req
 .text.bt_conn_identity_resolved
                0x00000000000074cc       0x34 zephyr/subsys/bluetooth/host/libsubsys__bluetooth__host.a(conn.c.obj)
                0x00000000000074cc                bt_conn_identity_resolved
 .text.bt_conn_security_changed
                0x0000000000007500       0x2c zephyr/subsys/bluetooth/host/libsubsys__bluetooth__host.a(conn.c.obj)
                0x0000000000007500                bt_conn_security_changed
 .text.bt_conn_cb_register
                0x000000000000752c       0x10 zephyr/subsys/bluetooth/host/libsubsys__bluetooth__host.a(conn.c.obj)
                0x000000000000752c                bt_conn_cb_register
 .text.bt_conn_add_le
                0x000000000000753c       0x38 zephyr/subsys/bluetooth/host/libsubsys__bluetooth__host.a(conn.c.obj)
                0x000000000000753c                bt_conn_add_le
 .text.bt_conn_lookup_addr_le
                0x0000000000007574       0x3c zephyr/subsys/bluetooth/host/libsubsys__bluetooth__host.a(conn.c.obj)
                0x0000000000007574                bt_conn_lookup_addr_le
 .text.bt_conn_exists_le
                0x00000000000075b0       0x4c zephyr/subsys/bluetooth/host/libsubsys__bluetooth__host.a(conn.c.obj)
                0x00000000000075b0                bt_conn_exists_le
 .text.bt_conn_lookup_state_le
                0x00000000000075fc       0x44 zephyr/subsys/bluetooth/host/libsubsys__bluetooth__host.a(conn.c.obj)
                0x00000000000075fc                bt_conn_lookup_state_le
 .text.send_conn_le_param_update
                0x0000000000007640       0x60 zephyr/subsys/bluetooth/host/libsubsys__bluetooth__host.a(conn.c.obj)
 .text.deferred_work
                0x00000000000076a0       0xa8 zephyr/subsys/bluetooth/host/libsubsys__bluetooth__host.a(conn.c.obj)
 .text.bt_conn_create_pdu_timeout
                0x0000000000007748       0x48 zephyr/subsys/bluetooth/host/libsubsys__bluetooth__host.a(conn.c.obj)
                0x0000000000007748                bt_conn_create_pdu_timeout
 .text.bt_conn_create_frag_timeout
                0x0000000000007790        0xc zephyr/subsys/bluetooth/host/libsubsys__bluetooth__host.a(conn.c.obj)
                0x0000000000007790                bt_conn_create_frag_timeout
 .text.create_frag
                0x000000000000779c       0x6c zephyr/subsys/bluetooth/host/libsubsys__bluetooth__host.a(conn.c.obj)
 .text.bt_conn_process_tx
                0x0000000000007808       0xc0 zephyr/subsys/bluetooth/host/libsubsys__bluetooth__host.a(conn.c.obj)
                0x0000000000007808                bt_conn_process_tx
 .text.bt_conn_init
                0x00000000000078c8       0x40 zephyr/subsys/bluetooth/host/libsubsys__bluetooth__host.a(conn.c.obj)
                0x00000000000078c8                bt_conn_init
 .text.l2cap_accept
                0x0000000000007908       0x44 zephyr/subsys/bluetooth/host/libsubsys__bluetooth__host.a(l2cap.c.obj)
 .text.l2cap_create_le_sig_pdu.constprop.0
                0x000000000000794c       0x50 zephyr/subsys/bluetooth/host/libsubsys__bluetooth__host.a(l2cap.c.obj)
 .text.l2cap_rtx_timeout
                0x000000000000799c       0x3c zephyr/subsys/bluetooth/host/libsubsys__bluetooth__host.a(l2cap.c.obj)
 .text.bt_l2cap_connected
                0x00000000000079d8       0xb8 zephyr/subsys/bluetooth/host/libsubsys__bluetooth__host.a(l2cap.c.obj)
                0x00000000000079d8                bt_l2cap_connected
 .text.l2cap_recv
                0x0000000000007a90       0xf0 zephyr/subsys/bluetooth/host/libsubsys__bluetooth__host.a(l2cap.c.obj)
 .text.bt_l2cap_recv
                0x0000000000007b80       0x70 zephyr/subsys/bluetooth/host/libsubsys__bluetooth__host.a(l2cap.c.obj)
                0x0000000000007b80                bt_l2cap_recv
 .text.bt_l2cap_update_conn_param
                0x0000000000007bf0       0x64 zephyr/subsys/bluetooth/host/libsubsys__bluetooth__host.a(l2cap.c.obj)
                0x0000000000007bf0                bt_l2cap_update_conn_param
 .text.att_cfm_sent
                0x0000000000007c54       0x10 zephyr/subsys/bluetooth/host/libsubsys__bluetooth__host.a(att.c.obj)
 .text.att_rsp_sent
                0x0000000000007c64       0x10 zephyr/subsys/bluetooth/host/libsubsys__bluetooth__host.a(att.c.obj)
 .text.att_req_sent
                0x0000000000007c74       0x10 zephyr/subsys/bluetooth/host/libsubsys__bluetooth__host.a(att.c.obj)
 .text.att_get  0x0000000000007c84       0x80 zephyr/subsys/bluetooth/host/libsubsys__bluetooth__host.a(att.c.obj)
 .text.bt_att_released
                0x0000000000007d04       0x18 zephyr/subsys/bluetooth/host/libsubsys__bluetooth__host.a(att.c.obj)
 .text.find_type_cb
                0x0000000000007d1c      0x164 zephyr/subsys/bluetooth/host/libsubsys__bluetooth__host.a(att.c.obj)
 .text.chan_send
                0x0000000000007e80       0xdc zephyr/subsys/bluetooth/host/libsubsys__bluetooth__host.a(att.c.obj)
 .text.bt_att_chan_send_rsp.constprop.0
                0x0000000000007f5c       0x24 zephyr/subsys/bluetooth/host/libsubsys__bluetooth__host.a(att.c.obj)
 .text.read_group_cb
                0x0000000000007f80       0xac zephyr/subsys/bluetooth/host/libsubsys__bluetooth__host.a(att.c.obj)
 .text.read_type_cb
                0x000000000000802c       0xa8 zephyr/subsys/bluetooth/host/libsubsys__bluetooth__host.a(att.c.obj)
 .text.prep_write_cb
                0x00000000000080d4       0x84 zephyr/subsys/bluetooth/host/libsubsys__bluetooth__host.a(att.c.obj)
 .text.bt_att_accept
                0x0000000000008158       0xc8 zephyr/subsys/bluetooth/host/libsubsys__bluetooth__host.a(att.c.obj)
 .text.bt_att_connected
                0x0000000000008220       0x70 zephyr/subsys/bluetooth/host/libsubsys__bluetooth__host.a(att.c.obj)
 .text.bt_att_chan_create_pdu
                0x0000000000008290       0x88 zephyr/subsys/bluetooth/host/libsubsys__bluetooth__host.a(att.c.obj)
                0x0000000000008290                bt_att_chan_create_pdu
 .text.bt_att_recv
                0x0000000000008318      0x160 zephyr/subsys/bluetooth/host/libsubsys__bluetooth__host.a(att.c.obj)
 .text.att_write_rsp
                0x0000000000008478       0xc8 zephyr/subsys/bluetooth/host/libsubsys__bluetooth__host.a(att.c.obj)
 .text.att_signed_write_cmd
                0x0000000000008540       0x7c zephyr/subsys/bluetooth/host/libsubsys__bluetooth__host.a(att.c.obj)
 .text.bt_att_create_pdu
                0x00000000000085bc       0x70 zephyr/subsys/bluetooth/host/libsubsys__bluetooth__host.a(att.c.obj)
                0x00000000000085bc                bt_att_create_pdu
 .text.att_prepare_write_req
                0x000000000000862c       0xdc zephyr/subsys/bluetooth/host/libsubsys__bluetooth__host.a(att.c.obj)
 .text.att_read_group_req
                0x0000000000008708      0x104 zephyr/subsys/bluetooth/host/libsubsys__bluetooth__host.a(att.c.obj)
 .text.att_read_mult_req
                0x000000000000880c       0x94 zephyr/subsys/bluetooth/host/libsubsys__bluetooth__host.a(att.c.obj)
 .text.att_read_rsp
                0x00000000000088a0       0x90 zephyr/subsys/bluetooth/host/libsubsys__bluetooth__host.a(att.c.obj)
 .text.att_read_type_req
                0x0000000000008930       0xc0 zephyr/subsys/bluetooth/host/libsubsys__bluetooth__host.a(att.c.obj)
 .text.att_find_type_req
                0x00000000000089f0       0xd4 zephyr/subsys/bluetooth/host/libsubsys__bluetooth__host.a(att.c.obj)
 .text.att_find_info_req
                0x0000000000008ac4       0x70 zephyr/subsys/bluetooth/host/libsubsys__bluetooth__host.a(att.c.obj)
 .text.bt_att_req_alloc
                0x0000000000008b34       0x2c zephyr/subsys/bluetooth/host/libsubsys__bluetooth__host.a(att.c.obj)
                0x0000000000008b34                bt_att_req_alloc
 .text.bt_att_req_free
                0x0000000000008b60       0x24 zephyr/subsys/bluetooth/host/libsubsys__bluetooth__host.a(att.c.obj)
                0x0000000000008b60                bt_att_req_free
 .text.att_handle_rsp
                0x0000000000008b84       0x90 zephyr/subsys/bluetooth/host/libsubsys__bluetooth__host.a(att.c.obj)
 .text.bt_att_disconnected
                0x0000000000008c14       0xc4 zephyr/subsys/bluetooth/host/libsubsys__bluetooth__host.a(att.c.obj)
 .text.att_timeout
                0x0000000000008cd8       0x30 zephyr/subsys/bluetooth/host/libsubsys__bluetooth__host.a(att.c.obj)
 .text.find_cf_cfg
                0x0000000000008d08       0x44 zephyr/subsys/bluetooth/host/libsubsys__bluetooth__host.a(gatt.c.obj)
 .text.cf_write
                0x0000000000008d4c       0xac zephyr/subsys/bluetooth/host/libsubsys__bluetooth__host.a(gatt.c.obj)
 .text.bt_gatt_attr_write_ccc
                0x0000000000008df8       0xcc zephyr/subsys/bluetooth/host/libsubsys__bluetooth__host.a(gatt.c.obj)
                0x0000000000008df8                bt_gatt_attr_write_ccc
 .text.find_sc_cfg
                0x0000000000008ec4       0x44 zephyr/subsys/bluetooth/host/libsubsys__bluetooth__host.a(gatt.c.obj)
 .text.sc_save  0x0000000000008f08       0x70 zephyr/subsys/bluetooth/host/libsubsys__bluetooth__host.a(gatt.c.obj)
 .text.disconnected_cb
                0x0000000000008f78       0xbc zephyr/subsys/bluetooth/host/libsubsys__bluetooth__host.a(gatt.c.obj)
 .text.sc_indicate_rsp
                0x0000000000009034       0x5c zephyr/subsys/bluetooth/host/libsubsys__bluetooth__host.a(gatt.c.obj)
 .text.bt_gatt_init
                0x0000000000009090       0xac zephyr/subsys/bluetooth/host/libsubsys__bluetooth__host.a(gatt.c.obj)
                0x0000000000009090                bt_gatt_init
 .text.bt_gatt_cb_register
                0x000000000000913c       0x1c zephyr/subsys/bluetooth/host/libsubsys__bluetooth__host.a(gatt.c.obj)
                0x000000000000913c                bt_gatt_cb_register
 .text.bt_gatt_attr_get_handle
                0x0000000000009158       0x60 zephyr/subsys/bluetooth/host/libsubsys__bluetooth__host.a(gatt.c.obj)
                0x0000000000009158                bt_gatt_attr_get_handle
 .text.bt_gatt_foreach_attr_type
                0x00000000000091b8       0xb4 zephyr/subsys/bluetooth/host/libsubsys__bluetooth__host.a(gatt.c.obj)
                0x00000000000091b8                bt_gatt_foreach_attr_type
 .text.db_hash_gen.constprop.0
                0x000000000000926c       0xac zephyr/subsys/bluetooth/host/libsubsys__bluetooth__host.a(gatt.c.obj)
 .text.gatt_indicate
                0x0000000000009318       0xd4 zephyr/subsys/bluetooth/host/libsubsys__bluetooth__host.a(gatt.c.obj)
 .text.bt_gatt_indicate
                0x00000000000093ec       0xf0 zephyr/subsys/bluetooth/host/libsubsys__bluetooth__host.a(gatt.c.obj)
                0x00000000000093ec                bt_gatt_indicate
 .text.sc_process
                0x00000000000094dc       0x70 zephyr/subsys/bluetooth/host/libsubsys__bluetooth__host.a(gatt.c.obj)
 .text.gatt_notify
                0x000000000000954c       0xa0 zephyr/subsys/bluetooth/host/libsubsys__bluetooth__host.a(gatt.c.obj)
 .text.bt_gatt_notify_cb
                0x00000000000095ec       0xe8 zephyr/subsys/bluetooth/host/libsubsys__bluetooth__host.a(gatt.c.obj)
                0x00000000000095ec                bt_gatt_notify_cb
 .text.notify_cb
                0x00000000000096d4      0x134 zephyr/subsys/bluetooth/host/libsubsys__bluetooth__host.a(gatt.c.obj)
 .text.update_ccc
                0x0000000000009808      0x130 zephyr/subsys/bluetooth/host/libsubsys__bluetooth__host.a(gatt.c.obj)
 .text.bt_gatt_connected
                0x0000000000009938       0x58 zephyr/subsys/bluetooth/host/libsubsys__bluetooth__host.a(gatt.c.obj)
                0x0000000000009938                bt_gatt_connected
 .text.bt_gatt_att_max_mtu_changed
                0x0000000000009990       0x2c zephyr/subsys/bluetooth/host/libsubsys__bluetooth__host.a(gatt.c.obj)
                0x0000000000009990                bt_gatt_att_max_mtu_changed
 .text.bt_gatt_encrypt_change
                0x00000000000099bc       0x20 zephyr/subsys/bluetooth/host/libsubsys__bluetooth__host.a(gatt.c.obj)
                0x00000000000099bc                bt_gatt_encrypt_change
 .text.db_hash_read
                0x00000000000099dc       0x64 zephyr/subsys/bluetooth/host/libsubsys__bluetooth__host.a(gatt.c.obj)
 .text.bt_gatt_disconnected
                0x0000000000009a40       0x5c zephyr/subsys/bluetooth/host/libsubsys__bluetooth__host.a(gatt.c.obj)
                0x0000000000009a40                bt_gatt_disconnected
 .text.get_io_capa
                0x0000000000009a9c       0x4c zephyr/subsys/bluetooth/host/libsubsys__bluetooth__host.a(smp.c.obj)
 .text.smp_sign_buf
                0x0000000000009ae8       0x80 zephyr/subsys/bluetooth/host/libsubsys__bluetooth__host.a(smp.c.obj)
 .text.smp_chan_get
                0x0000000000009b68       0x38 zephyr/subsys/bluetooth/host/libsubsys__bluetooth__host.a(smp.c.obj)
 .text.bt_smp_accept
                0x0000000000009ba0       0x48 zephyr/subsys/bluetooth/host/libsubsys__bluetooth__host.a(smp.c.obj)
 .text.get_auth.constprop.0
                0x0000000000009be8       0x3c zephyr/subsys/bluetooth/host/libsubsys__bluetooth__host.a(smp.c.obj)
 .text.smp_init
                0x0000000000009c24       0x38 zephyr/subsys/bluetooth/host/libsubsys__bluetooth__host.a(smp.c.obj)
 .text.smp_dhkey_generate
                0x0000000000009c5c       0x4c zephyr/subsys/bluetooth/host/libsubsys__bluetooth__host.a(smp.c.obj)
 .text.smp_find
                0x0000000000009ca8       0x1c zephyr/subsys/bluetooth/host/libsubsys__bluetooth__host.a(smp.c.obj)
 .text.smp_ident_info
                0x0000000000009cc4       0x70 zephyr/subsys/bluetooth/host/libsubsys__bluetooth__host.a(smp.c.obj)
 .text.smp_encrypt_info
                0x0000000000009d34       0x70 zephyr/subsys/bluetooth/host/libsubsys__bluetooth__host.a(smp.c.obj)
 .text.smp_pairing_req
                0x0000000000009da4      0x368 zephyr/subsys/bluetooth/host/libsubsys__bluetooth__host.a(smp.c.obj)
 .text.compute_and_check_and_send_slave_dhcheck
                0x000000000000a10c      0x23c zephyr/subsys/bluetooth/host/libsubsys__bluetooth__host.a(smp.c.obj)
 .text.smp_send_pairing_confirm
                0x000000000000a348       0x9c zephyr/subsys/bluetooth/host/libsubsys__bluetooth__host.a(smp.c.obj)
 .text.smp_public_key_slave
                0x000000000000a3e4      0x168 zephyr/subsys/bluetooth/host/libsubsys__bluetooth__host.a(smp.c.obj)
 .text.smp_public_key
                0x000000000000a54c       0xa4 zephyr/subsys/bluetooth/host/libsubsys__bluetooth__host.a(smp.c.obj)
 .text.bt_smp_connected
                0x000000000000a5f0       0x1c zephyr/subsys/bluetooth/host/libsubsys__bluetooth__host.a(smp.c.obj)
 .text.smp_pairing_confirm
                0x000000000000a60c       0x88 zephyr/subsys/bluetooth/host/libsubsys__bluetooth__host.a(smp.c.obj)
 .text.smp_pairing_random
                0x000000000000a694      0x274 zephyr/subsys/bluetooth/host/libsubsys__bluetooth__host.a(smp.c.obj)
 .text.bt_smp_sign_verify
                0x000000000000a908       0xf8 zephyr/subsys/bluetooth/host/libsubsys__bluetooth__host.a(smp.c.obj)
                0x000000000000a908                bt_smp_sign_verify
 .text.bt_smp_sign
                0x000000000000aa00       0xb4 zephyr/subsys/bluetooth/host/libsubsys__bluetooth__host.a(smp.c.obj)
                0x000000000000aa00                bt_smp_sign
 .text.bt_smp_start_security
                0x000000000000aab4      0x180 zephyr/subsys/bluetooth/host/libsubsys__bluetooth__host.a(smp.c.obj)
                0x000000000000aab4                bt_smp_start_security
 .text.smp_pairing_complete
                0x000000000000ac34       0xb8 zephyr/subsys/bluetooth/host/libsubsys__bluetooth__host.a(smp.c.obj)
 .text.bt_smp_recv
                0x000000000000acec      0x118 zephyr/subsys/bluetooth/host/libsubsys__bluetooth__host.a(smp.c.obj)
 .text.bt_smp_pkey_ready
                0x000000000000ae04       0x64 zephyr/subsys/bluetooth/host/libsubsys__bluetooth__host.a(smp.c.obj)
 .text.smp_signing_info
                0x000000000000ae68       0x80 zephyr/subsys/bluetooth/host/libsubsys__bluetooth__host.a(smp.c.obj)
 .text.smp_ident_addr_info
                0x000000000000aee8      0x160 zephyr/subsys/bluetooth/host/libsubsys__bluetooth__host.a(smp.c.obj)
 .text.smp_master_ident
                0x000000000000b048       0xa8 zephyr/subsys/bluetooth/host/libsubsys__bluetooth__host.a(smp.c.obj)
 .text.smp_pairing_failed
                0x000000000000b0f0       0x68 zephyr/subsys/bluetooth/host/libsubsys__bluetooth__host.a(smp.c.obj)
 .text.bt_smp_encrypt_change
                0x000000000000b158      0x2c0 zephyr/subsys/bluetooth/host/libsubsys__bluetooth__host.a(smp.c.obj)
 .text.smp_timeout
                0x000000000000b418       0x3c zephyr/subsys/bluetooth/host/libsubsys__bluetooth__host.a(smp.c.obj)
 .text.bt_smp_update_keys
                0x000000000000b454      0x118 zephyr/subsys/bluetooth/host/libsubsys__bluetooth__host.a(smp.c.obj)
                0x000000000000b454                bt_smp_update_keys
 .text.bt_smp_init
                0x000000000000b56c       0x2c zephyr/subsys/bluetooth/host/libsubsys__bluetooth__host.a(smp.c.obj)
                0x000000000000b56c                bt_smp_init
 .text.bt_keys_get_addr
                0x000000000000b598       0x50 zephyr/subsys/bluetooth/host/libsubsys__bluetooth__host.a(keys.c.obj)
                0x000000000000b598                bt_keys_get_addr
 .text.bt_keys_foreach
                0x000000000000b5e8       0x1c zephyr/subsys/bluetooth/host/libsubsys__bluetooth__host.a(keys.c.obj)
                0x000000000000b5e8                bt_keys_foreach
 .text.bt_keys_find
                0x000000000000b604       0x2c zephyr/subsys/bluetooth/host/libsubsys__bluetooth__host.a(keys.c.obj)
                0x000000000000b604                bt_keys_find
 .text.bt_keys_find_irk
                0x000000000000b630       0x70 zephyr/subsys/bluetooth/host/libsubsys__bluetooth__host.a(keys.c.obj)
                0x000000000000b630                bt_keys_find_irk
 .text.bt_keys_find_addr
                0x000000000000b6a0       0x20 zephyr/subsys/bluetooth/host/libsubsys__bluetooth__host.a(keys.c.obj)
                0x000000000000b6a0                bt_keys_find_addr
 .text.mem_init
                0x000000000000b6c0       0x60 zephyr/subsys/bluetooth/controller/libsubsys__bluetooth__controller.a(mem.c.obj)
                0x000000000000b6c0                mem_init
 .text.mem_acquire
                0x000000000000b720       0x34 zephyr/subsys/bluetooth/controller/libsubsys__bluetooth__controller.a(mem.c.obj)
                0x000000000000b720                mem_acquire
 .text.mem_release
                0x000000000000b754       0x30 zephyr/subsys/bluetooth/controller/libsubsys__bluetooth__controller.a(mem.c.obj)
                0x000000000000b754                mem_release
 .text.mem_get  0x000000000000b784        0x8 zephyr/subsys/bluetooth/controller/libsubsys__bluetooth__controller.a(mem.c.obj)
                0x000000000000b784                mem_get
 .text.mem_index_get
                0x000000000000b78c        0xc zephyr/subsys/bluetooth/controller/libsubsys__bluetooth__controller.a(mem.c.obj)
                0x000000000000b78c                mem_index_get
 .text.mem_rcopy
                0x000000000000b798       0x1c zephyr/subsys/bluetooth/controller/libsubsys__bluetooth__controller.a(mem.c.obj)
                0x000000000000b798                mem_rcopy
 .text.mem_nz   0x000000000000b7b4       0x18 zephyr/subsys/bluetooth/controller/libsubsys__bluetooth__controller.a(mem.c.obj)
                0x000000000000b7b4                mem_nz
 .text.memq_init
                0x000000000000b7cc        0x8 zephyr/subsys/bluetooth/controller/libsubsys__bluetooth__controller.a(memq.c.obj)
                0x000000000000b7cc                memq_init
 .text.memq_deinit
                0x000000000000b7d4       0x14 zephyr/subsys/bluetooth/controller/libsubsys__bluetooth__controller.a(memq.c.obj)
                0x000000000000b7d4                memq_deinit
 .text.memq_enqueue
                0x000000000000b7e8       0x14 zephyr/subsys/bluetooth/controller/libsubsys__bluetooth__controller.a(memq.c.obj)
                0x000000000000b7e8                memq_enqueue
 .text.memq_peek
                0x000000000000b7fc       0x10 zephyr/subsys/bluetooth/controller/libsubsys__bluetooth__controller.a(memq.c.obj)
                0x000000000000b7fc                memq_peek
 .text.memq_dequeue
                0x000000000000b80c       0x20 zephyr/subsys/bluetooth/controller/libsubsys__bluetooth__controller.a(memq.c.obj)
                0x000000000000b80c                memq_dequeue
 .text.mayfly_init
                0x000000000000b82c       0x40 zephyr/subsys/bluetooth/controller/libsubsys__bluetooth__controller.a(mayfly.c.obj)
                0x000000000000b82c                mayfly_init
 .text.mayfly_enable
                0x000000000000b86c       0x64 zephyr/subsys/bluetooth/controller/libsubsys__bluetooth__controller.a(mayfly.c.obj)
                0x000000000000b86c                mayfly_enable
 .text.mayfly_enqueue
                0x000000000000b8d0       0xa8 zephyr/subsys/bluetooth/controller/libsubsys__bluetooth__controller.a(mayfly.c.obj)
                0x000000000000b8d0                mayfly_enqueue
 .text.mayfly_run
                0x000000000000b978      0x148 zephyr/subsys/bluetooth/controller/libsubsys__bluetooth__controller.a(mayfly.c.obj)
                0x000000000000b978                mayfly_run
 .text.util_ones_count_get
                0x000000000000bac0       0x30 zephyr/subsys/bluetooth/controller/libsubsys__bluetooth__controller.a(util.c.obj)
                0x000000000000bac0                util_ones_count_get
 .text.ticker_dequeue
                0x000000000000baf0       0x74 zephyr/subsys/bluetooth/controller/libsubsys__bluetooth__controller.a(ticker.c.obj)
 .text.ticks_to_expire_prep
                0x000000000000bb64       0x48 zephyr/subsys/bluetooth/controller/libsubsys__bluetooth__controller.a(ticker.c.obj)
 .text.ticker_job_list_insert
                0x000000000000bbac      0x20c zephyr/subsys/bluetooth/controller/libsubsys__bluetooth__controller.a(ticker.c.obj)
 .text.ticker_worker
                0x000000000000bdb8      0x2dc zephyr/subsys/bluetooth/controller/libsubsys__bluetooth__controller.a(ticker.c.obj)
                0x000000000000bdb8                ticker_worker
 .text.ticker_job
                0x000000000000c094      0x94c zephyr/subsys/bluetooth/controller/libsubsys__bluetooth__controller.a(ticker.c.obj)
                0x000000000000c094                ticker_job
 .text.ticker_init
                0x000000000000c9e0       0x88 zephyr/subsys/bluetooth/controller/libsubsys__bluetooth__controller.a(ticker.c.obj)
                0x000000000000c9e0                ticker_init
 .text.ticker_trigger
                0x000000000000ca68       0x30 zephyr/subsys/bluetooth/controller/libsubsys__bluetooth__controller.a(ticker.c.obj)
                0x000000000000ca68                ticker_trigger
 .text.ticker_start_ext
                0x000000000000ca98       0xac zephyr/subsys/bluetooth/controller/libsubsys__bluetooth__controller.a(ticker.c.obj)
                0x000000000000ca98                ticker_start_ext
 .text.ticker_start
                0x000000000000cb44       0x38 zephyr/subsys/bluetooth/controller/libsubsys__bluetooth__controller.a(ticker.c.obj)
                0x000000000000cb44                ticker_start
 .text.ticker_update_ext
                0x000000000000cb7c       0xac zephyr/subsys/bluetooth/controller/libsubsys__bluetooth__controller.a(ticker.c.obj)
                0x000000000000cb7c                ticker_update_ext
 .text.ticker_update
                0x000000000000cc28       0x30 zephyr/subsys/bluetooth/controller/libsubsys__bluetooth__controller.a(ticker.c.obj)
                0x000000000000cc28                ticker_update
 .text.ticker_stop
                0x000000000000cc58       0x84 zephyr/subsys/bluetooth/controller/libsubsys__bluetooth__controller.a(ticker.c.obj)
                0x000000000000cc58                ticker_stop
 .text.ticker_ticks_now_get
                0x000000000000ccdc        0x4 zephyr/subsys/bluetooth/controller/libsubsys__bluetooth__controller.a(ticker.c.obj)
                0x000000000000ccdc                ticker_ticks_now_get
 .text.ll_addr_get
                0x000000000000cce0       0x3c zephyr/subsys/bluetooth/controller/libsubsys__bluetooth__controller.a(ll_addr.c.obj)
                0x000000000000cce0                ll_addr_get
 .text.ll_addr_set
                0x000000000000cd1c       0x3c zephyr/subsys/bluetooth/controller/libsubsys__bluetooth__controller.a(ll_addr.c.obj)
                0x000000000000cd1c                ll_addr_set
 .text.ll_tx_pwr_lvl_get
                0x000000000000cd58       0x20 zephyr/subsys/bluetooth/controller/libsubsys__bluetooth__controller.a(ll_tx_pwr.c.obj)
                0x000000000000cd58                ll_tx_pwr_lvl_get
 .text.ll_tx_pwr_get
                0x000000000000cd78        0x8 zephyr/subsys/bluetooth/controller/libsubsys__bluetooth__controller.a(ll_tx_pwr.c.obj)
                0x000000000000cd78                ll_tx_pwr_get
 .text.hci_driver_init
                0x000000000000cd80       0x10 zephyr/subsys/bluetooth/controller/libsubsys__bluetooth__controller.a(hci_driver.c.obj)
 .text.hci_driver_send
                0x000000000000cd90       0xb0 zephyr/subsys/bluetooth/controller/libsubsys__bluetooth__controller.a(hci_driver.c.obj)
 .text.recv_thread
                0x000000000000ce40      0x118 zephyr/subsys/bluetooth/controller/libsubsys__bluetooth__controller.a(hci_driver.c.obj)
 .text.prio_recv_thread
                0x000000000000cf58       0xc0 zephyr/subsys/bluetooth/controller/libsubsys__bluetooth__controller.a(hci_driver.c.obj)
 .text.hci_driver_open
                0x000000000000d018       0xb8 zephyr/subsys/bluetooth/controller/libsubsys__bluetooth__controller.a(hci_driver.c.obj)
 .text.le_remote_feat_complete
                0x000000000000d0d0       0x70 zephyr/subsys/bluetooth/controller/libsubsys__bluetooth__controller.a(hci.c.obj)
 .text.hci_vendor_cmd_handle_common
                0x000000000000d140      0x17c zephyr/subsys/bluetooth/controller/libsubsys__bluetooth__controller.a(hci.c.obj)
                0x000000000000d140                hci_vendor_cmd_handle_common
 .text.hci_cmd_handle
                0x000000000000d2bc      0x9c8 zephyr/subsys/bluetooth/controller/libsubsys__bluetooth__controller.a(hci.c.obj)
                0x000000000000d2bc                hci_cmd_handle
 .text.hci_acl_handle
                0x000000000000dc84      0x13c zephyr/subsys/bluetooth/controller/libsubsys__bluetooth__controller.a(hci.c.obj)
                0x000000000000dc84                hci_acl_handle
 .text.hci_disconn_complete_encode
                0x000000000000ddc0       0x40 zephyr/subsys/bluetooth/controller/libsubsys__bluetooth__controller.a(hci.c.obj)
                0x000000000000ddc0                hci_disconn_complete_encode
 .text.hci_disconn_complete_process
                0x000000000000de00       0x10 zephyr/subsys/bluetooth/controller/libsubsys__bluetooth__controller.a(hci.c.obj)
                0x000000000000de00                hci_disconn_complete_process
 .text.hci_acl_encode
                0x000000000000de10       0x74 zephyr/subsys/bluetooth/controller/libsubsys__bluetooth__controller.a(hci.c.obj)
                0x000000000000de10                hci_acl_encode
 .text.hci_evt_encode
                0x000000000000de84      0x5d4 zephyr/subsys/bluetooth/controller/libsubsys__bluetooth__controller.a(hci.c.obj)
                0x000000000000de84                hci_evt_encode
 .text.hci_num_cmplt_encode
                0x000000000000e458       0x30 zephyr/subsys/bluetooth/controller/libsubsys__bluetooth__controller.a(hci.c.obj)
                0x000000000000e458                hci_num_cmplt_encode
 .text.hci_get_class
                0x000000000000e488       0x2c zephyr/subsys/bluetooth/controller/libsubsys__bluetooth__controller.a(hci.c.obj)
                0x000000000000e488                hci_get_class
 .text.hci_init
                0x000000000000e4b4       0x40 zephyr/subsys/bluetooth/controller/libsubsys__bluetooth__controller.a(hci.c.obj)
                0x000000000000e4b4                hci_init
 .text.bt_rand  0x000000000000e4f4        0x4 zephyr/subsys/bluetooth/controller/libsubsys__bluetooth__controller.a(crypto.c.obj)
                0x000000000000e4f4                bt_rand
 .text.bt_encrypt_le
                0x000000000000e4f8        0xc zephyr/subsys/bluetooth/controller/libsubsys__bluetooth__controller.a(crypto.c.obj)
                0x000000000000e4f8                bt_encrypt_le
 .text.ll_feat_get
                0x000000000000e504        0xc zephyr/subsys/bluetooth/controller/libsubsys__bluetooth__controller.a(ll_feat.c.obj)
                0x000000000000e504                ll_feat_get
 .text.perform_lll_reset
                0x000000000000e510       0x94 zephyr/subsys/bluetooth/controller/libsubsys__bluetooth__controller.a(ull.c.obj)
 .text.ull_ticker_status_give
                0x000000000000e5a4        0xc zephyr/subsys/bluetooth/controller/libsubsys__bluetooth__controller.a(ull.c.obj)
                0x000000000000e5a4                ull_ticker_status_give
 .text.disabled_cb
                0x000000000000e5b0        0x4 zephyr/subsys/bluetooth/controller/libsubsys__bluetooth__controller.a(ull.c.obj)
 .text.tx_cmplt_get
                0x000000000000e5b4       0xcc zephyr/subsys/bluetooth/controller/libsubsys__bluetooth__controller.a(ull.c.obj)
 .text.ull_done
                0x000000000000e680      0x114 zephyr/subsys/bluetooth/controller/libsubsys__bluetooth__controller.a(ull.c.obj)
 .text.rx_alloc
                0x000000000000e794       0xe8 zephyr/subsys/bluetooth/controller/libsubsys__bluetooth__controller.a(ull.c.obj)
 .text.init_reset
                0x000000000000e87c      0x14c zephyr/subsys/bluetooth/controller/libsubsys__bluetooth__controller.a(ull.c.obj)
 .text.rx_demux
                0x000000000000e9c8      0x1d4 zephyr/subsys/bluetooth/controller/libsubsys__bluetooth__controller.a(ull.c.obj)
 .text.ll_init  0x000000000000eb9c       0xdc zephyr/subsys/bluetooth/controller/libsubsys__bluetooth__controller.a(ull.c.obj)
                0x000000000000eb9c                ll_init
 .text.ll_reset
                0x000000000000ec78      0x12c zephyr/subsys/bluetooth/controller/libsubsys__bluetooth__controller.a(ull.c.obj)
                0x000000000000ec78                ll_reset
 .text.ll_rx_get
                0x000000000000eda4      0x1c4 zephyr/subsys/bluetooth/controller/libsubsys__bluetooth__controller.a(ull.c.obj)
                0x000000000000eda4                ll_rx_get
 .text.ll_rx_dequeue
                0x000000000000ef68      0x1a0 zephyr/subsys/bluetooth/controller/libsubsys__bluetooth__controller.a(ull.c.obj)
                0x000000000000ef68                ll_rx_dequeue
 .text.ll_rx_mem_release
                0x000000000000f108      0x184 zephyr/subsys/bluetooth/controller/libsubsys__bluetooth__controller.a(ull.c.obj)
                0x000000000000f108                ll_rx_mem_release
 .text.ll_rx_link_alloc
                0x000000000000f28c        0xc zephyr/subsys/bluetooth/controller/libsubsys__bluetooth__controller.a(ull.c.obj)
                0x000000000000f28c                ll_rx_link_alloc
 .text.ll_rx_link_release
                0x000000000000f298        0xc zephyr/subsys/bluetooth/controller/libsubsys__bluetooth__controller.a(ull.c.obj)
                0x000000000000f298                ll_rx_link_release
 .text.ll_rx_alloc
                0x000000000000f2a4        0xc zephyr/subsys/bluetooth/controller/libsubsys__bluetooth__controller.a(ull.c.obj)
                0x000000000000f2a4                ll_rx_alloc
 .text.ll_rx_release
                0x000000000000f2b0        0xc zephyr/subsys/bluetooth/controller/libsubsys__bluetooth__controller.a(ull.c.obj)
                0x000000000000f2b0                ll_rx_release
 .text.ll_rx_put
                0x000000000000f2bc       0x14 zephyr/subsys/bluetooth/controller/libsubsys__bluetooth__controller.a(ull.c.obj)
                0x000000000000f2bc                ll_rx_put
 .text.ll_rx_sched
                0x000000000000f2d0        0xc zephyr/subsys/bluetooth/controller/libsubsys__bluetooth__controller.a(ull.c.obj)
                0x000000000000f2d0                ll_rx_sched
 .text.ll_pdu_rx_alloc_peek
                0x000000000000f2dc       0x3c zephyr/subsys/bluetooth/controller/libsubsys__bluetooth__controller.a(ull.c.obj)
                0x000000000000f2dc                ll_pdu_rx_alloc_peek
 .text.ll_pdu_rx_alloc
                0x000000000000f318       0x2c zephyr/subsys/bluetooth/controller/libsubsys__bluetooth__controller.a(ull.c.obj)
                0x000000000000f318                ll_pdu_rx_alloc
 .text.ll_tx_ack_put
                0x000000000000f344       0x68 zephyr/subsys/bluetooth/controller/libsubsys__bluetooth__controller.a(ull.c.obj)
                0x000000000000f344                ll_tx_ack_put
 .text.ull_ticker_status_take
                0x000000000000f3ac       0x50 zephyr/subsys/bluetooth/controller/libsubsys__bluetooth__controller.a(ull.c.obj)
                0x000000000000f3ac                ull_ticker_status_take
 .text.ull_disable_mark
                0x000000000000f3fc       0x14 zephyr/subsys/bluetooth/controller/libsubsys__bluetooth__controller.a(ull.c.obj)
                0x000000000000f3fc                ull_disable_mark
 .text.ull_disable_unmark
                0x000000000000f410       0x18 zephyr/subsys/bluetooth/controller/libsubsys__bluetooth__controller.a(ull.c.obj)
                0x000000000000f410                ull_disable_unmark
 .text.ull_disable_mark_get
                0x000000000000f428        0xc zephyr/subsys/bluetooth/controller/libsubsys__bluetooth__controller.a(ull.c.obj)
                0x000000000000f428                ull_disable_mark_get
 .text.ull_update_mark
                0x000000000000f434       0x14 zephyr/subsys/bluetooth/controller/libsubsys__bluetooth__controller.a(ull.c.obj)
                0x000000000000f434                ull_update_mark
 .text.ull_update_unmark
                0x000000000000f448       0x18 zephyr/subsys/bluetooth/controller/libsubsys__bluetooth__controller.a(ull.c.obj)
                0x000000000000f448                ull_update_unmark
 .text.ull_update_mark_get
                0x000000000000f460        0xc zephyr/subsys/bluetooth/controller/libsubsys__bluetooth__controller.a(ull.c.obj)
                0x000000000000f460                ull_update_mark_get
 .text.ull_disable
                0x000000000000f46c       0x80 zephyr/subsys/bluetooth/controller/libsubsys__bluetooth__controller.a(ull.c.obj)
                0x000000000000f46c                ull_disable
 .text.ull_ticker_stop_with_mark
                0x000000000000f4ec       0x80 zephyr/subsys/bluetooth/controller/libsubsys__bluetooth__controller.a(ull.c.obj)
                0x000000000000f4ec                ull_ticker_stop_with_mark
 .text.ull_pdu_rx_alloc_peek
                0x000000000000f56c       0x3c zephyr/subsys/bluetooth/controller/libsubsys__bluetooth__controller.a(ull.c.obj)
                0x000000000000f56c                ull_pdu_rx_alloc_peek
 .text.ull_pdu_rx_alloc
                0x000000000000f5a8       0x2c zephyr/subsys/bluetooth/controller/libsubsys__bluetooth__controller.a(ull.c.obj)
                0x000000000000f5a8                ull_pdu_rx_alloc
 .text.ull_rx_put
                0x000000000000f5d4       0x20 zephyr/subsys/bluetooth/controller/libsubsys__bluetooth__controller.a(ull.c.obj)
                0x000000000000f5d4                ull_rx_put
 .text.ull_rx_sched
                0x000000000000f5f4       0x10 zephyr/subsys/bluetooth/controller/libsubsys__bluetooth__controller.a(ull.c.obj)
                0x000000000000f5f4                ull_rx_sched
 .text.ull_prepare_enqueue
                0x000000000000f604       0x64 zephyr/subsys/bluetooth/controller/libsubsys__bluetooth__controller.a(ull.c.obj)
                0x000000000000f604                ull_prepare_enqueue
 .text.ull_prepare_dequeue_get
                0x000000000000f668       0x1c zephyr/subsys/bluetooth/controller/libsubsys__bluetooth__controller.a(ull.c.obj)
                0x000000000000f668                ull_prepare_dequeue_get
 .text.ull_prepare_dequeue_iter
                0x000000000000f684       0x40 zephyr/subsys/bluetooth/controller/libsubsys__bluetooth__controller.a(ull.c.obj)
                0x000000000000f684                ull_prepare_dequeue_iter
 .text.ull_prepare_dequeue
                0x000000000000f6c4       0xb8 zephyr/subsys/bluetooth/controller/libsubsys__bluetooth__controller.a(ull.c.obj)
                0x000000000000f6c4                ull_prepare_dequeue
 .text.ull_event_done_extra_get
                0x000000000000f77c       0x20 zephyr/subsys/bluetooth/controller/libsubsys__bluetooth__controller.a(ull.c.obj)
                0x000000000000f77c                ull_event_done_extra_get
 .text.ull_event_done
                0x000000000000f79c       0x5c zephyr/subsys/bluetooth/controller/libsubsys__bluetooth__controller.a(ull.c.obj)
                0x000000000000f79c                ull_event_done
 .text.lll_prepare
                0x000000000000f7f8       0x14 zephyr/subsys/bluetooth/controller/libsubsys__bluetooth__controller.a(lll_common.c.obj)
                0x000000000000f7f8                lll_prepare
 .text.lll_resume
                0x000000000000f80c       0x4c zephyr/subsys/bluetooth/controller/libsubsys__bluetooth__controller.a(lll_common.c.obj)
                0x000000000000f80c                lll_resume
 .text.ticker_stop_cb
                0x000000000000f858       0x88 zephyr/subsys/bluetooth/controller/libsubsys__bluetooth__controller.a(ull_adv.c.obj)
 .text.disabled_cb
                0x000000000000f8e0       0x94 zephyr/subsys/bluetooth/controller/libsubsys__bluetooth__controller.a(ull_adv.c.obj)
 .text.ticker_cb
                0x000000000000f974      0x130 zephyr/subsys/bluetooth/controller/libsubsys__bluetooth__controller.a(ull_adv.c.obj)
 .text.ticker_op_stop_cb
                0x000000000000faa4       0xbc zephyr/subsys/bluetooth/controller/libsubsys__bluetooth__controller.a(ull_adv.c.obj)
 .text.ticker_op_update_cb
                0x000000000000fb60       0x38 zephyr/subsys/bluetooth/controller/libsubsys__bluetooth__controller.a(ull_adv.c.obj)
 .text.init_set.constprop.0
                0x000000000000fb98       0x54 zephyr/subsys/bluetooth/controller/libsubsys__bluetooth__controller.a(ull_adv.c.obj)
 .text.conn_release.constprop.0
                0x000000000000fbec       0x84 zephyr/subsys/bluetooth/controller/libsubsys__bluetooth__controller.a(ull_adv.c.obj)
 .text.disable.part.0
                0x000000000000fc70      0x148 zephyr/subsys/bluetooth/controller/libsubsys__bluetooth__controller.a(ull_adv.c.obj)
 .text.adv_time_get.constprop.0.isra.0
                0x000000000000fdb8       0x7c zephyr/subsys/bluetooth/controller/libsubsys__bluetooth__controller.a(ull_adv.c.obj)
 .text.ll_adv_params_set
                0x000000000000fe34      0x1dc zephyr/subsys/bluetooth/controller/libsubsys__bluetooth__controller.a(ull_adv.c.obj)
                0x000000000000fe34                ll_adv_params_set
 .text.ull_adv_init
                0x0000000000010010       0x20 zephyr/subsys/bluetooth/controller/libsubsys__bluetooth__controller.a(ull_adv.c.obj)
                0x0000000000010010                ull_adv_init
 .text.ull_adv_reset
                0x0000000000010030       0x34 zephyr/subsys/bluetooth/controller/libsubsys__bluetooth__controller.a(ull_adv.c.obj)
                0x0000000000010030                ull_adv_reset
 .text.ull_adv_reset_finalize
                0x0000000000010064       0x30 zephyr/subsys/bluetooth/controller/libsubsys__bluetooth__controller.a(ull_adv.c.obj)
                0x0000000000010064                ull_adv_reset_finalize
 .text.ull_adv_handle_get
                0x0000000000010094       0x18 zephyr/subsys/bluetooth/controller/libsubsys__bluetooth__controller.a(ull_adv.c.obj)
                0x0000000000010094                ull_adv_handle_get
 .text.ull_adv_lll_handle_get
                0x00000000000100ac       0x1c zephyr/subsys/bluetooth/controller/libsubsys__bluetooth__controller.a(ull_adv.c.obj)
                0x00000000000100ac                ull_adv_lll_handle_get
 .text.ull_adv_is_enabled_get
                0x00000000000100c8       0x1c zephyr/subsys/bluetooth/controller/libsubsys__bluetooth__controller.a(ull_adv.c.obj)
                0x00000000000100c8                ull_adv_is_enabled_get
 .text.ull_adv_is_enabled
                0x00000000000100e4       0x18 zephyr/subsys/bluetooth/controller/libsubsys__bluetooth__controller.a(ull_adv.c.obj)
                0x00000000000100e4                ull_adv_is_enabled
 .text.ull_adv_filter_pol_get
                0x00000000000100fc       0x20 zephyr/subsys/bluetooth/controller/libsubsys__bluetooth__controller.a(ull_adv.c.obj)
                0x00000000000100fc                ull_adv_filter_pol_get
 .text.ull_adv_pdu_update_addrs
                0x000000000001011c       0x60 zephyr/subsys/bluetooth/controller/libsubsys__bluetooth__controller.a(ull_adv.c.obj)
                0x000000000001011c                ull_adv_pdu_update_addrs
 .text.ull_adv_data_set
                0x000000000001017c       0xb0 zephyr/subsys/bluetooth/controller/libsubsys__bluetooth__controller.a(ull_adv.c.obj)
                0x000000000001017c                ull_adv_data_set
 .text.ll_adv_data_set
                0x000000000001022c       0x10 zephyr/subsys/bluetooth/controller/libsubsys__bluetooth__controller.a(ull_adv.c.obj)
                0x000000000001022c                ll_adv_data_set
 .text.ull_scan_rsp_set.part.0
                0x000000000001023c       0x84 zephyr/subsys/bluetooth/controller/libsubsys__bluetooth__controller.a(ull_adv.c.obj)
 .text.ll_adv_scan_rsp_set
                0x00000000000102c0       0x18 zephyr/subsys/bluetooth/controller/libsubsys__bluetooth__controller.a(ull_adv.c.obj)
                0x00000000000102c0                ll_adv_scan_rsp_set
 .text.init_reset
                0x00000000000102d8       0x7c zephyr/subsys/bluetooth/controller/libsubsys__bluetooth__controller.a(ull_conn.c.obj)
 .text.ctrl_tx_pause_enqueue
                0x0000000000010354       0xe8 zephyr/subsys/bluetooth/controller/libsubsys__bluetooth__controller.a(ull_conn.c.obj)
 .text.ticker_op_stop_cb
                0x000000000001043c       0xdc zephyr/subsys/bluetooth/controller/libsubsys__bluetooth__controller.a(ull_conn.c.obj)
 .text.tx_lll_flush
                0x0000000000010518       0xf4 zephyr/subsys/bluetooth/controller/libsubsys__bluetooth__controller.a(ull_conn.c.obj)
 .text.ctrl_tx_sec_enqueue
                0x000000000001060c       0x84 zephyr/subsys/bluetooth/controller/libsubsys__bluetooth__controller.a(ull_conn.c.obj)
 .text.disabled_cb
                0x0000000000010690       0x40 zephyr/subsys/bluetooth/controller/libsubsys__bluetooth__controller.a(ull_conn.c.obj)
 .text.conn_setup_adv_scan_disabled_cb
                0x00000000000106d0       0x40 zephyr/subsys/bluetooth/controller/libsubsys__bluetooth__controller.a(ull_conn.c.obj)
 .text.ticker_start_conn_op_cb
                0x0000000000010710       0x58 zephyr/subsys/bluetooth/controller/libsubsys__bluetooth__controller.a(ull_conn.c.obj)
 .text.ticker_stop_conn_op_cb
                0x0000000000010768       0x58 zephyr/subsys/bluetooth/controller/libsubsys__bluetooth__controller.a(ull_conn.c.obj)
 .text.ticker_update_conn_op_cb
                0x00000000000107c0       0x40 zephyr/subsys/bluetooth/controller/libsubsys__bluetooth__controller.a(ull_conn.c.obj)
 .text.tx_ull_dequeue
                0x0000000000010800       0x7c zephyr/subsys/bluetooth/controller/libsubsys__bluetooth__controller.a(ull_conn.c.obj)
 .text.reject_ext_ind_send
                0x000000000001087c       0xd4 zephyr/subsys/bluetooth/controller/libsubsys__bluetooth__controller.a(ull_conn.c.obj)
 .text.event_len_prep
                0x0000000000010950      0x1f0 zephyr/subsys/bluetooth/controller/libsubsys__bluetooth__controller.a(ull_conn.c.obj)
 .text.event_phy_upd_ind_prep
                0x0000000000010b40      0x3c0 zephyr/subsys/bluetooth/controller/libsubsys__bluetooth__controller.a(ull_conn.c.obj)
 .text.ll_conn_acquire
                0x0000000000010f00        0xc zephyr/subsys/bluetooth/controller/libsubsys__bluetooth__controller.a(ull_conn.c.obj)
                0x0000000000010f00                ll_conn_acquire
 .text.ll_conn_release
                0x0000000000010f0c        0xc zephyr/subsys/bluetooth/controller/libsubsys__bluetooth__controller.a(ull_conn.c.obj)
                0x0000000000010f0c                ll_conn_release
 .text.ll_conn_handle_get
                0x0000000000010f18       0x10 zephyr/subsys/bluetooth/controller/libsubsys__bluetooth__controller.a(ull_conn.c.obj)
                0x0000000000010f18                ll_conn_handle_get
 .text.ll_conn_get
                0x0000000000010f28       0x10 zephyr/subsys/bluetooth/controller/libsubsys__bluetooth__controller.a(ull_conn.c.obj)
                0x0000000000010f28                ll_conn_get
 .text.ll_connected_get
                0x0000000000010f38       0x24 zephyr/subsys/bluetooth/controller/libsubsys__bluetooth__controller.a(ull_conn.c.obj)
                0x0000000000010f38                ll_connected_get
 .text.ll_tx_mem_acquire
                0x0000000000010f5c        0xc zephyr/subsys/bluetooth/controller/libsubsys__bluetooth__controller.a(ull_conn.c.obj)
                0x0000000000010f5c                ll_tx_mem_acquire
 .text.ll_tx_mem_release
                0x0000000000010f68        0xc zephyr/subsys/bluetooth/controller/libsubsys__bluetooth__controller.a(ull_conn.c.obj)
                0x0000000000010f68                ll_tx_mem_release
 .text.ll_tx_mem_enqueue
                0x0000000000010f74       0x98 zephyr/subsys/bluetooth/controller/libsubsys__bluetooth__controller.a(ull_conn.c.obj)
                0x0000000000010f74                ll_tx_mem_enqueue
 .text.ll_conn_update
                0x000000000001100c      0x128 zephyr/subsys/bluetooth/controller/libsubsys__bluetooth__controller.a(ull_conn.c.obj)
                0x000000000001100c                ll_conn_update
 .text.ll_chm_get
                0x0000000000011134       0x40 zephyr/subsys/bluetooth/controller/libsubsys__bluetooth__controller.a(ull_conn.c.obj)
                0x0000000000011134                ll_chm_get
 .text.ll_terminate_ind_send
                0x0000000000011174       0x94 zephyr/subsys/bluetooth/controller/libsubsys__bluetooth__controller.a(ull_conn.c.obj)
                0x0000000000011174                ll_terminate_ind_send
 .text.ll_feature_req_send
                0x0000000000011208       0x4c zephyr/subsys/bluetooth/controller/libsubsys__bluetooth__controller.a(ull_conn.c.obj)
                0x0000000000011208                ll_feature_req_send
 .text.ll_version_ind_send
                0x0000000000011254       0x4c zephyr/subsys/bluetooth/controller/libsubsys__bluetooth__controller.a(ull_conn.c.obj)
                0x0000000000011254                ll_version_ind_send
 .text.ll_length_req_send
                0x00000000000112a0       0xa8 zephyr/subsys/bluetooth/controller/libsubsys__bluetooth__controller.a(ull_conn.c.obj)
                0x00000000000112a0                ll_length_req_send
 .text.ll_length_default_get
                0x0000000000011348       0x18 zephyr/subsys/bluetooth/controller/libsubsys__bluetooth__controller.a(ull_conn.c.obj)
                0x0000000000011348                ll_length_default_get
 .text.ll_length_default_set
                0x0000000000011360       0x14 zephyr/subsys/bluetooth/controller/libsubsys__bluetooth__controller.a(ull_conn.c.obj)
                0x0000000000011360                ll_length_default_set
 .text.ll_length_max_get
                0x0000000000011374       0x18 zephyr/subsys/bluetooth/controller/libsubsys__bluetooth__controller.a(ull_conn.c.obj)
                0x0000000000011374                ll_length_max_get
 .text.ll_phy_get
                0x000000000001138c       0x3c zephyr/subsys/bluetooth/controller/libsubsys__bluetooth__controller.a(ull_conn.c.obj)
                0x000000000001138c                ll_phy_get
 .text.ll_phy_default_set
                0x00000000000113c8       0x14 zephyr/subsys/bluetooth/controller/libsubsys__bluetooth__controller.a(ull_conn.c.obj)
                0x00000000000113c8                ll_phy_default_set
 .text.ll_phy_req_send
                0x00000000000113dc       0xa4 zephyr/subsys/bluetooth/controller/libsubsys__bluetooth__controller.a(ull_conn.c.obj)
                0x00000000000113dc                ll_phy_req_send
 .text.ll_apto_get
                0x0000000000011480       0x48 zephyr/subsys/bluetooth/controller/libsubsys__bluetooth__controller.a(ull_conn.c.obj)
                0x0000000000011480                ll_apto_get
 .text.ll_apto_set
                0x00000000000114c8       0x44 zephyr/subsys/bluetooth/controller/libsubsys__bluetooth__controller.a(ull_conn.c.obj)
                0x00000000000114c8                ll_apto_set
 .text.ull_conn_init
                0x000000000001150c        0x4 zephyr/subsys/bluetooth/controller/libsubsys__bluetooth__controller.a(ull_conn.c.obj)
                0x000000000001150c                ull_conn_init
 .text.ull_conn_reset
                0x0000000000011510       0x74 zephyr/subsys/bluetooth/controller/libsubsys__bluetooth__controller.a(ull_conn.c.obj)
                0x0000000000011510                ull_conn_reset
 .text.ull_conn_default_tx_octets_get
                0x0000000000011584        0xc zephyr/subsys/bluetooth/controller/libsubsys__bluetooth__controller.a(ull_conn.c.obj)
                0x0000000000011584                ull_conn_default_tx_octets_get
 .text.ull_conn_default_tx_time_get
                0x0000000000011590        0xc zephyr/subsys/bluetooth/controller/libsubsys__bluetooth__controller.a(ull_conn.c.obj)
                0x0000000000011590                ull_conn_default_tx_time_get
 .text.ull_conn_default_phy_tx_get
                0x000000000001159c        0xc zephyr/subsys/bluetooth/controller/libsubsys__bluetooth__controller.a(ull_conn.c.obj)
                0x000000000001159c                ull_conn_default_phy_tx_get
 .text.ull_conn_default_phy_rx_get
                0x00000000000115a8        0xc zephyr/subsys/bluetooth/controller/libsubsys__bluetooth__controller.a(ull_conn.c.obj)
                0x00000000000115a8                ull_conn_default_phy_rx_get
 .text.ull_conn_setup
                0x00000000000115b4       0x50 zephyr/subsys/bluetooth/controller/libsubsys__bluetooth__controller.a(ull_conn.c.obj)
                0x00000000000115b4                ull_conn_setup
 .text.ull_conn_rx
                0x0000000000011604     0x16d8 zephyr/subsys/bluetooth/controller/libsubsys__bluetooth__controller.a(ull_conn.c.obj)
                0x0000000000011604                ull_conn_rx
 .text.ull_conn_llcp
                0x0000000000012cdc     0x16fc zephyr/subsys/bluetooth/controller/libsubsys__bluetooth__controller.a(ull_conn.c.obj)
                0x0000000000012cdc                ull_conn_llcp
 .text.ull_conn_tx_demux
                0x00000000000143d8       0xa0 zephyr/subsys/bluetooth/controller/libsubsys__bluetooth__controller.a(ull_conn.c.obj)
                0x00000000000143d8                ull_conn_tx_demux
 .text.conn_cleanup_finalize
                0x0000000000014478       0xe4 zephyr/subsys/bluetooth/controller/libsubsys__bluetooth__controller.a(ull_conn.c.obj)
 .text.ull_conn_done
                0x000000000001455c      0x370 zephyr/subsys/bluetooth/controller/libsubsys__bluetooth__controller.a(ull_conn.c.obj)
                0x000000000001455c                ull_conn_done