Archive member included to satisfy reference by file (symbol)

app/libapp.a(ble_led.c.obj)   (--whole-archive)
app/libapp.a(main.c.obj)      (--whole-archive)
zephyr/libzephyr.a(cbprintf.c.obj)
                              (--whole-archive)
zephyr/libzephyr.a(cbprintf_packaged.c.obj)
                              (--whole-archive)
zephyr/libzephyr.a(crc32c_sw.c.obj)
                              (--whole-archive)
zephyr/libzephyr.a(crc32_sw.c.obj)
                              (--whole-archive)
zephyr/libzephyr.a(crc16_sw.c.obj)
                              (--whole-archive)
zephyr/libzephyr.a(crc8_sw.c.obj)
                              (--whole-archive)
zephyr/libzephyr.a(crc7_sw.c.obj)
                              (--whole-archive)
zephyr/libzephyr.a(dec.c.obj)
                              (--whole-archive)
zephyr/libzephyr.a(fdtable.c.obj)
                              (--whole-archive)
zephyr/libzephyr.a(hex.c.obj)
                              (--whole-archive)
zephyr/libzephyr.a(notify.c.obj)
                              (--whole-archive)
zephyr/libzephyr.a(printk.c.obj)
                              (--whole-archive)
zephyr/libzephyr.a(onoff.c.obj)
                              (--whole-archive)
zephyr/libzephyr.a(rb.c.obj)  (--whole-archive)
zephyr/libzephyr.a(sem.c.obj)
                              (--whole-archive)
zephyr/libzephyr.a(thread_entry.c.obj)
                              (--whole-archive)
zephyr/libzephyr.a(timeutil.c.obj)
                              (--whole-archive)
zephyr/libzephyr.a(heap.c.obj)
                              (--whole-archive)
zephyr/libzephyr.a(heap-validate.c.obj)
                              (--whole-archive)
zephyr/libzephyr.a(bitarray.c.obj)
                              (--whole-archive)
zephyr/libzephyr.a(cbprintf_complete.c.obj)
                              (--whole-archive)
zephyr/libzephyr.a(mpsc_pbuf.c.obj)
                              (--whole-archive)
zephyr/libzephyr.a(configs.c.obj)
                              (--whole-archive)
zephyr/libzephyr.a(validate_base_addresses.c.obj)
                              (--whole-archive)
zephyr/libzephyr.a(validate_enabled_instances.c.obj)
                              (--whole-archive)
zephyr/libzephyr.a(log_list.c.obj)
                              (--whole-archive)
zephyr/libzephyr.a(log_core.c.obj)
                              (--whole-archive)
zephyr/libzephyr.a(log_msg.c.obj)
                              (--whole-archive)
zephyr/libzephyr.a(log_output.c.obj)
                              (--whole-archive)
zephyr/libzephyr.a(dis.c.obj)
                              (--whole-archive)
zephyr/libzephyr.a(bas.c.obj)
                              (--whole-archive)
zephyr/libzephyr.a(hrs.c.obj)
                              (--whole-archive)
zephyr/libzephyr.a(addr_utils.c.obj)
                              (--whole-archive)
zephyr/libzephyr.a(power.c.obj)
                              (--whole-archive)
zephyr/libzephyr.a(pm_ctrl.c.obj)
                              (--whole-archive)
zephyr/libzephyr.a(policy_residency.c.obj)
                              (--whole-archive)
zephyr/libzephyr.a(clock_control_nrf.c.obj)
                              (--whole-archive)
zephyr/libzephyr.a(sys_clock_init.c.obj)
                              (--whole-archive)
zephyr/libzephyr.a(nrf_rtc_timer.c.obj)
                              (--whole-archive)
zephyr/libzephyr.a(utils.c.obj)
                              (--whole-archive)
zephyr/libzephyr.a(ecc_dh.c.obj)
                              (--whole-archive)
zephyr/libzephyr.a(ecc.c.obj)
                              (--whole-archive)
zephyr/libzephyr.a(aes_decrypt.c.obj)
                              (--whole-archive)
zephyr/libzephyr.a(aes_encrypt.c.obj)
                              (--whole-archive)
zephyr/libzephyr.a(cmac_mode.c.obj)
                              (--whole-archive)
zephyr/arch/common/libarch__common.a(sw_isr_common.c.obj)
                              (--whole-archive)
zephyr/arch/arch/arm/core/aarch32/libarch__arm__core__aarch32.a(swap.c.obj)
                              (--whole-archive)
zephyr/arch/arch/arm/core/aarch32/libarch__arm__core__aarch32.a(swap_helper.S.obj)
                              (--whole-archive)
zephyr/arch/arch/arm/core/aarch32/libarch__arm__core__aarch32.a(irq_manage.c.obj)
                              (--whole-archive)
zephyr/arch/arch/arm/core/aarch32/libarch__arm__core__aarch32.a(thread.c.obj)
                              (--whole-archive)
zephyr/arch/arch/arm/core/aarch32/libarch__arm__core__aarch32.a(cpu_idle.S.obj)
                              (--whole-archive)
zephyr/arch/arch/arm/core/aarch32/libarch__arm__core__aarch32.a(fatal.c.obj)
                              (--whole-archive)
zephyr/arch/arch/arm/core/aarch32/libarch__arm__core__aarch32.a(nmi.c.obj)
                              (--whole-archive)
zephyr/arch/arch/arm/core/aarch32/libarch__arm__core__aarch32.a(nmi_on_reset.S.obj)
[...]
Memory Configuration

Name             Origin             Length             Attributes
FLASH            0x0000000000010000 0x00000000000f0000 xr
SRAM             0x0000000020000000 0x0000000000040000 xw
IDT_LIST         0x0000000020040000 0x0000000000000800 xw
*default*        0x0000000000000000 0xffffffffffffffff

Linker script and memory map

LOAD zephyr/CMakeFiles/zephyr_prebuilt.dir/misc/empty_file.c.obj
                0x0000000000000020                _region_min_align = 0x20

.rel.plt        0x0000000000010000        0x0
 *(SORT_BY_ALIGNMENT(.rel.plt))
                [!provide]                        PROVIDE (__rel_iplt_start = .)
 *(SORT_BY_ALIGNMENT(.rel.iplt))
 .rel.iplt      0x0000000000010000        0x0 app/libapp.a(ble_led.c.obj)
                [!provide]                        PROVIDE (__rel_iplt_end = .)

.rela.plt       0x0000000000000000        0x0
 *(SORT_BY_ALIGNMENT(.rela.plt))
                [!provide]                        PROVIDE (__rela_iplt_start = .)
 *(SORT_BY_ALIGNMENT(.rela.iplt))
                [!provide]                        PROVIDE (__rela_iplt_end = .)

.rel.dyn
 *(SORT_BY_ALIGNMENT(.rel.*))

.rela.dyn
 *(SORT_BY_ALIGNMENT(.rela.*))

/DISCARD/
 *(SORT_BY_ALIGNMENT(.plt))
 *(SORT_BY_ALIGNMENT(.iplt))
 *(SORT_BY_ALIGNMENT(.got.plt))
 *(SORT_BY_ALIGNMENT(.igot.plt))
 *(SORT_BY_ALIGNMENT(.got))
 *(SORT_BY_ALIGNMENT(.igot))
 *(SORT_BY_ALIGNMENT(.note.GNU-stack))
                0x0000000000010000                _image_rom_start = 0x10000

rom_start       0x0000000000010000      0x100
                0x0000000000000000                . = 0x0
                0x0000000000000000                . = ALIGN (0x4)
                0x0000000000000000                . = ALIGN (0x80)
                0x0000000000000000                . = ALIGN (0x100)
                0x0000000000010000                _vector_start = .
 *(SORT_BY_ALIGNMENT(.exc_vector_table))
 *(SORT_BY_ALIGNMENT(.exc_vector_table.*))
 .exc_vector_table._vector_table_section
                0x0000000000010000       0x40 zephyr/arch/arch/arm/core/aarch32/cortex_m/libarch__arm__core__aarch32__cortex_m.a(vector_table.S.obj)
                0x0000000000010000                _vector_table
 *(SORT_BY_ALIGNMENT(.gnu.linkonce.irq_vector_table*))
 .gnu.linkonce.irq_vector_table
                0x0000000000010040       0xc0 zephyr/arch/common/libisr_tables.a(isr_tables.c.obj)
                0x0000000000010040                _irq_vector_table
 *(SORT_BY_ALIGNMENT(.vectors))
                0x0000000000010100                _vector_end = .

text            0x0000000000010100    0x1f04c
                0x0000000000010100                _image_text_start = .
 *(SORT_BY_ALIGNMENT(.text))
 .text          0x0000000000010100       0x30 /Applications/ARM/bin/../lib/gcc/arm-none-eabi/10.2.1/thumb/v7e-m/nofp/libgcc.a(_aeabi_uldivmod.o)
                0x0000000000010100                __aeabi_uldivmod
 .text          0x0000000000010130      0x2d0 /Applications/ARM/bin/../lib/gcc/arm-none-eabi/10.2.1/thumb/v7e-m/nofp/libgcc.a(_udivmoddi4.o)
                0x0000000000010130                __udivmoddi4
 .text          0x0000000000010400        0x4 /Applications/ARM/bin/../lib/gcc/arm-none-eabi/10.2.1/thumb/v7e-m/nofp/libgcc.a(_dvmd_tls.o)
                0x0000000000010400                __aeabi_ldiv0
                0x0000000000010400                __aeabi_idiv0
 *(SORT_BY_ALIGNMENT(.text.*))
 *fill*         0x0000000000010404        0x4 
 .text.bt_init  0x0000000000010408      0x4e8 zephyr/subsys/bluetooth/host/libsubsys__bluetooth__host.a(hci_core.c.obj)
 .text.ull_drift_ticks_get
                0x00000000000108f0       0x8c zephyr/subsys/bluetooth/controller/libsubsys__bluetooth__controller.a(ull.c.obj)
                0x00000000000108f0                ull_drift_ticks_get
 *fill*         0x000000000001097c        0x4 
 .text.ll_adv_enable
                0x0000000000010980      0x4c0 zephyr/subsys/bluetooth/controller/libsubsys__bluetooth__controller.a(ull_adv.c.obj)
                0x0000000000010980                ll_adv_enable
 .text.event_conn_upd_prep
                0x0000000000010e40      0x560 zephyr/subsys/bluetooth/controller/libsubsys__bluetooth__controller.a(ull_conn.c.obj)
 .text.ull_slave_setup
                0x00000000000113a0      0x448 zephyr/subsys/bluetooth/controller/libsubsys__bluetooth__controller.a(ull_slave.c.obj)
                0x00000000000113a0                ull_slave_setup
 .text.config_led
                0x00000000000117e8       0x3c app/libapp.a(ble_led.c.obj)
                0x00000000000117e8                config_led
 .text.set_led  0x0000000000011824       0x28 app/libapp.a(ble_led.c.obj)
                0x0000000000011824                set_led
 .text.disconnected
                0x000000000001184c       0x18 app/libapp.a(main.c.obj)
 .text.connected
                0x0000000000011864       0x28 app/libapp.a(main.c.obj)
 .text.bt_addr_le_to_str.constprop.0.isra.0
                0x000000000001188c       0x78 app/libapp.a(main.c.obj)
 .text.auth_cancel
                0x0000000000011904       0x20 app/libapp.a(main.c.obj)
 .text.auth_passkey_display
                0x0000000000011924       0x24 app/libapp.a(main.c.obj)
 .text.main     0x0000000000011948       0x8c app/libapp.a(main.c.obj)
                0x0000000000011948                main
 .text.char_out
                0x00000000000119d4       0x10 zephyr/libzephyr.a(printk.c.obj)
 .text.vprintk  0x00000000000119e4       0x1c zephyr/libzephyr.a(printk.c.obj)
                0x00000000000119e4                vprintk
 .text.vsnprintk
                0x0000000000011a00       0x28 zephyr/libzephyr.a(printk.c.obj)
                0x0000000000011a00                vsnprintk
 .text.process_event
                0x0000000000011a28      0x1c0 zephyr/libzephyr.a(onoff.c.obj)
 .text.cbvprintf
                0x0000000000011be8      0x784 zephyr/libzephyr.a(cbprintf_complete.c.obj)
                0x0000000000011be8                cbvprintf
 .text.enable_logger
                0x000000000001236c       0x5c zephyr/libzephyr.a(log_core.c.obj)
 .text.log_process_thread_timer_expiry_fn
                0x00000000000123c8        0xc zephyr/libzephyr.a(log_core.c.obj)
 .text.log_core_init
                0x00000000000123d4       0x48 zephyr/libzephyr.a(log_core.c.obj)
                0x00000000000123d4                log_core_init
 .text.get_msg  0x000000000001241c       0x28 zephyr/libzephyr.a(log_core.c.obj)
                0x000000000001241c                get_msg
 .text.z_log_dropped
                0x0000000000012444       0x20 zephyr/libzephyr.a(log_core.c.obj)
                0x0000000000012444                z_log_dropped
 .text.z_log_dropped_read_and_clear
                0x0000000000012464       0x20 zephyr/libzephyr.a(log_core.c.obj)
                0x0000000000012464                z_log_dropped_read_and_clear
 .text.dropped_notify
                0x0000000000012484       0x38 zephyr/libzephyr.a(log_core.c.obj)
                0x0000000000012484                dropped_notify
 .text.log_backend_enable
                0x00000000000124bc       0x34 zephyr/libzephyr.a(log_core.c.obj)
                0x00000000000124bc                log_backend_enable
 .text.log_init
                0x00000000000124f0       0x58 zephyr/libzephyr.a(log_core.c.obj)
                0x00000000000124f0                log_init
 .text.z_log_strdup
                0x0000000000012548       0x6c zephyr/libzephyr.a(log_core.c.obj)
                0x0000000000012548                z_log_strdup
 .text.log_is_strdup
                0x00000000000125b4       0x20 zephyr/libzephyr.a(log_core.c.obj)
                0x00000000000125b4                log_is_strdup
 .text.z_impl_log_process
                0x00000000000125d4      0x15c zephyr/libzephyr.a(log_core.c.obj)
                0x00000000000125d4                z_impl_log_process
 .text.log_process_thread_func
                0x0000000000012730       0x48 zephyr/libzephyr.a(log_core.c.obj)
 .text.msg_finalize
                0x0000000000012778       0xc4 zephyr/libzephyr.a(log_core.c.obj)
 .text.z_impl_log_panic
                0x000000000001283c       0x48 zephyr/libzephyr.a(log_core.c.obj)
                0x000000000001283c                z_impl_log_panic
 .text.log_free
                0x0000000000012884       0x34 zephyr/libzephyr.a(log_core.c.obj)
                0x0000000000012884                log_free
 .text.log_msg_pool_init
                0x00000000000128b8       0x14 zephyr/libzephyr.a(log_msg.c.obj)
                0x00000000000128b8                log_msg_pool_init
 .text.log_msg_no_space_handle
                0x00000000000128cc       0x30 zephyr/libzephyr.a(log_msg.c.obj)
                0x00000000000128cc                log_msg_no_space_handle
 .text.log_msg_chunk_alloc
                0x00000000000128fc       0x28 zephyr/libzephyr.a(log_msg.c.obj)
                0x00000000000128fc                log_msg_chunk_alloc
 .text.msg_free
                0x0000000000012924       0x7c zephyr/libzephyr.a(log_msg.c.obj)
 .text.log_output_timestamp_freq_set
                0x00000000000129a0       0x30 zephyr/libzephyr.a(log_output.c.obj)
                0x00000000000129a0                log_output_timestamp_freq_set
 .text.blvl_ccc_cfg_changed
                0x00000000000129d0       0x34 zephyr/libzephyr.a(bas.c.obj)
 .text.read_blvl
                0x0000000000012a04       0x28 zephyr/libzephyr.a(bas.c.obj)
 .text.hrs_init
                0x0000000000012a2c       0x10 zephyr/libzephyr.a(hrs.c.obj)
 .text.read_blsc
                0x0000000000012a3c       0x1c zephyr/libzephyr.a(hrs.c.obj)
 .text.hrmc_ccc_cfg_changed
                0x0000000000012a58       0x34 zephyr/libzephyr.a(hrs.c.obj)
 .text.pm_state_notify
                0x0000000000012a8c       0x44 zephyr/libzephyr.a(power.c.obj)
 .text.pm_system_resume
                0x0000000000012ad0       0x2c zephyr/libzephyr.a(power.c.obj)
                0x0000000000012ad0                pm_system_resume
 .text.pm_system_suspend
                0x0000000000012afc       0x78 zephyr/libzephyr.a(power.c.obj)
                0x0000000000012afc                pm_system_suspend
 .text.onoff_stop
                0x0000000000012b74       0x30 zephyr/libzephyr.a(clock_control_nrf.c.obj)
 .text.onoff_start
                0x0000000000012ba4       0x44 zephyr/libzephyr.a(clock_control_nrf.c.obj)
 .text.clk_init
                0x0000000000012be8       0x60 zephyr/libzephyr.a(clock_control_nrf.c.obj)
 .text.clkstarted_handle.constprop.0
                0x0000000000012c48       0x34 zephyr/libzephyr.a(clock_control_nrf.c.obj)
 .text.clock_event_handler
                0x0000000000012c7c       0x1c zephyr/libzephyr.a(clock_control_nrf.c.obj)
 .text.generic_hfclk_start
                0x0000000000012c98       0x64 zephyr/libzephyr.a(clock_control_nrf.c.obj)
 .text.api_blocking_start
                0x0000000000012cfc       0x3c zephyr/libzephyr.a(clock_control_nrf.c.obj)
 .text.generic_hfclk_stop
                0x0000000000012d38       0x2c zephyr/libzephyr.a(clock_control_nrf.c.obj)
 .text.z_nrf_clock_control_get_onoff
                0x0000000000012d64       0x10 zephyr/libzephyr.a(clock_control_nrf.c.obj)
                0x0000000000012d64                z_nrf_clock_control_get_onoff
 .text.z_nrf_clock_bt_ctlr_hf_request
                0x0000000000012d74       0x2c zephyr/libzephyr.a(clock_control_nrf.c.obj)
                0x0000000000012d74                z_nrf_clock_bt_ctlr_hf_request
 .text.z_nrf_clock_bt_ctlr_hf_release
                0x0000000000012da0       0x2c zephyr/libzephyr.a(clock_control_nrf.c.obj)
                0x0000000000012da0                z_nrf_clock_bt_ctlr_hf_release
 .text.z_nrf_clock_control_lf_on
                0x0000000000012dcc      0x100 zephyr/libzephyr.a(clock_control_nrf.c.obj)
                0x0000000000012dcc                z_nrf_clock_control_lf_on
 .text.sys_clock_timeout_handler
                0x0000000000012ecc       0x18 zephyr/libzephyr.a(nrf_rtc_timer.c.obj)
 .text.set_absolute_alarm
                0x0000000000012ee4       0x94 zephyr/libzephyr.a(nrf_rtc_timer.c.obj)
 .text.rtc_nrf_isr
                0x0000000000012f78       0x50 zephyr/libzephyr.a(nrf_rtc_timer.c.obj)
                0x0000000000012f78                rtc_nrf_isr
 .text.sys_clock_driver_init
                0x0000000000012fc8       0x4c zephyr/libzephyr.a(nrf_rtc_timer.c.obj)
                0x0000000000012fc8                sys_clock_driver_init
 .text.sys_clock_set_timeout
                0x0000000000013014       0x64 zephyr/libzephyr.a(nrf_rtc_timer.c.obj)
                0x0000000000013014                sys_clock_set_timeout
 .text.sys_clock_elapsed
                0x0000000000013078       0x1c zephyr/libzephyr.a(nrf_rtc_timer.c.obj)
                0x0000000000013078                sys_clock_elapsed
 .text.sys_clock_cycle_get_32
                0x0000000000013094       0x34 zephyr/libzephyr.a(nrf_rtc_timer.c.obj)
                0x0000000000013094                sys_clock_cycle_get_32
 .text.uECC_get_rng
                0x00000000000130c8        0xc zephyr/libzephyr.a(ecc.c.obj)
                0x00000000000130c8                uECC_get_rng
 .text.vli_mmod_fast_secp256r1
                0x00000000000130d4      0x188 zephyr/libzephyr.a(ecc.c.obj)
                0x00000000000130d4                vli_mmod_fast_secp256r1
 .text.sub_bytes
                0x000000000001325c       0x18 zephyr/libzephyr.a(aes_encrypt.c.obj)
 .text.tc_aes128_set_encrypt_key
                0x0000000000013274       0xa4 zephyr/libzephyr.a(aes_encrypt.c.obj)
                0x0000000000013274                tc_aes128_set_encrypt_key
 .text.arch_swap
                0x0000000000013318       0x34 zephyr/arch/arch/arm/core/aarch32/libarch__arm__core__aarch32.a(swap.c.obj)
                0x0000000000013318                arch_swap
 .text.z_arm_pendsv
                0x000000000001334c       0x54 zephyr/arch/arch/arm/core/aarch32/libarch__arm__core__aarch32.a(swap_helper.S.obj)
                0x000000000001334c                z_arm_pendsv
 .text.z_arm_svc
                0x00000000000133a0       0x20 zephyr/arch/arch/arm/core/aarch32/libarch__arm__core__aarch32.a(swap_helper.S.obj)
                0x00000000000133a0                z_arm_svc
 .text.arch_irq_enable
                0x00000000000133c0       0x20 zephyr/arch/arch/arm/core/aarch32/libarch__arm__core__aarch32.a(irq_manage.c.obj)
                0x00000000000133c0                arch_irq_enable
 .text.arch_irq_disable
                0x00000000000133e0       0x28 zephyr/arch/arch/arm/core/aarch32/libarch__arm__core__aarch32.a(irq_manage.c.obj)
                0x00000000000133e0                arch_irq_disable
 .text.arch_irq_is_enabled
                0x0000000000013408       0x1c zephyr/arch/arch/arm/core/aarch32/libarch__arm__core__aarch32.a(irq_manage.c.obj)
                0x0000000000013408                arch_irq_is_enabled
 .text.z_arm_irq_priority_set
                0x0000000000013424       0x30 zephyr/arch/arch/arm/core/aarch32/libarch__arm__core__aarch32.a(irq_manage.c.obj)
                0x0000000000013424                z_arm_irq_priority_set
 .text._arch_isr_direct_pm
                0x0000000000013454       0x1c zephyr/arch/arch/arm/core/aarch32/libarch__arm__core__aarch32.a(irq_manage.c.obj)
                0x0000000000013454                _arch_isr_direct_pm
 .text.arch_new_thread
                0x0000000000013470       0x38 zephyr/arch/arch/arm/core/aarch32/libarch__arm__core__aarch32.a(thread.c.obj)
                0x0000000000013470                arch_new_thread
 .text.z_check_thread_stack_fail
                0x00000000000134a8       0x2c zephyr/arch/arch/arm/core/aarch32/libarch__arm__core__aarch32.a(thread.c.obj)
                0x00000000000134a8                z_check_thread_stack_fail
 .text.arch_switch_to_main_thread
                0x00000000000134d4       0x2c zephyr/arch/arch/arm/core/aarch32/libarch__arm__core__aarch32.a(thread.c.obj)
                0x00000000000134d4                arch_switch_to_main_thread
 .text.z_arm_cpu_idle_init
                0x0000000000013500        0xc zephyr/arch/arch/arm/core/aarch32/libarch__arm__core__aarch32.a(cpu_idle.S.obj)
                0x0000000000013500                z_arm_cpu_idle_init
 .text.arch_cpu_idle
                0x000000000001350c       0x1c zephyr/arch/arch/arm/core/aarch32/libarch__arm__core__aarch32.a(cpu_idle.S.obj)
                0x000000000001350c                arch_cpu_idle
 .text.arch_cpu_atomic_idle
                0x0000000000013528       0x14 zephyr/arch/arch/arm/core/aarch32/libarch__arm__core__aarch32.a(cpu_idle.S.obj)
                0x0000000000013528                arch_cpu_atomic_idle
 .text.z_arm_fatal_error
                0x000000000001353c       0x70 zephyr/arch/arch/arm/core/aarch32/libarch__arm__core__aarch32.a(fatal.c.obj)
                0x000000000001353c                z_arm_fatal_error
 .text.z_SysNmiOnReset
                0x00000000000135ac        0x8 zephyr/arch/arch/arm/core/aarch32/libarch__arm__core__aarch32.a(nmi_on_reset.S.obj)
                0x00000000000135ac                z_SysNmiOnReset
 .text.z_arm_prep_c
                0x00000000000135b4       0x44 zephyr/arch/arch/arm/core/aarch32/libarch__arm__core__aarch32.a(prep_c.c.obj)
                0x00000000000135b4                z_arm_prep_c
 .text._isr_wrapper
                0x00000000000135f8       0x40 zephyr/arch/arch/arm/core/aarch32/libarch__arm__core__aarch32.a(isr_wrapper.S.obj)
                0x00000000000135f8                _isr_wrapper
 .text._reset_section
                0x0000000000013638       0x30 zephyr/arch/arch/arm/core/aarch32/cortex_m/libarch__arm__core__aarch32__cortex_m.a(reset.S.obj)
                0x0000000000013638                z_arm_reset
                0x0000000000013638                __start
 .text.__fault  0x0000000000013668       0x14 zephyr/arch/arch/arm/core/aarch32/cortex_m/libarch__arm__core__aarch32__cortex_m.a(fault_s.S.obj)
                0x0000000000013668                z_arm_bus_fault
                0x0000000000013668                z_arm_usage_fault
                0x0000000000013668                z_arm_mpu_fault
                0x0000000000013668                z_arm_exc_spurious
                0x0000000000013668                z_arm_debug_monitor
                0x0000000000013668                z_arm_hard_fault
 .text.mem_manage_fault
                0x000000000001367c      0x104 zephyr/arch/arch/arm/core/aarch32/cortex_m/libarch__arm__core__aarch32__cortex_m.a(fault.c.obj)
 .text.usage_fault.constprop.0
                0x0000000000013780       0xb8 zephyr/arch/arch/arm/core/aarch32/cortex_m/libarch__arm__core__aarch32__cortex_m.a(fault.c.obj)
 .text.bus_fault.constprop.0
                0x0000000000013838       0xdc zephyr/arch/arch/arm/core/aarch32/cortex_m/libarch__arm__core__aarch32__cortex_m.a(fault.c.obj)
 .text.z_arm_fault
                0x0000000000013914      0x194 zephyr/arch/arch/arm/core/aarch32/cortex_m/libarch__arm__core__aarch32__cortex_m.a(fault.c.obj)
                0x0000000000013914                z_arm_fault
 .text.z_arm_fault_init
                0x0000000000013aa8       0x10 zephyr/arch/arch/arm/core/aarch32/cortex_m/libarch__arm__core__aarch32__cortex_m.a(fault.c.obj)
                0x0000000000013aa8                z_arm_fault_init
 .text._HandlerModeExit
                0x0000000000013ab8       0x1c zephyr/arch/arch/arm/core/aarch32/cortex_m/libarch__arm__core__aarch32__cortex_m.a(exc_exit.S.obj)
                0x0000000000013ab8                z_arm_exc_exit
                0x0000000000013ab8                z_arm_int_exit
 .text.z_arm_interrupt_init
                0x0000000000013ad4       0x18 zephyr/arch/arch/arm/core/aarch32/cortex_m/libarch__arm__core__aarch32__cortex_m.a(irq_init.c.obj)
                0x0000000000013ad4                z_arm_interrupt_init
 .text.z_impl_k_thread_abort
                0x0000000000013aec       0x24 zephyr/arch/arch/arm/core/aarch32/cortex_m/libarch__arm__core__aarch32__cortex_m.a(thread_abort.c.obj)
                0x0000000000013aec                z_impl_k_thread_abort
 .text.z_arm_configure_static_mpu_regions
                0x0000000000013b10       0x18 zephyr/arch/arch/arm/core/aarch32/mpu/libarch__arm__core__aarch32__mpu.a(arm_core_mpu.c.obj)
                0x0000000000013b10                z_arm_configure_static_mpu_regions
 .text.z_arm_configure_dynamic_mpu_regions
                0x0000000000013b28       0x20 zephyr/arch/arch/arm/core/aarch32/mpu/libarch__arm__core__aarch32__mpu.a(arm_core_mpu.c.obj)
                0x0000000000013b28                z_arm_configure_dynamic_mpu_regions
 .text.mpu_configure_regions
                0x0000000000013b48       0xc0 zephyr/arch/arch/arm/core/aarch32/mpu/libarch__arm__core__aarch32__mpu.a(arm_mpu.c.obj)
 .text.arm_core_mpu_enable
                0x0000000000013c08       0x18 zephyr/arch/arch/arm/core/aarch32/mpu/libarch__arm__core__aarch32__mpu.a(arm_mpu.c.obj)
                0x0000000000013c08                arm_core_mpu_enable
 .text.arm_core_mpu_disable
                0x0000000000013c20       0x14 zephyr/arch/arch/arm/core/aarch32/mpu/libarch__arm__core__aarch32__mpu.a(arm_mpu.c.obj)
                0x0000000000013c20                arm_core_mpu_disable
 .text.arm_core_mpu_configure_static_mpu_regions
                0x0000000000013c34       0x14 zephyr/arch/arch/arm/core/aarch32/mpu/libarch__arm__core__aarch32__mpu.a(arm_mpu.c.obj)
                0x0000000000013c34                arm_core_mpu_configure_static_mpu_regions
 .text.arm_core_mpu_configure_dynamic_mpu_regions
                0x0000000000013c48       0x30 zephyr/arch/arch/arm/core/aarch32/mpu/libarch__arm__core__aarch32__mpu.a(arm_mpu.c.obj)
                0x0000000000013c48                arm_core_mpu_configure_dynamic_mpu_regions
 .text.z_arm_mpu_init
                0x0000000000013c78       0x60 zephyr/arch/arch/arm/core/aarch32/mpu/libarch__arm__core__aarch32__mpu.a(arm_mpu.c.obj)
                0x0000000000013c78                z_arm_mpu_init
 .text.nordicsemi_nrf52_init
                0x0000000000013cd8       0x28 zephyr/soc/arm/nordic_nrf/nrf52/libsoc__arm__nordic_nrf__nrf52.a(soc.c.obj)
 .text.arch_busy_wait
                0x0000000000013d00       0x14 zephyr/soc/arm/nordic_nrf/nrf52/libsoc__arm__nordic_nrf__nrf52.a(soc.c.obj)
                0x0000000000013d00                arch_busy_wait
 .text.bt_hex_real
                0x0000000000013d14       0x44 zephyr/subsys/bluetooth/common/libsubsys__bluetooth__common.a(log.c.obj)
                0x0000000000013d14                bt_hex_real
 .text.bt_addr_le_str_real
                0x0000000000013d58       0x7c zephyr/subsys/bluetooth/common/libsubsys__bluetooth__common.a(log.c.obj)
                0x0000000000013d58                bt_addr_le_str_real
 .text.le_gen_dhkey
                0x0000000000013dd4       0x98 zephyr/subsys/bluetooth/host/libsubsys__bluetooth__host.a(hci_ecc.c.obj)
 .text.ecc_thread
                0x0000000000013e6c      0x1d8 zephyr/subsys/bluetooth/host/libsubsys__bluetooth__host.a(hci_ecc.c.obj)
 .text.bt_hci_ecc_send
                0x0000000000014044       0xdc zephyr/subsys/bluetooth/host/libsubsys__bluetooth__host.a(hci_ecc.c.obj)
                0x0000000000014044                bt_hci_ecc_send
 .text.bt_hci_ecc_init
                0x0000000000014120       0x48 zephyr/subsys/bluetooth/host/libsubsys__bluetooth__host.a(hci_ecc.c.obj)
                0x0000000000014120                bt_hci_ecc_init
 .text.uuid_to_uuid128
                0x0000000000014168       0x6c zephyr/subsys/bluetooth/host/libsubsys__bluetooth__host.a(uuid.c.obj)
 .text.bt_buf_get_rx
                0x00000000000141d4       0x20 zephyr/subsys/bluetooth/host/libsubsys__bluetooth__host.a(buf.c.obj)
                0x00000000000141d4                bt_buf_get_rx
 .text.bt_buf_get_cmd_complete
                0x00000000000141f4       0x4c zephyr/subsys/bluetooth/host/libsubsys__bluetooth__host.a(buf.c.obj)
                0x00000000000141f4                bt_buf_get_cmd_complete
 .text.bt_buf_get_evt
                0x0000000000014240       0x54 zephyr/subsys/bluetooth/host/libsubsys__bluetooth__host.a(buf.c.obj)
                0x0000000000014240                bt_buf_get_evt
 .text.ver_str  0x0000000000014294       0x38 zephyr/subsys/bluetooth/host/libsubsys__bluetooth__host.a(hci_core.c.obj)
 .text.hci_data_buf_overflow
                0x00000000000142cc       0x24 zephyr/subsys/bluetooth/host/libsubsys__bluetooth__host.a(hci_core.c.obj)
 .text.hci_disconn_complete_prio
                0x00000000000142f0       0x3c zephyr/subsys/bluetooth/host/libsubsys__bluetooth__host.a(hci_core.c.obj)
 .text.hci_disconn_complete
                0x000000000001432c       0x54 zephyr/subsys/bluetooth/host/libsubsys__bluetooth__host.a(hci_core.c.obj)
 .text.le_data_len_change
                0x0000000000014380       0x3c zephyr/subsys/bluetooth/host/libsubsys__bluetooth__host.a(hci_core.c.obj)
 .text.hci_hardware_error
                0x00000000000143bc       0x30 zephyr/subsys/bluetooth/host/libsubsys__bluetooth__host.a(hci_core.c.obj)
 .text.hci_vendor_event
                0x00000000000143ec       0x38 zephyr/subsys/bluetooth/host/libsubsys__bluetooth__host.a(hci_core.c.obj)
 .text.le_conn_update_complete
                0x0000000000014424       0xb4 zephyr/subsys/bluetooth/host/libsubsys__bluetooth__host.a(hci_core.c.obj)
 .text.find_pending_connect.part.0
                0x00000000000144d8       0x40 zephyr/subsys/bluetooth/host/libsubsys__bluetooth__host.a(hci_core.c.obj)
 .text.handle_event
                0x0000000000014518       0x84 zephyr/subsys/bluetooth/host/libsubsys__bluetooth__host.a(hci_core.c.obj)
 .text.hci_le_meta_event
                0x000000000001459c       0x20 zephyr/subsys/bluetooth/host/libsubsys__bluetooth__host.a(hci_core.c.obj)
 .text.hci_cmd_done
                0x00000000000145bc      0x128 zephyr/subsys/bluetooth/host/libsubsys__bluetooth__host.a(hci_core.c.obj)
 .text.hci_cmd_status
                0x00000000000146e4       0x2c zephyr/subsys/bluetooth/host/libsubsys__bluetooth__host.a(hci_core.c.obj)
 .text.hci_cmd_complete
                0x0000000000014710       0x30 zephyr/subsys/bluetooth/host/libsubsys__bluetooth__host.a(hci_core.c.obj)
 .text.hci_tx_thread
                0x0000000000014740      0x188 zephyr/subsys/bluetooth/host/libsubsys__bluetooth__host.a(hci_core.c.obj)
 .text.hci_num_completed_packets
                0x00000000000148c8       0xfc zephyr/subsys/bluetooth/host/libsubsys__bluetooth__host.a(hci_core.c.obj)
 .text.bt_hci_cmd_state_set_init
                0x00000000000149c4       0x24 zephyr/subsys/bluetooth/host/libsubsys__bluetooth__host.a(hci_core.c.obj)
                0x00000000000149c4                bt_hci_cmd_state_set_init
 .text.bt_hci_cmd_create
                0x00000000000149e8       0x74 zephyr/subsys/bluetooth/host/libsubsys__bluetooth__host.a(hci_core.c.obj)
                0x00000000000149e8                bt_hci_cmd_create
 .text.bt_hci_cmd_send
                0x0000000000014a5c       0x64 zephyr/subsys/bluetooth/host/libsubsys__bluetooth__host.a(hci_core.c.obj)
                0x0000000000014a5c                bt_hci_cmd_send
 .text.le_ltk_request
                0x0000000000014ac0       0xc4 zephyr/subsys/bluetooth/host/libsubsys__bluetooth__host.a(hci_core.c.obj)
 .text.le_conn_param_neg_reply
                0x0000000000014b84       0x54 zephyr/subsys/bluetooth/host/libsubsys__bluetooth__host.a(hci_core.c.obj)
 .text.le_conn_param_req
                0x0000000000014bd8       0xd0 zephyr/subsys/bluetooth/host/libsubsys__bluetooth__host.a(hci_core.c.obj)
 .text.bt_hci_cmd_send_sync
                0x0000000000014ca8       0xf4 zephyr/subsys/bluetooth/host/libsubsys__bluetooth__host.a(hci_core.c.obj)
                0x0000000000014ca8                bt_hci_cmd_send_sync
 .text.hci_le_read_max_data_len
                0x0000000000014d9c       0x54 zephyr/subsys/bluetooth/host/libsubsys__bluetooth__host.a(hci_core.c.obj)
 .text.conn_auto_initiate
                0x0000000000014df0      0x100 zephyr/subsys/bluetooth/host/libsubsys__bluetooth__host.a(hci_core.c.obj)
 .text.le_phy_update_complete
                0x0000000000014ef0       0x70 zephyr/subsys/bluetooth/host/libsubsys__bluetooth__host.a(hci_core.c.obj)
 .text.le_remote_feat_complete
                0x0000000000014f60       0x60 zephyr/subsys/bluetooth/host/libsubsys__bluetooth__host.a(hci_core.c.obj)
 .text.bt_hci_le_enh_conn_complete
                0x0000000000014fc0      0x228 zephyr/subsys/bluetooth/host/libsubsys__bluetooth__host.a(hci_core.c.obj)
                0x0000000000014fc0                bt_hci_le_enh_conn_complete
 .text.bt_security_err_get
                0x00000000000151e8       0x10 zephyr/subsys/bluetooth/host/libsubsys__bluetooth__host.a(hci_core.c.obj)
                0x00000000000151e8                bt_security_err_get
 .text.hci_encrypt_key_refresh_complete
                0x00000000000151f8       0xa4 zephyr/subsys/bluetooth/host/libsubsys__bluetooth__host.a(hci_core.c.obj)
 .text.hci_encrypt_change
                0x000000000001529c       0xa8 zephyr/subsys/bluetooth/host/libsubsys__bluetooth__host.a(hci_core.c.obj)
 .text.hci_event_prio
                0x0000000000015344       0xa4 zephyr/subsys/bluetooth/host/libsubsys__bluetooth__host.a(hci_core.c.obj)
                0x0000000000015344                hci_event_prio
 .text.bt_recv  0x00000000000153e8      0x148 zephyr/subsys/bluetooth/host/libsubsys__bluetooth__host.a(hci_core.c.obj)
                0x00000000000153e8                bt_recv
 .text.bt_recv_prio
                0x0000000000015530       0x3c zephyr/subsys/bluetooth/host/libsubsys__bluetooth__host.a(hci_core.c.obj)
                0x0000000000015530                bt_recv_prio
 .text.bt_hci_driver_register
                0x000000000001556c       0x28 zephyr/subsys/bluetooth/host/libsubsys__bluetooth__host.a(hci_core.c.obj)
                0x000000000001556c                bt_hci_driver_register
 .text.bt_finalize_init
                0x0000000000015594       0xd8 zephyr/subsys/bluetooth/host/libsubsys__bluetooth__host.a(hci_core.c.obj)
                0x0000000000015594                bt_finalize_init
 .text.init_work
                0x000000000001566c       0x18 zephyr/subsys/bluetooth/host/libsubsys__bluetooth__host.a(hci_core.c.obj)
 .text.bt_enable
                0x0000000000015684       0xd8 zephyr/subsys/bluetooth/host/libsubsys__bluetooth__host.a(hci_core.c.obj)
                0x0000000000015684                bt_enable
 .text.bt_get_name
                0x000000000001575c        0x8 zephyr/subsys/bluetooth/host/libsubsys__bluetooth__host.a(hci_core.c.obj)
                0x000000000001575c                bt_get_name
 .text.id_find  0x0000000000015764       0x34 zephyr/subsys/bluetooth/host/libsubsys__bluetooth__host.a(id.c.obj)
 .text.set_random_address
                0x0000000000015798       0x5c zephyr/subsys/bluetooth/host/libsubsys__bluetooth__host.a(id.c.obj)
 .text.id_create.constprop.0
                0x00000000000157f4       0x58 zephyr/subsys/bluetooth/host/libsubsys__bluetooth__host.a(id.c.obj)
 .text.bt_id_pending_keys_update
                0x000000000001584c       0x34 zephyr/subsys/bluetooth/host/libsubsys__bluetooth__host.a(id.c.obj)
                0x000000000001584c                bt_id_pending_keys_update
 .text.bt_id_add
                0x0000000000015880      0x1ac zephyr/subsys/bluetooth/host/libsubsys__bluetooth__host.a(id.c.obj)
                0x0000000000015880                bt_id_add
 .text.bt_id_del
                0x0000000000015a2c      0x144 zephyr/subsys/bluetooth/host/libsubsys__bluetooth__host.a(id.c.obj)
                0x0000000000015a2c                bt_id_del
 .text.bt_id_create
                0x0000000000015b70       0xb0 zephyr/subsys/bluetooth/host/libsubsys__bluetooth__host.a(id.c.obj)
                0x0000000000015b70                bt_id_create
 .text.bt_id_read_public_addr
                0x0000000000015c20       0x9c zephyr/subsys/bluetooth/host/libsubsys__bluetooth__host.a(id.c.obj)
                0x0000000000015c20                bt_id_read_public_addr
 .text.bt_setup_public_id_addr
                0x0000000000015cbc       0x20 zephyr/subsys/bluetooth/host/libsubsys__bluetooth__host.a(id.c.obj)
                0x0000000000015cbc                bt_setup_public_id_addr
 .text.bt_read_static_addr
                0x0000000000015cdc       0xb4 zephyr/subsys/bluetooth/host/libsubsys__bluetooth__host.a(id.c.obj)
                0x0000000000015cdc                bt_read_static_addr
 .text.bt_setup_random_id_addr
                0x0000000000015d90       0x5c zephyr/subsys/bluetooth/host/libsubsys__bluetooth__host.a(id.c.obj)
                0x0000000000015d90                bt_setup_random_id_addr
 .text.bt_id_set_adv_own_addr
                0x0000000000015dec       0xa4 zephyr/subsys/bluetooth/host/libsubsys__bluetooth__host.a(id.c.obj)
                0x0000000000015dec                bt_id_set_adv_own_addr
 .text.bt_id_init
                0x0000000000015e90       0x68 zephyr/subsys/bluetooth/host/libsubsys__bluetooth__host.a(id.c.obj)
                0x0000000000015e90                bt_id_init
 .text.valid_adv_param
                0x0000000000015ef8       0x88 zephyr/subsys/bluetooth/host/libsubsys__bluetooth__host.a(adv.c.obj)
 .text.hci_set_ad
                0x0000000000015f80       0xe4 zephyr/subsys/bluetooth/host/libsubsys__bluetooth__host.a(adv.c.obj)
 .text.le_adv_start_add_conn
                0x0000000000016064       0x88 zephyr/subsys/bluetooth/host/libsubsys__bluetooth__host.a(adv.c.obj)
 .text.bt_le_ext_adv_foreach
                0x00000000000160ec        0xc zephyr/subsys/bluetooth/host/libsubsys__bluetooth__host.a(adv.c.obj)
                0x00000000000160ec                bt_le_ext_adv_foreach
 .text.bt_le_adv_lookup_legacy
                0x00000000000160f8        0x8 zephyr/subsys/bluetooth/host/libsubsys__bluetooth__host.a(adv.c.obj)
                0x00000000000160f8                bt_le_adv_lookup_legacy
 .text.bt_le_adv_start_legacy
                0x0000000000016100      0x264 zephyr/subsys/bluetooth/host/libsubsys__bluetooth__host.a(adv.c.obj)
                0x0000000000016100                bt_le_adv_start_legacy
 .text.bt_le_adv_start
                0x0000000000016364       0x1c zephyr/subsys/bluetooth/host/libsubsys__bluetooth__host.a(adv.c.obj)
                0x0000000000016364                bt_le_adv_start
 .text.bt_le_adv_resume
                0x0000000000016380       0x80 zephyr/subsys/bluetooth/host/libsubsys__bluetooth__host.a(adv.c.obj)
                0x0000000000016380                bt_le_adv_resume
 .text.bt_pub_key_is_debug
                0x0000000000016400       0x18 zephyr/subsys/bluetooth/host/libsubsys__bluetooth__host.a(ecc.c.obj)
                0x0000000000016400                bt_pub_key_is_debug
 .text.bt_pub_key_gen
                0x0000000000016418      0x134 zephyr/subsys/bluetooth/host/libsubsys__bluetooth__host.a(ecc.c.obj)
                0x0000000000016418                bt_pub_key_gen
 .text.bt_pub_key_get
                0x000000000001654c       0x20 zephyr/subsys/bluetooth/host/libsubsys__bluetooth__host.a(ecc.c.obj)
                0x000000000001654c                bt_pub_key_get
 .text.bt_dh_key_gen
                0x000000000001656c       0xac zephyr/subsys/bluetooth/host/libsubsys__bluetooth__host.a(ecc.c.obj)
                0x000000000001656c                bt_dh_key_gen
 .text.bt_hci_evt_le_pkey_complete
                0x0000000000016618       0x84 zephyr/subsys/bluetooth/host/libsubsys__bluetooth__host.a(ecc.c.obj)
                0x0000000000016618                bt_hci_evt_le_pkey_complete
 .text.bt_hci_evt_le_dhkey_complete
                0x000000000001669c       0x1c zephyr/subsys/bluetooth/host/libsubsys__bluetooth__host.a(ecc.c.obj)
                0x000000000001669c                bt_hci_evt_le_dhkey_complete
 .text.tx_free  0x00000000000166b8       0x14 zephyr/subsys/bluetooth/host/libsubsys__bluetooth__host.a(conn.c.obj)
 .text.notify_connected
                0x00000000000166cc       0x2c zephyr/subsys/bluetooth/host/libsubsys__bluetooth__host.a(conn.c.obj)
 .text.send_frag
                0x00000000000166f8      0x134 zephyr/subsys/bluetooth/host/libsubsys__bluetooth__host.a(conn.c.obj)
 .text.bt_conn_get_pkts
                0x000000000001682c        0x8 zephyr/subsys/bluetooth/host/libsubsys__bluetooth__host.a(conn.c.obj)
                0x000000000001682c                bt_conn_get_pkts
 .text.notify_le_param_updated
                0x0000000000016834       0x60 zephyr/subsys/bluetooth/host/libsubsys__bluetooth__host.a(conn.c.obj)
                0x0000000000016834                notify_le_param_updated
 .text.le_param_req
                0x0000000000016894       0x40 zephyr/subsys/bluetooth/host/libsubsys__bluetooth__host.a(conn.c.obj)
                0x0000000000016894                le_param_req
 .text.bt_conn_identity_resolved
                0x00000000000168d4       0x34 zephyr/subsys/bluetooth/host/libsubsys__bluetooth__host.a(conn.c.obj)
                0x00000000000168d4                bt_conn_identity_resolved
 .text.bt_conn_security_changed
                0x0000000000016908       0x2c zephyr/subsys/bluetooth/host/libsubsys__bluetooth__host.a(conn.c.obj)
                0x0000000000016908                bt_conn_security_changed
 .text.bt_conn_cb_register
                0x0000000000016934       0x10 zephyr/subsys/bluetooth/host/libsubsys__bluetooth__host.a(conn.c.obj)
                0x0000000000016934                bt_conn_cb_register
 .text.bt_conn_recv
                0x0000000000016944      0x10c zephyr/subsys/bluetooth/host/libsubsys__bluetooth__host.a(conn.c.obj)
                0x0000000000016944                bt_conn_recv
 .text.bt_conn_send_cb
                0x0000000000016a50       0xc8 zephyr/subsys/bluetooth/host/libsubsys__bluetooth__host.a(conn.c.obj)
                0x0000000000016a50                bt_conn_send_cb
 .text.bt_conn_prepare_events
                0x0000000000016b18       0x6c zephyr/subsys/bluetooth/host/libsubsys__bluetooth__host.a(conn.c.obj)
                0x0000000000016b18                bt_conn_prepare_events
 .text.bt_conn_add_le
                0x0000000000016b84       0x54 zephyr/subsys/bluetooth/host/libsubsys__bluetooth__host.a(conn.c.obj)
                0x0000000000016b84                bt_conn_add_le
 .text.bt_conn_lookup_handle
                0x0000000000016bd8       0x10 zephyr/subsys/bluetooth/host/libsubsys__bluetooth__host.a(conn.c.obj)
                0x0000000000016bd8                bt_conn_lookup_handle
 .text.bt_conn_set_state
                0x0000000000016be8      0x1c8 zephyr/subsys/bluetooth/host/libsubsys__bluetooth__host.a(conn.c.obj)
                0x0000000000016be8                bt_conn_set_state
 .text.bt_conn_lookup_addr_le
                0x0000000000016db0       0x3c zephyr/subsys/bluetooth/host/libsubsys__bluetooth__host.a(conn.c.obj)
                0x0000000000016db0                bt_conn_lookup_addr_le
 .text.bt_conn_exists_le
                0x0000000000016dec       0x4c zephyr/subsys/bluetooth/host/libsubsys__bluetooth__host.a(conn.c.obj)
                0x0000000000016dec                bt_conn_exists_le
 .text.bt_conn_lookup_state_le
                0x0000000000016e38       0x44 zephyr/subsys/bluetooth/host/libsubsys__bluetooth__host.a(conn.c.obj)
                0x0000000000016e38                bt_conn_lookup_state_le
 .text.send_conn_le_param_update
                0x0000000000016e7c       0x60 zephyr/subsys/bluetooth/host/libsubsys__bluetooth__host.a(conn.c.obj)
 .text.deferred_work
                0x0000000000016edc       0xa8 zephyr/subsys/bluetooth/host/libsubsys__bluetooth__host.a(conn.c.obj)
 .text.bt_conn_create_pdu_timeout
                0x0000000000016f84       0x48 zephyr/subsys/bluetooth/host/libsubsys__bluetooth__host.a(conn.c.obj)
                0x0000000000016f84                bt_conn_create_pdu_timeout
 .text.bt_conn_create_frag_timeout
                0x0000000000016fcc        0xc zephyr/subsys/bluetooth/host/libsubsys__bluetooth__host.a(conn.c.obj)
                0x0000000000016fcc                bt_conn_create_frag_timeout
 .text.create_frag
                0x0000000000016fd8       0x6c zephyr/subsys/bluetooth/host/libsubsys__bluetooth__host.a(conn.c.obj)
 .text.bt_conn_process_tx
                0x0000000000017044       0xc0 zephyr/subsys/bluetooth/host/libsubsys__bluetooth__host.a(conn.c.obj)
                0x0000000000017044                bt_conn_process_tx
 .text.bt_conn_auth_cb_register
                0x0000000000017104       0x38 zephyr/subsys/bluetooth/host/libsubsys__bluetooth__host.a(conn.c.obj)
                0x0000000000017104                bt_conn_auth_cb_register
 .text.bt_conn_index
                0x000000000001713c       0x18 zephyr/subsys/bluetooth/host/libsubsys__bluetooth__host.a(conn.c.obj)
                0x000000000001713c                bt_conn_index
 .text.bt_conn_init
                0x0000000000017154       0x40 zephyr/subsys/bluetooth/host/libsubsys__bluetooth__host.a(conn.c.obj)
                0x0000000000017154                bt_conn_init
 .text.l2cap_accept
                0x0000000000017194       0x44 zephyr/subsys/bluetooth/host/libsubsys__bluetooth__host.a(l2cap.c.obj)
 .text.l2cap_create_le_sig_pdu.constprop.0
                0x00000000000171d8       0x50 zephyr/subsys/bluetooth/host/libsubsys__bluetooth__host.a(l2cap.c.obj)
 .text.l2cap_rtx_timeout
                0x0000000000017228       0x3c zephyr/subsys/bluetooth/host/libsubsys__bluetooth__host.a(l2cap.c.obj)
 .text.bt_l2cap_connected
                0x0000000000017264       0xb8 zephyr/subsys/bluetooth/host/libsubsys__bluetooth__host.a(l2cap.c.obj)
                0x0000000000017264                bt_l2cap_connected
 .text.l2cap_recv
                0x000000000001731c       0xf0 zephyr/subsys/bluetooth/host/libsubsys__bluetooth__host.a(l2cap.c.obj)
 .text.bt_l2cap_recv
                0x000000000001740c       0x70 zephyr/subsys/bluetooth/host/libsubsys__bluetooth__host.a(l2cap.c.obj)
                0x000000000001740c                bt_l2cap_recv
 .text.bt_l2cap_update_conn_param
                0x000000000001747c       0x64 zephyr/subsys/bluetooth/host/libsubsys__bluetooth__host.a(l2cap.c.obj)
                0x000000000001747c                bt_l2cap_update_conn_param
 .text.att_cfm_sent
                0x00000000000174e0       0x10 zephyr/subsys/bluetooth/host/libsubsys__bluetooth__host.a(att.c.obj)
 .text.att_rsp_sent
                0x00000000000174f0       0x10 zephyr/subsys/bluetooth/host/libsubsys__bluetooth__host.a(att.c.obj)
 .text.att_req_sent
                0x0000000000017500       0x10 zephyr/subsys/bluetooth/host/libsubsys__bluetooth__host.a(att.c.obj)
 .text.att_get  0x0000000000017510       0x80 zephyr/subsys/bluetooth/host/libsubsys__bluetooth__host.a(att.c.obj)
 .text.bt_att_released
                0x0000000000017590       0x18 zephyr/subsys/bluetooth/host/libsubsys__bluetooth__host.a(att.c.obj)
 .text.find_type_cb
                0x00000000000175a8      0x164 zephyr/subsys/bluetooth/host/libsubsys__bluetooth__host.a(att.c.obj)
 .text.bt_att_accept
                0x000000000001770c       0xc8 zephyr/subsys/bluetooth/host/libsubsys__bluetooth__host.a(att.c.obj)
 .text.read_group_cb
                0x00000000000177d4       0xac zephyr/subsys/bluetooth/host/libsubsys__bluetooth__host.a(att.c.obj)
 .text.chan_send
                0x0000000000017880       0xdc zephyr/subsys/bluetooth/host/libsubsys__bluetooth__host.a(att.c.obj)
 .text.bt_att_chan_send_rsp.constprop.0
                0x000000000001795c       0x24 zephyr/subsys/bluetooth/host/libsubsys__bluetooth__host.a(att.c.obj)
 .text.read_type_cb
                0x0000000000017980       0xa8 zephyr/subsys/bluetooth/host/libsubsys__bluetooth__host.a(att.c.obj)
 .text.bt_att_connected
                0x0000000000017a28       0x5c zephyr/subsys/bluetooth/host/libsubsys__bluetooth__host.a(att.c.obj)
 .text.bt_att_chan_create_pdu
                0x0000000000017a84       0x88 zephyr/subsys/bluetooth/host/libsubsys__bluetooth__host.a(att.c.obj)
                0x0000000000017a84                bt_att_chan_create_pdu
 .text.bt_att_recv
                0x0000000000017b0c      0x160 zephyr/subsys/bluetooth/host/libsubsys__bluetooth__host.a(att.c.obj)
 .text.att_write_rsp.constprop.0
                0x0000000000017c6c       0xc4 zephyr/subsys/bluetooth/host/libsubsys__bluetooth__host.a(att.c.obj)
 .text.bt_att_create_pdu
                0x0000000000017d30       0x70 zephyr/subsys/bluetooth/host/libsubsys__bluetooth__host.a(att.c.obj)
                0x0000000000017d30                bt_att_create_pdu
 .text.att_read_group_req
                0x0000000000017da0      0x104 zephyr/subsys/bluetooth/host/libsubsys__bluetooth__host.a(att.c.obj)
 .text.att_read_mult_req
                0x0000000000017ea4       0x84 zephyr/subsys/bluetooth/host/libsubsys__bluetooth__host.a(att.c.obj)
 .text.att_read_rsp
                0x0000000000017f28       0x90 zephyr/subsys/bluetooth/host/libsubsys__bluetooth__host.a(att.c.obj)
 .text.att_read_type_req
                0x0000000000017fb8       0xc0 zephyr/subsys/bluetooth/host/libsubsys__bluetooth__host.a(att.c.obj)
 .text.att_find_type_req
                0x0000000000018078       0xd4 zephyr/subsys/bluetooth/host/libsubsys__bluetooth__host.a(att.c.obj)
 .text.att_find_info_req
                0x000000000001814c       0x70 zephyr/subsys/bluetooth/host/libsubsys__bluetooth__host.a(att.c.obj)
 .text.bt_att_req_alloc
                0x00000000000181bc       0x2c zephyr/subsys/bluetooth/host/libsubsys__bluetooth__host.a(att.c.obj)
                0x00000000000181bc                bt_att_req_alloc
 .text.bt_att_req_free
                0x00000000000181e8       0x24 zephyr/subsys/bluetooth/host/libsubsys__bluetooth__host.a(att.c.obj)
                0x00000000000181e8                bt_att_req_free
 .text.att_handle_rsp
                0x000000000001820c       0x90 zephyr/subsys/bluetooth/host/libsubsys__bluetooth__host.a(att.c.obj)
 .text.bt_att_disconnected
                0x000000000001829c       0xb0 zephyr/subsys/bluetooth/host/libsubsys__bluetooth__host.a(att.c.obj)
 .text.att_timeout
                0x000000000001834c       0x30 zephyr/subsys/bluetooth/host/libsubsys__bluetooth__host.a(att.c.obj)
 .text.find_cf_cfg
                0x000000000001837c       0x44 zephyr/subsys/bluetooth/host/libsubsys__bluetooth__host.a(gatt.c.obj)
 .text.cf_write
                0x00000000000183c0       0xac zephyr/subsys/bluetooth/host/libsubsys__bluetooth__host.a(gatt.c.obj)
 .text.bt_gatt_attr_write_ccc
                0x000000000001846c       0xcc zephyr/subsys/bluetooth/host/libsubsys__bluetooth__host.a(gatt.c.obj)
                0x000000000001846c                bt_gatt_attr_write_ccc
 .text.find_sc_cfg
                0x0000000000018538       0x44 zephyr/subsys/bluetooth/host/libsubsys__bluetooth__host.a(gatt.c.obj)
 .text.sc_save  0x000000000001857c       0x70 zephyr/subsys/bluetooth/host/libsubsys__bluetooth__host.a(gatt.c.obj)
 .text.disconnected_cb
                0x00000000000185ec       0xbc zephyr/subsys/bluetooth/host/libsubsys__bluetooth__host.a(gatt.c.obj)
 .text.sc_indicate_rsp
                0x00000000000186a8       0x5c zephyr/subsys/bluetooth/host/libsubsys__bluetooth__host.a(gatt.c.obj)
 .text.bt_gatt_init
                0x0000000000018704       0xa0 zephyr/subsys/bluetooth/host/libsubsys__bluetooth__host.a(gatt.c.obj)
                0x0000000000018704                bt_gatt_init
 .text.bt_gatt_attr_get_handle
                0x00000000000187a4       0x60 zephyr/subsys/bluetooth/host/libsubsys__bluetooth__host.a(gatt.c.obj)
                0x00000000000187a4                bt_gatt_attr_get_handle
 .text.bt_gatt_foreach_attr_type
                0x0000000000018804       0xb4 zephyr/subsys/bluetooth/host/libsubsys__bluetooth__host.a(gatt.c.obj)
                0x0000000000018804                bt_gatt_foreach_attr_type
 .text.db_hash_gen.constprop.0
                0x00000000000188b8       0xac zephyr/subsys/bluetooth/host/libsubsys__bluetooth__host.a(gatt.c.obj)
 .text.gatt_indicate
                0x0000000000018964       0xd4 zephyr/subsys/bluetooth/host/libsubsys__bluetooth__host.a(gatt.c.obj)
 .text.bt_gatt_indicate
                0x0000000000018a38       0xf4 zephyr/subsys/bluetooth/host/libsubsys__bluetooth__host.a(gatt.c.obj)
                0x0000000000018a38                bt_gatt_indicate
 .text.sc_process
                0x0000000000018b2c       0x70 zephyr/subsys/bluetooth/host/libsubsys__bluetooth__host.a(gatt.c.obj)
 .text.gatt_notify
                0x0000000000018b9c       0xa0 zephyr/subsys/bluetooth/host/libsubsys__bluetooth__host.a(gatt.c.obj)
 .text.notify_cb
                0x0000000000018c3c      0x134 zephyr/subsys/bluetooth/host/libsubsys__bluetooth__host.a(gatt.c.obj)
 .text.update_ccc
                0x0000000000018d70      0x130 zephyr/subsys/bluetooth/host/libsubsys__bluetooth__host.a(gatt.c.obj)
 .text.bt_gatt_connected
                0x0000000000018ea0       0x34 zephyr/subsys/bluetooth/host/libsubsys__bluetooth__host.a(gatt.c.obj)
                0x0000000000018ea0                bt_gatt_connected
 .text.bt_gatt_encrypt_change
                0x0000000000018ed4       0x20 zephyr/subsys/bluetooth/host/libsubsys__bluetooth__host.a(gatt.c.obj)
                0x0000000000018ed4                bt_gatt_encrypt_change
 .text.db_hash_read
                0x0000000000018ef4       0x64 zephyr/subsys/bluetooth/host/libsubsys__bluetooth__host.a(gatt.c.obj)
 .text.bt_gatt_disconnected
                0x0000000000018f58       0x5c zephyr/subsys/bluetooth/host/libsubsys__bluetooth__host.a(gatt.c.obj)
                0x0000000000018f58                bt_gatt_disconnected
 .text.get_io_capa
                0x0000000000018fb4       0x4c zephyr/subsys/bluetooth/host/libsubsys__bluetooth__host.a(smp.c.obj)
 .text.smp_chan_get
                0x0000000000019000       0x38 zephyr/subsys/bluetooth/host/libsubsys__bluetooth__host.a(smp.c.obj)
 .text.bt_smp_accept
                0x0000000000019038       0x48 zephyr/subsys/bluetooth/host/libsubsys__bluetooth__host.a(smp.c.obj)
 .text.get_auth.constprop.0
                0x0000000000019080       0x3c zephyr/subsys/bluetooth/host/libsubsys__bluetooth__host.a(smp.c.obj)
 .text.smp_init
                0x00000000000190bc       0x38 zephyr/subsys/bluetooth/host/libsubsys__bluetooth__host.a(smp.c.obj)
 .text.smp_dhkey_generate
                0x00000000000190f4       0x4c zephyr/subsys/bluetooth/host/libsubsys__bluetooth__host.a(smp.c.obj)
 .text.smp_find
                0x0000000000019140       0x1c zephyr/subsys/bluetooth/host/libsubsys__bluetooth__host.a(smp.c.obj)
 .text.smp_ident_info
                0x000000000001915c       0x70 zephyr/subsys/bluetooth/host/libsubsys__bluetooth__host.a(smp.c.obj)
 .text.smp_encrypt_info
                0x00000000000191cc       0x70 zephyr/subsys/bluetooth/host/libsubsys__bluetooth__host.a(smp.c.obj)
 .text.smp_send_pairing_confirm
                0x000000000001923c       0x9c zephyr/subsys/bluetooth/host/libsubsys__bluetooth__host.a(smp.c.obj)
 .text.smp_public_key_slave
                0x00000000000192d8      0x168 zephyr/subsys/bluetooth/host/libsubsys__bluetooth__host.a(smp.c.obj)
 .text.smp_public_key
                0x0000000000019440       0xa4 zephyr/subsys/bluetooth/host/libsubsys__bluetooth__host.a(smp.c.obj)
 .text.smp_pairing_req
                0x00000000000194e4      0x364 zephyr/subsys/bluetooth/host/libsubsys__bluetooth__host.a(smp.c.obj)
 .text.compute_and_check_and_send_slave_dhcheck
                0x0000000000019848      0x238 zephyr/subsys/bluetooth/host/libsubsys__bluetooth__host.a(smp.c.obj)
 .text.bt_smp_connected
                0x0000000000019a80       0x1c zephyr/subsys/bluetooth/host/libsubsys__bluetooth__host.a(smp.c.obj)
 .text.smp_pairing_confirm
                0x0000000000019a9c       0x88 zephyr/subsys/bluetooth/host/libsubsys__bluetooth__host.a(smp.c.obj)
 .text.smp_pairing_random
                0x0000000000019b24      0x274 zephyr/subsys/bluetooth/host/libsubsys__bluetooth__host.a(smp.c.obj)
 .text.bt_smp_start_security
                0x0000000000019d98      0x180 zephyr/subsys/bluetooth/host/libsubsys__bluetooth__host.a(smp.c.obj)
                0x0000000000019d98                bt_smp_start_security
 .text.smp_pairing_complete
                0x0000000000019f18       0xb8 zephyr/subsys/bluetooth/host/libsubsys__bluetooth__host.a(smp.c.obj)
 .text.bt_smp_recv
                0x0000000000019fd0      0x118 zephyr/subsys/bluetooth/host/libsubsys__bluetooth__host.a(smp.c.obj)
 .text.bt_smp_pkey_ready
                0x000000000001a0e8       0x64 zephyr/subsys/bluetooth/host/libsubsys__bluetooth__host.a(smp.c.obj)
 .text.smp_ident_addr_info
                0x000000000001a14c      0x160 zephyr/subsys/bluetooth/host/libsubsys__bluetooth__host.a(smp.c.obj)
 .text.smp_master_ident
                0x000000000001a2ac       0xa8 zephyr/subsys/bluetooth/host/libsubsys__bluetooth__host.a(smp.c.obj)
 .text.smp_pairing_failed
                0x000000000001a354       0x68 zephyr/subsys/bluetooth/host/libsubsys__bluetooth__host.a(smp.c.obj)
 .text.bt_smp_encrypt_change
                0x000000000001a3bc      0x240 zephyr/subsys/bluetooth/host/libsubsys__bluetooth__host.a(smp.c.obj)
 .text.smp_timeout
                0x000000000001a5fc       0x3c zephyr/subsys/bluetooth/host/libsubsys__bluetooth__host.a(smp.c.obj)
 .text.bt_smp_update_keys
                0x000000000001a638      0x118 zephyr/subsys/bluetooth/host/libsubsys__bluetooth__host.a(smp.c.obj)
                0x000000000001a638                bt_smp_update_keys
 .text.bt_smp_init
                0x000000000001a750       0x2c zephyr/subsys/bluetooth/host/libsubsys__bluetooth__host.a(smp.c.obj)
                0x000000000001a750                bt_smp_init
 .text.bt_keys_get_addr
                0x000000000001a77c       0x50 zephyr/subsys/bluetooth/host/libsubsys__bluetooth__host.a(keys.c.obj)
                0x000000000001a77c                bt_keys_get_addr
 .text.bt_keys_foreach
                0x000000000001a7cc       0x1c zephyr/subsys/bluetooth/host/libsubsys__bluetooth__host.a(keys.c.obj)
                0x000000000001a7cc                bt_keys_foreach
 .text.bt_keys_find
                0x000000000001a7e8       0x2c zephyr/subsys/bluetooth/host/libsubsys__bluetooth__host.a(keys.c.obj)
                0x000000000001a7e8                bt_keys_find
 .text.bt_keys_find_irk
                0x000000000001a814       0x70 zephyr/subsys/bluetooth/host/libsubsys__bluetooth__host.a(keys.c.obj)
                0x000000000001a814                bt_keys_find_irk
 .text.bt_keys_find_addr
                0x000000000001a884       0x20 zephyr/subsys/bluetooth/host/libsubsys__bluetooth__host.a(keys.c.obj)
                0x000000000001a884                bt_keys_find_addr
 .text.mem_init
                0x000000000001a8a4       0x60 zephyr/subsys/bluetooth/controller/libsubsys__bluetooth__controller.a(mem.c.obj)
                0x000000000001a8a4                mem_init
 .text.mem_acquire
                0x000000000001a904       0x34 zephyr/subsys/bluetooth/controller/libsubsys__bluetooth__controller.a(mem.c.obj)
                0x000000000001a904                mem_acquire
 .text.mem_release
                0x000000000001a938       0x30 zephyr/subsys/bluetooth/controller/libsubsys__bluetooth__controller.a(mem.c.obj)
                0x000000000001a938                mem_release
 .text.mem_get  0x000000000001a968        0x8 zephyr/subsys/bluetooth/controller/libsubsys__bluetooth__controller.a(mem.c.obj)
                0x000000000001a968                mem_get
 .text.mem_index_get
                0x000000000001a970        0xc zephyr/subsys/bluetooth/controller/libsubsys__bluetooth__controller.a(mem.c.obj)
                0x000000000001a970                mem_index_get
 .text.mem_rcopy
                0x000000000001a97c       0x1c zephyr/subsys/bluetooth/controller/libsubsys__bluetooth__controller.a(mem.c.obj)
                0x000000000001a97c                mem_rcopy
 .text.mem_nz   0x000000000001a998       0x18 zephyr/subsys/bluetooth/controller/libsubsys__bluetooth__controller.a(mem.c.obj)
                0x000000000001a998                mem_nz
 .text.memq_init
                0x000000000001a9b0        0x8 zephyr/subsys/bluetooth/controller/libsubsys__bluetooth__controller.a(memq.c.obj)
                0x000000000001a9b0                memq_init
 .text.memq_deinit
                0x000000000001a9b8       0x14 zephyr/subsys/bluetooth/controller/libsubsys__bluetooth__controller.a(memq.c.obj)
                0x000000000001a9b8                memq_deinit
 .text.memq_enqueue
                0x000000000001a9cc       0x14 zephyr/subsys/bluetooth/controller/libsubsys__bluetooth__controller.a(memq.c.obj)
                0x000000000001a9cc                memq_enqueue
 .text.memq_peek
                0x000000000001a9e0       0x10 zephyr/subsys/bluetooth/controller/libsubsys__bluetooth__controller.a(memq.c.obj)
                0x000000000001a9e0                memq_peek
 .text.memq_dequeue
                0x000000000001a9f0       0x20 zephyr/subsys/bluetooth/controller/libsubsys__bluetooth__controller.a(memq.c.obj)
                0x000000000001a9f0                memq_dequeue
 .text.mayfly_init
                0x000000000001aa10       0x40 zephyr/subsys/bluetooth/controller/libsubsys__bluetooth__controller.a(mayfly.c.obj)
                0x000000000001aa10                mayfly_init
 .text.mayfly_enable
                0x000000000001aa50       0x64 zephyr/subsys/bluetooth/controller/libsubsys__bluetooth__controller.a(mayfly.c.obj)
                0x000000000001aa50                mayfly_enable
 .text.mayfly_enqueue
                0x000000000001aab4       0xa8 zephyr/subsys/bluetooth/controller/libsubsys__bluetooth__controller.a(mayfly.c.obj)
                0x000000000001aab4                mayfly_enqueue
 .text.mayfly_run
                0x000000000001ab5c      0x148 zephyr/subsys/bluetooth/controller/libsubsys__bluetooth__controller.a(mayfly.c.obj)
                0x000000000001ab5c                mayfly_run
 .text.util_ones_count_get
                0x000000000001aca4       0x30 zephyr/subsys/bluetooth/controller/libsubsys__bluetooth__controller.a(util.c.obj)
                0x000000000001aca4                util_ones_count_get
 .text.ticks_to_expire_prep
                0x000000000001acd4       0x48 zephyr/subsys/bluetooth/controller/libsubsys__bluetooth__controller.a(ticker.c.obj)
 .text.ticker_job_list_insert
                0x000000000001ad1c      0x20c zephyr/subsys/bluetooth/controller/libsubsys__bluetooth__controller.a(ticker.c.obj)
 .text.ticker_worker
                0x000000000001af28      0x2dc zephyr/subsys/bluetooth/controller/libsubsys__bluetooth__controller.a(ticker.c.obj)
                0x000000000001af28                ticker_worker
 .text.ticker_job
                0x000000000001b204      0x9d0 zephyr/subsys/bluetooth/controller/libsubsys__bluetooth__controller.a(ticker.c.obj)
                0x000000000001b204                ticker_job
 .text.ticker_init
                0x000000000001bbd4       0x88 zephyr/subsys/bluetooth/controller/libsubsys__bluetooth__controller.a(ticker.c.obj)
                0x000000000001bbd4                ticker_init
 .text.ticker_trigger
                0x000000000001bc5c       0x30 zephyr/subsys/bluetooth/controller/libsubsys__bluetooth__controller.a(ticker.c.obj)
                0x000000000001bc5c                ticker_trigger
 .text.ticker_start_ext
                0x000000000001bc8c       0xac zephyr/subsys/bluetooth/controller/libsubsys__bluetooth__controller.a(ticker.c.obj)
                0x000000000001bc8c                ticker_start_ext
 .text.ticker_start
                0x000000000001bd38       0x38 zephyr/subsys/bluetooth/controller/libsubsys__bluetooth__controller.a(ticker.c.obj)
                0x000000000001bd38                ticker_start
 .text.ticker_update_ext
                0x000000000001bd70       0xac zephyr/subsys/bluetooth/controller/libsubsys__bluetooth__controller.a(ticker.c.obj)
                0x000000000001bd70                ticker_update_ext
 .text.ticker_update
                0x000000000001be1c       0x30 zephyr/subsys/bluetooth/controller/libsubsys__bluetooth__controller.a(ticker.c.obj)
                0x000000000001be1c                ticker_update
 .text.ticker_stop
                0x000000000001be4c       0x84 zephyr/subsys/bluetooth/controller/libsubsys__bluetooth__controller.a(ticker.c.obj)
                0x000000000001be4c                ticker_stop
 .text.ticker_ticks_now_get
                0x000000000001bed0        0x4 zephyr/subsys/bluetooth/controller/libsubsys__bluetooth__controller.a(ticker.c.obj)
                0x000000000001bed0                ticker_ticks_now_get
 .text.ll_addr_get
                0x000000000001bed4       0x3c zephyr/subsys/bluetooth/controller/libsubsys__bluetooth__controller.a(ll_addr.c.obj)
                0x000000000001bed4                ll_addr_get
 .text.ll_addr_set
                0x000000000001bf10       0x3c zephyr/subsys/bluetooth/controller/libsubsys__bluetooth__controller.a(ll_addr.c.obj)
                0x000000000001bf10                ll_addr_set
 .text.ll_tx_pwr_lvl_get
                0x000000000001bf4c       0x20 zephyr/subsys/bluetooth/controller/libsubsys__bluetooth__controller.a(ll_tx_pwr.c.obj)
                0x000000000001bf4c                ll_tx_pwr_lvl_get
 .text.ll_tx_pwr_get
                0x000000000001bf6c        0x8 zephyr/subsys/bluetooth/controller/libsubsys__bluetooth__controller.a(ll_tx_pwr.c.obj)
                0x000000000001bf6c                ll_tx_pwr_get
 .text.hci_driver_init
                0x000000000001bf74       0x10 zephyr/subsys/bluetooth/controller/libsubsys__bluetooth__controller.a(hci_driver.c.obj)
 .text.hci_driver_send
                0x000000000001bf84       0xb0 zephyr/subsys/bluetooth/controller/libsubsys__bluetooth__controller.a(hci_driver.c.obj)
 .text.recv_thread
                0x000000000001c034      0x118 zephyr/subsys/bluetooth/controller/libsubsys__bluetooth__controller.a(hci_driver.c.obj)
 .text.prio_recv_thread
                0x000000000001c14c       0xc0 zephyr/subsys/bluetooth/controller/libsubsys__bluetooth__controller.a(hci_driver.c.obj)
 .text.hci_driver_open
                0x000000000001c20c       0xb8 zephyr/subsys/bluetooth/controller/libsubsys__bluetooth__controller.a(hci_driver.c.obj)
 .text.le_remote_feat_complete
                0x000000000001c2c4       0x70 zephyr/subsys/bluetooth/controller/libsubsys__bluetooth__controller.a(hci.c.obj)
 .text.hci_vendor_cmd_handle_common
                0x000000000001c334      0x180 zephyr/subsys/bluetooth/controller/libsubsys__bluetooth__controller.a(hci.c.obj)
                0x000000000001c334                hci_vendor_cmd_handle_common
 .text.hci_cmd_handle
                0x000000000001c4b4      0x9c8 zephyr/subsys/bluetooth/controller/libsubsys__bluetooth__controller.a(hci.c.obj)
                0x000000000001c4b4                hci_cmd_handle
 .text.hci_acl_handle
                0x000000000001ce7c      0x13c zephyr/subsys/bluetooth/controller/libsubsys__bluetooth__controller.a(hci.c.obj)
                0x000000000001ce7c                hci_acl_handle
 .text.hci_disconn_complete_encode
                0x000000000001cfb8       0x40 zephyr/subsys/bluetooth/controller/libsubsys__bluetooth__controller.a(hci.c.obj)
                0x000000000001cfb8                hci_disconn_complete_encode
 .text.hci_disconn_complete_process
                0x000000000001cff8       0x10 zephyr/subsys/bluetooth/controller/libsubsys__bluetooth__controller.a(hci.c.obj)
                0x000000000001cff8                hci_disconn_complete_process
 .text.hci_acl_encode
                0x000000000001d008       0x74 zephyr/subsys/bluetooth/controller/libsubsys__bluetooth__controller.a(hci.c.obj)
                0x000000000001d008                hci_acl_encode
 .text.hci_evt_encode
                0x000000000001d07c      0x5d4 zephyr/subsys/bluetooth/controller/libsubsys__bluetooth__controller.a(hci.c.obj)
                0x000000000001d07c                hci_evt_encode
 .text.hci_num_cmplt_encode
                0x000000000001d650       0x30 zephyr/subsys/bluetooth/controller/libsubsys__bluetooth__controller.a(hci.c.obj)
                0x000000000001d650                hci_num_cmplt_encode
 .text.hci_get_class
                0x000000000001d680       0x2c zephyr/subsys/bluetooth/controller/libsubsys__bluetooth__controller.a(hci.c.obj)
                0x000000000001d680                hci_get_class
 .text.hci_init
                0x000000000001d6ac       0x40 zephyr/subsys/bluetooth/controller/libsubsys__bluetooth__controller.a(hci.c.obj)
                0x000000000001d6ac                hci_init
 .text.bt_rand  0x000000000001d6ec        0x4 zephyr/subsys/bluetooth/controller/libsubsys__bluetooth__controller.a(crypto.c.obj)
                0x000000000001d6ec                bt_rand
 .text.bt_encrypt_le
                0x000000000001d6f0        0xc zephyr/subsys/bluetooth/controller/libsubsys__bluetooth__controller.a(crypto.c.obj)
                0x000000000001d6f0                bt_encrypt_le
 .text.ll_feat_get
                0x000000000001d6fc        0xc zephyr/subsys/bluetooth/controller/libsubsys__bluetooth__controller.a(ll_feat.c.obj)
                0x000000000001d6fc                ll_feat_get
 .text.perform_lll_reset
                0x000000000001d708       0x94 zephyr/subsys/bluetooth/controller/libsubsys__bluetooth__controller.a(ull.c.obj)
 .text.ull_ticker_status_give
                0x000000000001d79c        0xc zephyr/subsys/bluetooth/controller/libsubsys__bluetooth__controller.a(ull.c.obj)
                0x000000000001d79c                ull_ticker_status_give
 .text.disabled_cb
                0x000000000001d7a8        0x4 zephyr/subsys/bluetooth/controller/libsubsys__bluetooth__controller.a(ull.c.obj)
 .text.tx_cmplt_get
                0x000000000001d7ac       0xcc zephyr/subsys/bluetooth/controller/libsubsys__bluetooth__controller.a(ull.c.obj)
 .text.ull_done
                0x000000000001d878      0x114 zephyr/subsys/bluetooth/controller/libsubsys__bluetooth__controller.a(ull.c.obj)
 .text.rx_alloc
                0x000000000001d98c       0xf8 zephyr/subsys/bluetooth/controller/libsubsys__bluetooth__controller.a(ull.c.obj)
 .text.init_reset
                0x000000000001da84      0x14c zephyr/subsys/bluetooth/controller/libsubsys__bluetooth__controller.a(ull.c.obj)
 .text.rx_demux
                0x000000000001dbd0      0x1d4 zephyr/subsys/bluetooth/controller/libsubsys__bluetooth__controller.a(ull.c.obj)
 .text.ll_init  0x000000000001dda4       0xdc zephyr/subsys/bluetooth/controller/libsubsys__bluetooth__controller.a(ull.c.obj)
                0x000000000001dda4                ll_init
 .text.ll_reset
                0x000000000001de80      0x12c zephyr/subsys/bluetooth/controller/libsubsys__bluetooth__controller.a(ull.c.obj)
                0x000000000001de80                ll_reset
 .text.ll_rx_get
                0x000000000001dfac      0x1cc zephyr/subsys/bluetooth/controller/libsubsys__bluetooth__controller.a(ull.c.obj)
                0x000000000001dfac                ll_rx_get
 .text.ll_rx_dequeue
                0x000000000001e178      0x1a0 zephyr/subsys/bluetooth/controller/libsubsys__bluetooth__controller.a(ull.c.obj)
                0x000000000001e178                ll_rx_dequeue
 .text.ll_rx_mem_release
                0x000000000001e318      0x184 zephyr/subsys/bluetooth/controller/libsubsys__bluetooth__controller.a(ull.c.obj)
                0x000000000001e318                ll_rx_mem_release
 .text.ll_rx_link_alloc
                0x000000000001e49c        0xc zephyr/subsys/bluetooth/controller/libsubsys__bluetooth__controller.a(ull.c.obj)
                0x000000000001e49c                ll_rx_link_alloc
 .text.ll_rx_link_release
                0x000000000001e4a8        0xc zephyr/subsys/bluetooth/controller/libsubsys__bluetooth__controller.a(ull.c.obj)
                0x000000000001e4a8                ll_rx_link_release
 .text.ll_rx_alloc
                0x000000000001e4b4        0xc zephyr/subsys/bluetooth/controller/libsubsys__bluetooth__controller.a(ull.c.obj)
                0x000000000001e4b4                ll_rx_alloc
 .text.ll_rx_release
                0x000000000001e4c0        0xc zephyr/subsys/bluetooth/controller/libsubsys__bluetooth__controller.a(ull.c.obj)
                0x000000000001e4c0                ll_rx_release
 .text.ll_rx_put
                0x000000000001e4cc       0x14 zephyr/subsys/bluetooth/controller/libsubsys__bluetooth__controller.a(ull.c.obj)
                0x000000000001e4cc                ll_rx_put
 .text.ll_rx_sched
                0x000000000001e4e0        0xc zephyr/subsys/bluetooth/controller/libsubsys__bluetooth__controller.a(ull.c.obj)
                0x000000000001e4e0                ll_rx_sched
 .text.ll_pdu_rx_alloc_peek
                0x000000000001e4ec       0x3c zephyr/subsys/bluetooth/controller/libsubsys__bluetooth__controller.a(ull.c.obj)
                0x000000000001e4ec                ll_pdu_rx_alloc_peek
 .text.ll_pdu_rx_alloc
                0x000000000001e528       0x2c zephyr/subsys/bluetooth/controller/libsubsys__bluetooth__controller.a(ull.c.obj)
                0x000000000001e528                ll_pdu_rx_alloc
 .text.ll_tx_ack_put
                0x000000000001e554       0x68 zephyr/subsys/bluetooth/controller/libsubsys__bluetooth__controller.a(ull.c.obj)
                0x000000000001e554                ll_tx_ack_put
 .text.ull_ticker_status_take
                0x000000000001e5bc       0x50 zephyr/subsys/bluetooth/controller/libsubsys__bluetooth__controller.a(ull.c.obj)
                0x000000000001e5bc                ull_ticker_status_take
 .text.ull_disable_mark
                0x000000000001e60c       0x14 zephyr/subsys/bluetooth/controller/libsubsys__bluetooth__controller.a(ull.c.obj)
                0x000000000001e60c                ull_disable_mark
 .text.ull_disable_unmark
                0x000000000001e620       0x18 zephyr/subsys/bluetooth/controller/libsubsys__bluetooth__controller.a(ull.c.obj)
                0x000000000001e620                ull_disable_unmark
 .text.ull_disable_mark_get
                0x000000000001e638        0xc zephyr/subsys/bluetooth/controller/libsubsys__bluetooth__controller.a(ull.c.obj)
                0x000000000001e638                ull_disable_mark_get
 .text.ull_update_mark
                0x000000000001e644       0x14 zephyr/subsys/bluetooth/controller/libsubsys__bluetooth__controller.a(ull.c.obj)
                0x000000000001e644                ull_update_mark
 .text.ull_update_unmark
                0x000000000001e658       0x18 zephyr/subsys/bluetooth/controller/libsubsys__bluetooth__controller.a(ull.c.obj)
                0x000000000001e658                ull_update_unmark
 .text.ull_update_mark_get
                0x000000000001e670        0xc zephyr/subsys/bluetooth/controller/libsubsys__bluetooth__controller.a(ull.c.obj)
                0x000000000001e670                ull_update_mark_get
 .text.ull_disable
                0x000000000001e67c       0x80 zephyr/subsys/bluetooth/controller/libsubsys__bluetooth__controller.a(ull.c.obj)
                0x000000000001e67c                ull_disable
 .text.ull_ticker_stop_with_mark
                0x000000000001e6fc       0x80 zephyr/subsys/bluetooth/controller/libsubsys__bluetooth__controller.a(ull.c.obj)
                0x000000000001e6fc                ull_ticker_stop_with_mark
 .text.ull_pdu_rx_alloc_peek
                0x000000000001e77c       0x3c zephyr/subsys/bluetooth/controller/libsubsys__bluetooth__controller.a(ull.c.obj)
                0x000000000001e77c                ull_pdu_rx_alloc_peek
 .text.ull_pdu_rx_alloc
                0x000000000001e7b8       0x2c zephyr/subsys/bluetooth/controller/libsubsys__bluetooth__controller.a(ull.c.obj)
                0x000000000001e7b8                ull_pdu_rx_alloc
 .text.ull_rx_put
                0x000000000001e7e4       0x20 zephyr/subsys/bluetooth/controller/libsubsys__bluetooth__controller.a(ull.c.obj)
                0x000000000001e7e4                ull_rx_put
 .text.ull_rx_sched
                0x000000000001e804       0x10 zephyr/subsys/bluetooth/controller/libsubsys__bluetooth__controller.a(ull.c.obj)
                0x000000000001e804                ull_rx_sched
 .text.ull_prepare_enqueue
                0x000000000001e814       0x64 zephyr/subsys/bluetooth/controller/libsubsys__bluetooth__controller.a(ull.c.obj)
                0x000000000001e814                ull_prepare_enqueue
 .text.ull_prepare_dequeue_get
                0x000000000001e878       0x1c zephyr/subsys/bluetooth/controller/libsubsys__bluetooth__controller.a(ull.c.obj)
                0x000000000001e878                ull_prepare_dequeue_get
 .text.ull_prepare_dequeue_iter
                0x000000000001e894       0x40 zephyr/subsys/bluetooth/controller/libsubsys__bluetooth__controller.a(ull.c.obj)
                0x000000000001e894                ull_prepare_dequeue_iter
 .text.ull_prepare_dequeue
                0x000000000001e8d4       0xb8 zephyr/subsys/bluetooth/controller/libsubsys__bluetooth__controller.a(ull.c.obj)
                0x000000000001e8d4                ull_prepare_dequeue
 .text.ull_event_done_extra_get
                0x000000000001e98c       0x20 zephyr/subsys/bluetooth/controller/libsubsys__bluetooth__controller.a(ull.c.obj)
                0x000000000001e98c                ull_event_done_extra_get
 .text.ull_event_done
                0x000000000001e9ac       0x5c zephyr/subsys/bluetooth/controller/libsubsys__bluetooth__controller.a(ull.c.obj)
                0x000000000001e9ac                ull_event_done
 .text.lll_prepare
                0x000000000001ea08       0x14 zephyr/subsys/bluetooth/controller/libsubsys__bluetooth__controller.a(lll_common.c.obj)
                0x000000000001ea08                lll_prepare
 .text.lll_resume
                0x000000000001ea1c       0x4c zephyr/subsys/bluetooth/controller/libsubsys__bluetooth__controller.a(lll_common.c.obj)
                0x000000000001ea1c                lll_resume
 .text.ticker_stop_cb
                0x000000000001ea68       0x88 zephyr/subsys/bluetooth/controller/libsubsys__bluetooth__controller.a(ull_adv.c.obj)
 .text.disabled_cb
                0x000000000001eaf0       0x94 zephyr/subsys/bluetooth/controller/libsubsys__bluetooth__controller.a(ull_adv.c.obj)
 .text.ticker_cb
                0x000000000001eb84      0x130 zephyr/subsys/bluetooth/controller/libsubsys__bluetooth__controller.a(ull_adv.c.obj)
 .text.ticker_op_stop_cb
                0x000000000001ecb4       0xbc zephyr/subsys/bluetooth/controller/libsubsys__bluetooth__controller.a(ull_adv.c.obj)
 .text.ticker_op_update_cb
                0x000000000001ed70       0x38 zephyr/subsys/bluetooth/controller/libsubsys__bluetooth__controller.a(ull_adv.c.obj)
 .text.init_set.constprop.0
                0x000000000001eda8       0x54 zephyr/subsys/bluetooth/controller/libsubsys__bluetooth__controller.a(ull_adv.c.obj)
 .text.conn_release.constprop.0
                0x000000000001edfc       0x84 zephyr/subsys/bluetooth/controller/libsubsys__bluetooth__controller.a(ull_adv.c.obj)
 .text.disable.part.0
                0x000000000001ee80      0x148 zephyr/subsys/bluetooth/controller/libsubsys__bluetooth__controller.a(ull_adv.c.obj)
 .text.ll_adv_params_set
                0x000000000001efc8      0x144 zephyr/subsys/bluetooth/controller/libsubsys__bluetooth__controller.a(ull_adv.c.obj)
                0x000000000001efc8                ll_adv_params_set
 .text.ll_adv_data_set
                0x000000000001f10c       0x8c zephyr/subsys/bluetooth/controller/libsubsys__bluetooth__controller.a(ull_adv.c.obj)
                0x000000000001f10c                ll_adv_data_set
 .text.ull_adv_init
                0x000000000001f198       0x20 zephyr/subsys/bluetooth/controller/libsubsys__bluetooth__controller.a(ull_adv.c.obj)
                0x000000000001f198                ull_adv_init
 .text.ull_adv_reset
                0x000000000001f1b8       0x34 zephyr/subsys/bluetooth/controller/libsubsys__bluetooth__controller.a(ull_adv.c.obj)
                0x000000000001f1b8                ull_adv_reset
 .text.ull_adv_reset_finalize
                0x000000000001f1ec       0x30 zephyr/subsys/bluetooth/controller/libsubsys__bluetooth__controller.a(ull_adv.c.obj)
                0x000000000001f1ec                ull_adv_reset_finalize
 .text.ull_adv_handle_get
                0x000000000001f21c       0x1c zephyr/subsys/bluetooth/controller/libsubsys__bluetooth__controller.a(ull_adv.c.obj)
                0x000000000001f21c                ull_adv_handle_get
 .text.ull_adv_lll_handle_get
                0x000000000001f238       0x1c zephyr/subsys/bluetooth/controller/libsubsys__bluetooth__controller.a(ull_adv.c.obj)
                0x000000000001f238                ull_adv_lll_handle_get
 .text.ull_adv_is_enabled_get
                0x000000000001f254       0x1c zephyr/subsys/bluetooth/controller/libsubsys__bluetooth__controller.a(ull_adv.c.obj)
                0x000000000001f254                ull_adv_is_enabled_get
 .text.ull_adv_is_enabled
                0x000000000001f270       0x18 zephyr/subsys/bluetooth/controller/libsubsys__bluetooth__controller.a(ull_adv.c.obj)
                0x000000000001f270                ull_adv_is_enabled
 .text.ull_adv_filter_pol_get
                0x000000000001f288       0x20 zephyr/subsys/bluetooth/controller/libsubsys__bluetooth__controller.a(ull_adv.c.obj)
                0x000000000001f288                ull_adv_filter_pol_get
 .text.ull_scan_rsp_set
                0x000000000001f2a8       0x58 zephyr/subsys/bluetooth/controller/libsubsys__bluetooth__controller.a(ull_adv.c.obj)
                0x000000000001f2a8                ull_scan_rsp_set
 .text.ll_adv_scan_rsp_set
                0x000000000001f300       0x10 zephyr/subsys/bluetooth/controller/libsubsys__bluetooth__controller.a(ull_adv.c.obj)
                0x000000000001f300                ll_adv_scan_rsp_set
 .text.ull_adv_pdu_update_addrs
                0x000000000001f310       0x60 zephyr/subsys/bluetooth/controller/libsubsys__bluetooth__controller.a(ull_adv.c.obj)
                0x000000000001f310                ull_adv_pdu_update_addrs
 .text.init_reset
                0x000000000001f370       0x7c zephyr/subsys/bluetooth/controller/libsubsys__bluetooth__controller.a(ull_conn.c.obj)
 .text.ctrl_tx_pause_enqueue
                0x000000000001f3ec       0xe8 zephyr/subsys/bluetooth/controller/libsubsys__bluetooth__controller.a(ull_conn.c.obj)
 .text.ticker_op_stop_cb
                0x000000000001f4d4       0xdc zephyr/subsys/bluetooth/controller/libsubsys__bluetooth__controller.a(ull_conn.c.obj)
 .text.tx_lll_flush
                0x000000000001f5b0       0xf4 zephyr/subsys/bluetooth/controller/libsubsys__bluetooth__controller.a(ull_conn.c.obj)
 .text.ctrl_tx_sec_enqueue
                0x000000000001f6a4       0x84 zephyr/subsys/bluetooth/controller/libsubsys__bluetooth__controller.a(ull_conn.c.obj)
 .text.disabled_cb
                0x000000000001f728       0x40 zephyr/subsys/bluetooth/controller/libsubsys__bluetooth__controller.a(ull_conn.c.obj)
 .text.conn_setup_adv_scan_disabled_cb
                0x000000000001f768       0x40 zephyr/subsys/bluetooth/controller/libsubsys__bluetooth__controller.a(ull_conn.c.obj)
 .text.ticker_start_conn_op_cb
                0x000000000001f7a8       0x58 zephyr/subsys/bluetooth/controller/libsubsys__bluetooth__controller.a(ull_conn.c.obj)
 .text.ticker_stop_conn_op_cb
                0x000000000001f800       0x58 zephyr/subsys/bluetooth/controller/libsubsys__bluetooth__controller.a(ull_conn.c.obj)
 .text.ticker_update_conn_op_cb
                0x000000000001f858       0x40 zephyr/subsys/bluetooth/controller/libsubsys__bluetooth__controller.a(ull_conn.c.obj)
 .text.tx_ull_dequeue
                0x000000000001f898       0x7c zephyr/subsys/bluetooth/controller/libsubsys__bluetooth__controller.a(ull_conn.c.obj)
 .text.reject_ext_ind_send
                0x000000000001f914       0xd4 zephyr/subsys/bluetooth/controller/libsubsys__bluetooth__controller.a(ull_conn.c.obj)
 .text.event_len_prep
                0x000000000001f9e8      0x1f0 zephyr/subsys/bluetooth/controller/libsubsys__bluetooth__controller.a(ull_conn.c.obj)
 .text.event_phy_upd_ind_prep
                0x000000000001fbd8      0x378 zephyr/subsys/bluetooth/controller/libsubsys__bluetooth__controller.a(ull_conn.c.obj)
 .text.ll_conn_acquire
                0x000000000001ff50        0xc zephyr/subsys/bluetooth/controller/libsubsys__bluetooth__controller.a(ull_conn.c.obj)
                0x000000000001ff50                ll_conn_acquire
 .text.ll_conn_release
                0x000000000001ff5c        0xc zephyr/subsys/bluetooth/controller/libsubsys__bluetooth__controller.a(ull_conn.c.obj)
                0x000000000001ff5c                ll_conn_release
 .text.ll_conn_handle_get
                0x000000000001ff68       0x10 zephyr/subsys/bluetooth/controller/libsubsys__bluetooth__controller.a(ull_conn.c.obj)
                0x000000000001ff68                ll_conn_handle_get
 .text.ll_conn_get
                0x000000000001ff78       0x10 zephyr/subsys/bluetooth/controller/libsubsys__bluetooth__controller.a(ull_conn.c.obj)
                0x000000000001ff78                ll_conn_get
 .text.ll_connected_get
                0x000000000001ff88       0x24 zephyr/subsys/bluetooth/controller/libsubsys__bluetooth__controller.a(ull_conn.c.obj)
                0x000000000001ff88                ll_connected_get
 .text.ll_tx_mem_acquire
                0x000000000001ffac        0xc zephyr/subsys/bluetooth/controller/libsubsys__bluetooth__controller.a(ull_conn.c.obj)
                0x000000000001ffac                ll_tx_mem_acquire
 .text.ll_tx_mem_release
                0x000000000001ffb8        0xc zephyr/subsys/bluetooth/controller/libsubsys__bluetooth__controller.a(ull_conn.c.obj)
                0x000000000001ffb8                ll_tx_mem_release
 .text.ll_tx_mem_enqueue
                0x000000000001ffc4       0x98 zephyr/subsys/bluetooth/controller/libsubsys__bluetooth__controller.a(ull_conn.c.obj)
                0x000000000001ffc4                ll_tx_mem_enqueue
 .text.ll_conn_update
                0x000000000002005c      0x128 zephyr/subsys/bluetooth/controller/libsubsys__bluetooth__controller.a(ull_conn.c.obj)
                0x000000000002005c                ll_conn_update
 .text.ll_chm_get
                0x0000000000020184       0x40 zephyr/subsys/bluetooth/controller/libsubsys__bluetooth__controller.a(ull_conn.c.obj)
                0x0000000000020184                ll_chm_get
 .text.ll_terminate_ind_send
                0x00000000000201c4       0x94 zephyr/subsys/bluetooth/controller/libsubsys__bluetooth__controller.a(ull_conn.c.obj)
                0x00000000000201c4                ll_terminate_ind_send
 .text.ll_feature_req_send
                0x0000000000020258       0x4c zephyr/subsys/bluetooth/controller/libsubsys__bluetooth__controller.a(ull_conn.c.obj)
                0x0000000000020258                ll_feature_req_send
 .text.ll_version_ind_send
                0x00000000000202a4       0x4c zephyr/subsys/bluetooth/controller/libsubsys__bluetooth__controller.a(ull_conn.c.obj)
                0x00000000000202a4                ll_version_ind_send
 .text.ll_length_req_send
                0x00000000000202f0       0xa8 zephyr/subsys/bluetooth/controller/libsubsys__bluetooth__controller.a(ull_conn.c.obj)
                0x00000000000202f0                ll_length_req_send
 .text.ll_length_default_get
                0x0000000000020398       0x18 zephyr/subsys/bluetooth/controller/libsubsys__bluetooth__controller.a(ull_conn.c.obj)
                0x0000000000020398                ll_length_default_get
 .text.ll_length_default_set
                0x00000000000203b0       0x14 zephyr/subsys/bluetooth/controller/libsubsys__bluetooth__controller.a(ull_conn.c.obj)
                0x00000000000203b0                ll_length_default_set
 .text.ll_length_max_get
                0x00000000000203c4       0x18 zephyr/subsys/bluetooth/controller/libsubsys__bluetooth__controller.a(ull_conn.c.obj)
                0x00000000000203c4                ll_length_max_get
 .text.ll_phy_get
                0x00000000000203dc       0x3c zephyr/subsys/bluetooth/controller/libsubsys__bluetooth__controller.a(ull_conn.c.obj)
                0x00000000000203dc                ll_phy_get
 .text.ll_phy_default_set
                0x0000000000020418       0x14 zephyr/subsys/bluetooth/controller/libsubsys__bluetooth__controller.a(ull_conn.c.obj)
                0x0000000000020418                ll_phy_default_set
 .text.ll_phy_req_send
                0x000000000002042c       0xa4 zephyr/subsys/bluetooth/controller/libsubsys__bluetooth__controller.a(ull_conn.c.obj)
                0x000000000002042c                ll_phy_req_send
 .text.ll_apto_get
                0x00000000000204d0       0x48 zephyr/subsys/bluetooth/controller/libsubsys__bluetooth__controller.a(ull_conn.c.obj)
                0x00000000000204d0                ll_apto_get
 .text.ll_apto_set
                0x0000000000020518       0x44 zephyr/subsys/bluetooth/controller/libsubsys__bluetooth__controller.a(ull_conn.c.obj)
                0x0000000000020518                ll_apto_set
 .text.ull_conn_init
                0x000000000002055c        0x4 zephyr/subsys/bluetooth/controller/libsubsys__bluetooth__controller.a(ull_conn.c.obj)
                0x000000000002055c                ull_conn_init
 .text.ull_conn_reset
                0x0000000000020560       0x74 zephyr/subsys/bluetooth/controller/libsubsys__bluetooth__controller.a(ull_conn.c.obj)
                0x0000000000020560                ull_conn_reset
 .text.ull_conn_default_tx_octets_get
                0x00000000000205d4        0xc zephyr/subsys/bluetooth/controller/libsubsys__bluetooth__controller.a(ull_conn.c.obj)
                0x00000000000205d4                ull_conn_default_tx_octets_get
 .text.ull_conn_default_tx_time_get
                0x00000000000205e0        0xc zephyr/subsys/bluetooth/controller/libsubsys__bluetooth__controller.a(ull_conn.c.obj)
                0x00000000000205e0                ull_conn_default_tx_time_get
 .text.ull_conn_default_phy_tx_get
                0x00000000000205ec        0xc zephyr/subsys/bluetooth/controller/libsubsys__bluetooth__controller.a(ull_conn.c.obj)
                0x00000000000205ec                ull_conn_default_phy_tx_get
 .text.ull_conn_default_phy_rx_get
                0x00000000000205f8        0xc zephyr/subsys/bluetooth/controller/libsubsys__bluetooth__controller.a(ull_conn.c.obj)
                0x00000000000205f8                ull_conn_default_phy_rx_get
 .text.ull_conn_setup
                0x0000000000020604       0xb8 zephyr/subsys/bluetooth/controller/libsubsys__bluetooth__controller.a(ull_conn.c.obj)
                0x0000000000020604                ull_conn_setup
 .text.ull_conn_rx
                0x00000000000206bc     0x1758 zephyr/subsys/bluetooth/controller/libsubsys__bluetooth__controller.a(ull_conn.c.obj)
                0x00000000000206bc                ull_conn_rx
 .text.ull_conn_llcp
                0x0000000000021e14     0x164c zephyr/subsys/bluetooth/controller/libsubsys__bluetooth__controller.a(ull_conn.c.obj)
                0x0000000000021e14                ull_conn_llcp
 .text.ull_conn_tx_demux
                0x0000000000023460       0xa0 zephyr/subsys/bluetooth/controller/libsubsys__bluetooth__controller.a(ull_conn.c.obj)
                0x0000000000023460                ull_conn_tx_demux
 .text.conn_cleanup
                0x0000000000023500      0x104 zephyr/subsys/bluetooth/controller/libsubsys__bluetooth__controller.a(ull_conn.c.obj)
 .text.ull_conn_done
                0x0000000000023604      0x30c zephyr/subsys/bluetooth/controller/libsubsys__bluetooth__controller.a(ull_conn.c.obj)
                0x0000000000023604                ull_conn_done
 .text.ull_conn_tx_lll_enqueue
                0x0000000000023910      0x198 zephyr/subsys/bluetooth/controller/libsubsys__bluetooth__controller.a(ull_conn.c.obj)
                0x0000000000023910                ull_conn_tx_lll_enqueue
 .text.tx_demux
                0x0000000000023aa8       0x18 zephyr/subsys/bluetooth/controller/libsubsys__bluetooth__controller.a(ull_conn.c.obj)
 .text.ull_conn_link_tx_release
                0x0000000000023ac0        0xc zephyr/subsys/bluetooth/controller/libsubsys__bluetooth__controller.a(ull_conn.c.obj)
                0x0000000000023ac0                ull_conn_link_tx_release
 .text.ull_conn_ack_last_idx_get
                0x0000000000023acc        0xc zephyr/subsys/bluetooth/controller/libsubsys__bluetooth__controller.a(ull_conn.c.obj)
                0x0000000000023acc                ull_conn_ack_last_idx_get
 .text.ull_conn_ack_peek
                0x0000000000023ad8       0x38 zephyr/subsys/bluetooth/controller/libsubsys__bluetooth__controller.a(ull_conn.c.obj)
                0x0000000000023ad8                ull_conn_ack_peek
 .text.ull_conn_ack_by_last_peek
                0x0000000000023b10       0x38 zephyr/subsys/bluetooth/controller/libsubsys__bluetooth__controller.a(ull_conn.c.obj)
                0x0000000000023b10                ull_conn_ack_by_last_peek
 .text.ull_conn_ack_dequeue
                0x0000000000023b48       0x2c zephyr/subsys/bluetooth/controller/libsubsys__bluetooth__controller.a(ull_conn.c.obj)
                0x0000000000023b48                ull_conn_ack_dequeue
 .text.ull_conn_lll_ack_enqueue
                0x0000000000023b74       0x68 zephyr/subsys/bluetooth/controller/libsubsys__bluetooth__controller.a(ull_conn.c.obj)
                0x0000000000023b74                ull_conn_lll_ack_enqueue
 .text.ull_conn_tx_ack
                0x0000000000023bdc      0x270 zephyr/subsys/bluetooth/controller/libsubsys__bluetooth__controller.a(ull_conn.c.obj)
                0x0000000000023bdc                ull_conn_tx_ack
 .text.ull_conn_lll_max_tx_octets_get
                0x0000000000023e4c       0x30 zephyr/subsys/bluetooth/controller/libsubsys__bluetooth__controller.a(ull_conn.c.obj)
                0x0000000000023e4c                ull_conn_lll_max_tx_octets_get
 .text.ticker_update_latency_cancel_op_cb
                0x0000000000023e7c       0x48 zephyr/subsys/bluetooth/controller/libsubsys__bluetooth__controller.a(ull_slave.c.obj)
 .text.ticker_op_cb
                0x0000000000023ec4       0x30 zephyr/subsys/bluetooth/controller/libsubsys__bluetooth__controller.a(ull_slave.c.obj)
 .text.ticker_op_stop_adv_cb
                0x0000000000023ef4       0x3c zephyr/subsys/bluetooth/controller/libsubsys__bluetooth__controller.a(ull_slave.c.obj)
 .text.ull_slave_ticker_cb
                0x0000000000023f30       0xb4 zephyr/subsys/bluetooth/controller/libsubsys__bluetooth__controller.a(ull_slave.c.obj)
                0x0000000000023f30                ull_slave_ticker_cb
 .text.ull_slave_latency_cancel
                0x0000000000023fe4       0x70 zephyr/subsys/bluetooth/controller/libsubsys__bluetooth__controller.a(ull_slave.c.obj)
                0x0000000000023fe4                ull_slave_latency_cancel
 .text.ll_start_enc_req_send
                0x0000000000024054       0x94 zephyr/subsys/bluetooth/controller/libsubsys__bluetooth__controller.a(ull_slave.c.obj)
                0x0000000000024054                ll_start_enc_req_send
 .text.lll_chan_sel_1
                0x00000000000240e8       0x80 zephyr/subsys/bluetooth/controller/libsubsys__bluetooth__controller.a(lll_chan.c.obj)
                0x00000000000240e8                lll_chan_sel_1
 .text.lll_chan_id
                0x0000000000024168        0x8 zephyr/subsys/bluetooth/controller/libsubsys__bluetooth__controller.a(lll_chan.c.obj)
                0x0000000000024168                lll_chan_id
 .text.lll_chan_sel_2
                0x0000000000024170       0xcc zephyr/subsys/bluetooth/controller/libsubsys__bluetooth__controller.a(lll_chan.c.obj)
                0x0000000000024170                lll_chan_sel_2
 .text.rl_update
                0x000000000002423c       0x70 zephyr/subsys/bluetooth/controller/libsubsys__bluetooth__controller.a(ull_filter.c.obj)
 .text.wl_update
                0x00000000000242ac       0x98 zephyr/subsys/bluetooth/controller/libsubsys__bluetooth__controller.a(ull_filter.c.obj)
 .text.ll_wl_size_get
                0x0000000000024344        0x4 zephyr/subsys/bluetooth/controller/libsubsys__bluetooth__controller.a(ull_filter.c.obj)
                0x0000000000024344                ll_wl_size_get
 .text.ll_wl_clear
                0x0000000000024348       0x54 zephyr/subsys/bluetooth/controller/libsubsys__bluetooth__controller.a(ull_filter.c.obj)
                0x0000000000024348                ll_wl_clear
 .text.ll_wl_add
                0x000000000002439c      0x140 zephyr/subsys/bluetooth/controller/libsubsys__bluetooth__controller.a(ull_filter.c.obj)
                0x000000000002439c                ll_wl_add
 .text.ll_wl_remove
                0x00000000000244dc       0x9c zephyr/subsys/bluetooth/controller/libsubsys__bluetooth__controller.a(ull_filter.c.obj)
                0x00000000000244dc                ll_wl_remove
 .text.ll_rl_id_addr_get
                0x0000000000024578       0x88 zephyr/subsys/bluetooth/controller/libsubsys__bluetooth__controller.a(ull_filter.c.obj)
                0x0000000000024578                ll_rl_id_addr_get
 .text.ll_rl_size_get
                0x0000000000024600        0x4 zephyr/subsys/bluetooth/controller/libsubsys__bluetooth__controller.a(ull_filter.c.obj)
                0x0000000000024600                ll_rl_size_get
 .text.ll_rl_clear
                0x0000000000024604       0x7c zephyr/subsys/bluetooth/controller/libsubsys__bluetooth__controller.a(ull_filter.c.obj)
                0x0000000000024604                ll_rl_clear
 .text.ll_rl_remove
                0x0000000000024680      0x164 zephyr/subsys/bluetooth/controller/libsubsys__bluetooth__controller.a(ull_filter.c.obj)
                0x0000000000024680                ll_rl_remove
 .text.ll_rl_crpa_set